******************************************************************************
                  MSP430 Linker PC v18.1.1                     
******************************************************************************
>> Linked Mon Aug  6 23:00:17 2018

OUTPUT FILE NAME:   <2018_08_06_newProject_RTOS_MPU6050.out>
ENTRY POINT SYMBOL: "_c_int00"  address: 00004400


MEMORY CONFIGURATION

         name            origin    length      used     unused   attr    fill
----------------------  --------  ---------  --------  --------  ----  --------
  SFR                   00000000   00000010  00000000  00000010  RWIX
  PERIPHERALS_8BIT      00000010   000000f0  00000000  000000f0  RWIX
  PERIPHERALS_16BIT     00000100   00000100  00000000  00000100  RWIX
  INFOD                 00001800   00000080  00000000  00000080  RWIX
  INFOC                 00001880   00000080  00000000  00000080  RWIX
  INFOB                 00001900   00000080  00000000  00000080  RWIX
  INFOA                 00001980   00000080  00000000  00000080  RWIX
  USBRAM                00001c00   00000800  00000000  00000800  RWIX
  RAM                   00002400   00002000  00000de1  0000121f  RWIX
  FLASH                 00004400   0000bb80  00000729  0000b457  RWIX
  INT00                 0000ff80   00000002  00000000  00000002  RWIX
  INT01                 0000ff82   00000002  00000000  00000002  RWIX
  INT02                 0000ff84   00000002  00000000  00000002  RWIX
  INT03                 0000ff86   00000002  00000000  00000002  RWIX
  INT04                 0000ff88   00000002  00000000  00000002  RWIX
  INT05                 0000ff8a   00000002  00000000  00000002  RWIX
  INT06                 0000ff8c   00000002  00000000  00000002  RWIX
  INT07                 0000ff8e   00000002  00000000  00000002  RWIX
  INT08                 0000ff90   00000002  00000000  00000002  RWIX
  INT09                 0000ff92   00000002  00000000  00000002  RWIX
  INT10                 0000ff94   00000002  00000000  00000002  RWIX
  INT11                 0000ff96   00000002  00000000  00000002  RWIX
  INT12                 0000ff98   00000002  00000000  00000002  RWIX
  INT13                 0000ff9a   00000002  00000000  00000002  RWIX
  INT14                 0000ff9c   00000002  00000000  00000002  RWIX
  INT15                 0000ff9e   00000002  00000000  00000002  RWIX
  INT16                 0000ffa0   00000002  00000000  00000002  RWIX
  INT17                 0000ffa2   00000002  00000000  00000002  RWIX
  INT18                 0000ffa4   00000002  00000000  00000002  RWIX
  INT19                 0000ffa6   00000002  00000000  00000002  RWIX
  INT20                 0000ffa8   00000002  00000000  00000002  RWIX
  INT21                 0000ffaa   00000002  00000000  00000002  RWIX
  INT22                 0000ffac   00000002  00000000  00000002  RWIX
  INT23                 0000ffae   00000002  00000000  00000002  RWIX
  INT24                 0000ffb0   00000002  00000000  00000002  RWIX
  INT25                 0000ffb2   00000002  00000000  00000002  RWIX
  INT26                 0000ffb4   00000002  00000000  00000002  RWIX
  INT27                 0000ffb6   00000002  00000000  00000002  RWIX
  INT28                 0000ffb8   00000002  00000000  00000002  RWIX
  INT29                 0000ffba   00000002  00000000  00000002  RWIX
  INT30                 0000ffbc   00000002  00000000  00000002  RWIX
  INT31                 0000ffbe   00000002  00000000  00000002  RWIX
  INT32                 0000ffc0   00000002  00000000  00000002  RWIX
  INT33                 0000ffc2   00000002  00000000  00000002  RWIX
  INT34                 0000ffc4   00000002  00000000  00000002  RWIX
  INT35                 0000ffc6   00000002  00000000  00000002  RWIX
  INT36                 0000ffc8   00000002  00000000  00000002  RWIX
  INT37                 0000ffca   00000002  00000000  00000002  RWIX
  INT38                 0000ffcc   00000002  00000000  00000002  RWIX
  INT39                 0000ffce   00000002  00000000  00000002  RWIX
  INT40                 0000ffd0   00000002  00000000  00000002  RWIX
  INT41                 0000ffd2   00000002  00000002  00000000  RWIX
  INT42                 0000ffd4   00000002  00000002  00000000  RWIX
  INT43                 0000ffd6   00000002  00000002  00000000  RWIX
  INT44                 0000ffd8   00000002  00000002  00000000  RWIX
  INT45                 0000ffda   00000002  00000002  00000000  RWIX
  INT46                 0000ffdc   00000002  00000002  00000000  RWIX
  INT47                 0000ffde   00000002  00000002  00000000  RWIX
  INT48                 0000ffe0   00000002  00000002  00000000  RWIX
  INT49                 0000ffe2   00000002  00000002  00000000  RWIX
  INT50                 0000ffe4   00000002  00000002  00000000  RWIX
  INT51                 0000ffe6   00000002  00000002  00000000  RWIX
  INT52                 0000ffe8   00000002  00000002  00000000  RWIX
  INT53                 0000ffea   00000002  00000002  00000000  RWIX
  INT54                 0000ffec   00000002  00000002  00000000  RWIX
  INT55                 0000ffee   00000002  00000002  00000000  RWIX
  INT56                 0000fff0   00000002  00000002  00000000  RWIX
  INT57                 0000fff2   00000002  00000002  00000000  RWIX
  INT58                 0000fff4   00000002  00000002  00000000  RWIX
  INT59                 0000fff6   00000002  00000002  00000000  RWIX
  INT60                 0000fff8   00000002  00000002  00000000  RWIX
  INT61                 0000fffa   00000002  00000002  00000000  RWIX
  INT62                 0000fffc   00000002  00000002  00000000  RWIX
  RESET                 0000fffe   00000002  00000002  00000000  RWIX
  FLASH2                00010000   00014400  0000426a  00010196  RWIX


SECTION ALLOCATION MAP

 output                                  attributes/
section   page    origin      length       input sections
--------  ----  ----------  ----------   ----------------
.bss       0    00002400    000007ac     UNINITIALIZED
                  00002400    00000280     (.common:task0Stack)
                  00002680    00000200     empty_min_pe430X.oe430X (.bss:taskStackSection)
                  00002880    00000200     (.common:ti_sysbios_heaps_HeapMem_Instance_State_0_buf__A)
                  00002a80    0000005a     (.common:i2cUSCIBObjects)
                  00002ada    00000042     (.common:task0Struct)
                  00002b1c    00000040     (.common:gpioCallbackInfo)
                  00002b5c    00000016     (.common:i2cTransaction)
                  00002b72    0000000e     (.common:rxBuffer)
                  00002b80    0000000c     (.common:i2cParams)
                  00002b8c    00000004     (.common:acc_x)
                  00002b90    00000004     (.common:acc_y)
                  00002b94    00000004     (.common:acc_z)
                  00002b98    00000004     (.common:gyro_x)
                  00002b9c    00000004     (.common:gyro_y)
                  00002ba0    00000004     (.common:gyro_z)
                  00002ba4    00000004     (.common:i2c)
                  00002ba8    00000002     ti.targets.msp430.rts430.ae430X : xdc_init.oe430X (.bss)
                  00002baa    00000002     (.common:txBuffer)

.data      0    00002bac    00000335     UNINITIALIZED
                  00002bac    00000080     empty_min_pe430X.oe430X (.data:ti_sysbios_knl_Swi_Module_State_0_readyQ__A)
                  00002c2c    00000080     empty_min_pe430X.oe430X (.data:ti_sysbios_knl_Task_Module_State_0_readyQ__A)
                  00002cac    0000003e     empty_min_pe430X.oe430X (.data:ti_sysbios_knl_Task_Object__table__V)
                  00002cea    0000003c     empty_min_pe430X.oe430X (.data:ti_sysbios_knl_Task_Module__state__V)
                  00002d26    00000036     empty_min_pe430X.oe430X (.data:ti_sysbios_family_msp430_Timer_Object__table__V)
                  00002d5c    00000034     empty_min_pe430X.oe430X (.data:ti_sysbios_gates_GateMutex_Object__table__V)
                  00002d90    00000026     empty_min_pe430X.oe430X (.data:ti_sysbios_knl_Clock_Module__state__V)
                  00002db6    00000026     empty_min_pe430X.oe430X (.data:ti_sysbios_knl_Swi_Object__table__V)
                  00002ddc    00000020     empty_min_pe430X.oe430X (.data:ti_sysbios_BIOS_Module__state__V)
                  00002dfc    00000018     empty_min_pe430X.oe430X (.data:ti_sysbios_family_msp430_Timer_Module_State_0_device__A)
                  00002e14    00000016     empty_min_pe430X.oe430X (.data:ti_sysbios_heaps_HeapMem_Object__table__V)
                  00002e2a    00000016     empty_min_pe430X.oe430X (.data:ti_sysbios_knl_Swi_Module__state__V)
                  00002e40    00000010     MSP_EXP430F5529LP.obj (.data:gpioPinConfigs)
                  00002e50    00000010     empty_min_pe430X.oe430X (.data:ti_sysbios_family_msp430_Timer_Module_State_0_handles__A)
                  00002e60    0000000e     empty_min_pe430X.oe430X (.data:ti_sysbios_family_msp430_Hwi_Object__table__V)
                  00002e6e    0000000a     empty_min_pe430X.oe430X (.data:ti_sysbios_family_msp430_Timer_Module__state__V)
                  00002e78    00000008     MSP_EXP430F5529LP.obj (.data:gpioCallbackFunctions)
                  00002e80    00000008     empty_min_pe430X.oe430X (.data:ti_sysbios_family_msp430_Hwi_Module__state__V)
                  00002e88    00000008     empty_min_pe430X.oe430X (.data:ti_sysbios_gates_GateHwi_Module__root__V)
                  00002e90    00000008     empty_min_pe430X.oe430X (.data:ti_sysbios_gates_GateMutex_Module__root__V)
                  00002e98    00000008     empty_min_pe430X.oe430X (.data:ti_sysbios_heaps_HeapMem_Module__root__V)
                  00002ea0    00000008     empty_min_pe430X.oe430X (.data:ti_sysbios_knl_Queue_Module__root__V)
                  00002ea8    00000008     empty_min_pe430X.oe430X (.data:ti_sysbios_knl_Semaphore_Module__root__V)
                  00002eb0    00000008     empty_min_pe430X.oe430X (.data:ti_sysbios_knl_Task_Module__root__V)
                  00002eb8    00000008     empty_min_pe430X.oe430X (.data:xdc_runtime_Startup_Module__state__V)
                  00002ec0    00000006     empty_min_pe430X.oe430X (.data:xdc_runtime_Registry_Module__state__V)
                  00002ec6    00000006     empty_min_pe430X.oe430X (.data:xdc_runtime_System_Module__state__V)
                  00002ecc    00000004     rts430x_lc_rd_eabi.lib : _lock.c.obj (.data:_lock)
                  00002ed0    00000004                            : _lock.c.obj (.data:_unlock)
                  00002ed4    00000004     empty_min_pe430X.oe430X (.data:ti_sysbios_gates_GateHwi_Object__table__V)
                  00002ed8    00000004     empty_min_pe430X.oe430X (.data:ti_sysbios_knl_Task_Module_State_0_idleTask__A)
                  00002edc    00000002     drivers_MSP430F5529.ae430X : I2C.oe430X (.data)
                  00002ede    00000002     empty_min_pe430X.oe430X (.data:xdc_runtime_Memory_Module__state__V)
                  00002ee0    00000001     drivers_MSP430F5529.ae430X : GPIOMSP430.oe430X (.data)

.stack     0    00004100    00000300     UNINITIALIZED
                  00004100    00000004     boot.ae430X : boot.oe430X (.stack)
                  00004104    000002fc     --HOLE--

.text:_isr 
*          0    00004400    0000006e     
                  00004400    00000024     boot.ae430X : boot.oe430X (.text:_isr:_c_int00)
                  00004424    00000020     sysbios.ae430X : BIOS.obj (.text:_isr:ti_sysbios_family_msp430_Hwi53)
                  00004444    00000002                    : BIOS.obj (.text:_isr:ti_sysbios_family_msp430_Hwi41)
                  00004446    00000002                    : BIOS.obj (.text:_isr:ti_sysbios_family_msp430_Hwi42)
                  00004448    00000002                    : BIOS.obj (.text:_isr:ti_sysbios_family_msp430_Hwi43)
                  0000444a    00000002                    : BIOS.obj (.text:_isr:ti_sysbios_family_msp430_Hwi44)
                  0000444c    00000002                    : BIOS.obj (.text:_isr:ti_sysbios_family_msp430_Hwi45)
                  0000444e    00000002                    : BIOS.obj (.text:_isr:ti_sysbios_family_msp430_Hwi46)
                  00004450    00000002                    : BIOS.obj (.text:_isr:ti_sysbios_family_msp430_Hwi47)
                  00004452    00000002                    : BIOS.obj (.text:_isr:ti_sysbios_family_msp430_Hwi48)
                  00004454    00000002                    : BIOS.obj (.text:_isr:ti_sysbios_family_msp430_Hwi49)
                  00004456    00000002                    : BIOS.obj (.text:_isr:ti_sysbios_family_msp430_Hwi50)
                  00004458    00000002                    : BIOS.obj (.text:_isr:ti_sysbios_family_msp430_Hwi51)
                  0000445a    00000002                    : BIOS.obj (.text:_isr:ti_sysbios_family_msp430_Hwi52)
                  0000445c    00000002                    : BIOS.obj (.text:_isr:ti_sysbios_family_msp430_Hwi54)
                  0000445e    00000002                    : BIOS.obj (.text:_isr:ti_sysbios_family_msp430_Hwi55)
                  00004460    00000002                    : BIOS.obj (.text:_isr:ti_sysbios_family_msp430_Hwi56)
                  00004462    00000002                    : BIOS.obj (.text:_isr:ti_sysbios_family_msp430_Hwi57)
                  00004464    00000002                    : BIOS.obj (.text:_isr:ti_sysbios_family_msp430_Hwi58)
                  00004466    00000002                    : BIOS.obj (.text:_isr:ti_sysbios_family_msp430_Hwi59)
                  00004468    00000002                    : BIOS.obj (.text:_isr:ti_sysbios_family_msp430_Hwi60)
                  0000446a    00000002                    : BIOS.obj (.text:_isr:ti_sysbios_family_msp430_Hwi61)
                  0000446c    00000002                    : BIOS.obj (.text:_isr:ti_sysbios_family_msp430_Hwi62)

.const     0    00004472    0000051b     
                  00004472    000000f4     empty_min.obj (.const:.string)
                  00004566    00000046     empty_min_pe430X.oe430X (.const:.string)
                  000045ac    00000044     ti.targets.msp430.rts430.ae430X : Text.oe430X (.const:.string)
                  000045f0    00000030     empty_min_pe430X.oe430X (.const:ti_sysbios_knl_Task_Object__PARAMS__C)
                  00004620    0000002a     ti.targets.msp430.rts430.ae430X : Startup.oe430X (.const:.string)
                  0000464a    00000026     empty_min_pe430X.oe430X (.const:ti_sysbios_heaps_HeapMem_Module__FXNS__C)
                  00004670    00000022     empty_min_pe430X.oe430X (.const:ti_sysbios_gates_GateHwi_Module__FXNS__C)
                  00004692    00000022     empty_min_pe430X.oe430X (.const:ti_sysbios_gates_GateMutex_Module__FXNS__C)
                  000046b4    00000020     sysbios.ae430X : BIOS.obj (.const:IntrinsicsSupport_maxbitTable)
                  000046d4    0000001e     empty_min_pe430X.oe430X (.const:ti_sysbios_heaps_HeapMem_Object__PARAMS__C)
                  000046f2    0000001c     MSP430F5529.lib : gpio.obj (.const:GPIO_PORT_TO_BASE)
                  0000470e    0000001c     empty_min_pe430X.oe430X (.const:ti_sysbios_knl_Semaphore_Object__PARAMS__C)
                  0000472a    0000001c     empty_min_pe430X.oe430X (.const:xdc_runtime_Startup_sfxnTab__A)
                  00004746    0000001a     ti.targets.msp430.rts430.ae430X : System.oe430X (.const:.string)
                  00004760    00000018     MSP_EXP430F5529LP.obj (.const:I2C_config)
                  00004778    00000018     drivers_MSP430F5529.ae430X : I2CUSCIB.oe430X (.const)
                  00004790    00000018     empty_min_pe430X.oe430X (.const:ti_sysbios_gates_GateHwi_Object__DESC__C)
                  000047a8    00000018     empty_min_pe430X.oe430X (.const:ti_sysbios_gates_GateMutex_Object__DESC__C)
                  000047c0    00000018     empty_min_pe430X.oe430X (.const:ti_sysbios_heaps_HeapMem_Object__DESC__C)
                  000047d8    00000018     empty_min_pe430X.oe430X (.const:ti_sysbios_knl_Queue_Object__DESC__C)
                  000047f0    00000018     empty_min_pe430X.oe430X (.const:ti_sysbios_knl_Semaphore_Object__DESC__C)
                  00004808    00000018     empty_min_pe430X.oe430X (.const:ti_sysbios_knl_Task_Object__DESC__C)
                  00004820    00000014     empty_min_pe430X.oe430X (.const:ti_sysbios_gates_GateHwi_Object__PARAMS__C)
                  00004834    00000014     empty_min_pe430X.oe430X (.const:ti_sysbios_gates_GateMutex_Object__PARAMS__C)
                  00004848    00000014     empty_min_pe430X.oe430X (.const:ti_sysbios_knl_Queue_Object__PARAMS__C)
                  0000485c    00000010     MSP_EXP430F5529LP.obj (.const:GPIOMSP430_config)
                  0000486c    0000000e     empty_min_pe430X.oe430X (.const:xdc_runtime_Startup_sfxnRts__A)
                  0000487a    0000000c     drivers_MSP430F5529.ae430X : I2C.oe430X (.const)
                  00004886    00000008                                : I2CUSCIB.oe430X (.const:bitRate)
                  0000488e    00000008     empty_min_pe430X.oe430X (.const:xdc_runtime_Startup_firstFxns__A)
                  00004896    00000006     drivers_MSP430F5529.ae430X : GPIOMSP430.oe430X (.const:.string:gpioInterruptTypes)
                  0000489c    00000006     ti.targets.msp430.rts430.ae430X : Assert.oe430X (.const:.string)
                  000048a2    00000006     MSP_EXP430F5529LP.obj (.const:i2cUSCIBHWAttrs)
                  000048a8    00000006     empty_min_pe430X.oe430X (.const:ti_sysbios_family_msp430_Hwi_hooks__C)
                  000048ae    00000006     empty_min_pe430X.oe430X (.const:ti_sysbios_knl_Idle_funcList__C)
                  000048b4    00000006     empty_min_pe430X.oe430X (.const:xdc_runtime_Startup_firstFxns__C)
                  000048ba    00000006     empty_min_pe430X.oe430X (.const:xdc_runtime_Startup_lastFxns__C)
                  000048c0    00000004     empty_min_pe430X.oe430X (.const:ti_sysbios_family_msp430_ClockFreqs_ACLK__C)
                  000048c4    00000004     empty_min_pe430X.oe430X (.const:ti_sysbios_family_msp430_ClockFreqs_SMCLK__C)
                  000048c8    00000004     empty_min_pe430X.oe430X (.const:ti_sysbios_hal_Hwi_E_stackOverflow__C)
                  000048cc    00000004     empty_min_pe430X.oe430X (.const:ti_sysbios_heaps_HeapMem_E_memory__C)
                  000048d0    00000004     empty_min_pe430X.oe430X (.const:ti_sysbios_heaps_HeapMem_Module__gateObj__C)
                  000048d4    00000004     empty_min_pe430X.oe430X (.const:ti_sysbios_knl_Idle_funcList__A)
                  000048d8    00000004     empty_min_pe430X.oe430X (.const:ti_sysbios_knl_Task_E_spOutOfBounds__C)
                  000048dc    00000004     empty_min_pe430X.oe430X (.const:ti_sysbios_knl_Task_E_stackOverflow__C)
                  000048e0    00000004     empty_min_pe430X.oe430X (.const:ti_sysbios_knl_Task_allBlockedFunc__C)
                  000048e4    00000004     empty_min_pe430X.oe430X (.const:ti_sysbios_knl_Task_defaultStackHeap__C)
                  000048e8    00000004     empty_min_pe430X.oe430X (.const:xdc_runtime_Assert_E_assertFailed__C)
                  000048ec    00000004     empty_min_pe430X.oe430X (.const:xdc_runtime_Core_A_initializedParams__C)
                  000048f0    00000004     empty_min_pe430X.oe430X (.const:xdc_runtime_Core_Module__diagsEnabled__C)
                  000048f4    00000004     empty_min_pe430X.oe430X (.const:xdc_runtime_Core_Module__diagsIncluded__C)
                  000048f8    00000004     empty_min_pe430X.oe430X (.const:xdc_runtime_Core_Module__diagsMask__C)
                  000048fc    00000004     empty_min_pe430X.oe430X (.const:xdc_runtime_Error_E_memory__C)
                  00004900    00000004     empty_min_pe430X.oe430X (.const:xdc_runtime_Error_policyFxn__C)
                  00004904    00000004     empty_min_pe430X.oe430X (.const:xdc_runtime_IGateProvider_Interface__BASE__C)
                  00004908    00000004     empty_min_pe430X.oe430X (.const:xdc_runtime_IHeap_Interface__BASE__C)
                  0000490c    00000004     empty_min_pe430X.oe430X (.const:xdc_runtime_IModule_Interface__BASE__C)
                  00004910    00000004     empty_min_pe430X.oe430X (.const:xdc_runtime_Memory_defaultHeapInstance__C)
                  00004914    00000004     empty_min_pe430X.oe430X (.const:xdc_runtime_Startup_execImpl__C)
                  00004918    00000004     empty_min_pe430X.oe430X (.const:xdc_runtime_Startup_sfxnRts__C)
                  0000491c    00000004     empty_min_pe430X.oe430X (.const:xdc_runtime_Startup_sfxnTab__C)
                  00004920    00000004     empty_min_pe430X.oe430X (.const:xdc_runtime_SysCallback_abortFxn__C)
                  00004924    00000004     empty_min_pe430X.oe430X (.const:xdc_runtime_SysCallback_exitFxn__C)
                  00004928    00000004     empty_min_pe430X.oe430X (.const:xdc_runtime_SysCallback_flushFxn__C)
                  0000492c    00000004     empty_min_pe430X.oe430X (.const:xdc_runtime_SysCallback_putchFxn__C)
                  00004930    00000004     empty_min_pe430X.oe430X (.const:xdc_runtime_SysCallback_readyFxn__C)
                  00004934    00000004     empty_min_pe430X.oe430X (.const:xdc_runtime_System_Module__gateObj__C)
                  00004938    00000004     empty_min_pe430X.oe430X (.const:xdc_runtime_System_abortFxn__C)
                  0000493c    00000004     empty_min_pe430X.oe430X (.const:xdc_runtime_System_exitFxn__C)
                  00004940    00000004     empty_min_pe430X.oe430X (.const:xdc_runtime_System_extendFxn__C)
                  00004944    00000004     empty_min_pe430X.oe430X (.const:xdc_runtime_Text_charTab__C)
                  00004948    00000004     empty_min_pe430X.oe430X (.const:xdc_runtime_Text_nameEmpty__C)
                  0000494c    00000004     empty_min_pe430X.oe430X (.const:xdc_runtime_Text_nameStatic__C)
                  00004950    00000004     empty_min_pe430X.oe430X (.const:xdc_runtime_Text_nameUnknown__C)
                  00004954    00000004     empty_min_pe430X.oe430X (.const:xdc_runtime_Text_visitRopeFxn__C)
                  00004958    00000002     empty_min_pe430X.oe430X (.const:ti_sysbios_family_msp430_Hwi_Object__count__C)
                  0000495a    00000002     empty_min_pe430X.oe430X (.const:ti_sysbios_family_msp430_TaskSupport_stackAlignment__C)
                  0000495c    00000002     empty_min_pe430X.oe430X (.const:ti_sysbios_family_msp430_Timer_numTimerDevices__C)
                  0000495e    00000002     empty_min_pe430X.oe430X (.const:ti_sysbios_family_msp430_Timer_startupNeeded__C)
                  00004960    00000002     empty_min_pe430X.oe430X (.const:ti_sysbios_gates_GateMutex_Instance_State_sem__O)
                  00004962    00000002     empty_min_pe430X.oe430X (.const:ti_sysbios_hal_Hwi_Module__id__C)
                  00004964    00000002     empty_min_pe430X.oe430X (.const:ti_sysbios_heaps_HeapMem_Module__id__C)
                  00004966    00000002     empty_min_pe430X.oe430X (.const:ti_sysbios_heaps_HeapMem_Object__count__C)
                  00004968    00000002     empty_min_pe430X.oe430X (.const:ti_sysbios_heaps_HeapMem_reqAlign__C)
                  0000496a    00000002     empty_min_pe430X.oe430X (.const:ti_sysbios_knl_Clock_Module_State_clockQ__O)
                  0000496c    00000002     empty_min_pe430X.oe430X (.const:ti_sysbios_knl_Semaphore_Instance_State_pendQ__O)
                  0000496e    00000002     empty_min_pe430X.oe430X (.const:ti_sysbios_knl_Swi_Object__count__C)
                  00004970    00000002     empty_min_pe430X.oe430X (.const:ti_sysbios_knl_Task_Module_State_inactiveQ__O)
                  00004972    00000002     empty_min_pe430X.oe430X (.const:ti_sysbios_knl_Task_Module__id__C)
                  00004974    00000002     empty_min_pe430X.oe430X (.const:ti_sysbios_knl_Task_Object__count__C)
                  00004976    00000002     empty_min_pe430X.oe430X (.const:ti_sysbios_knl_Task_defaultStackSize__C)
                  00004978    00000002     empty_min_pe430X.oe430X (.const:ti_sysbios_knl_Task_numConstructedTasks__C)
                  0000497a    00000002     empty_min_pe430X.oe430X (.const:xdc_runtime_Core_Module__id__C)
                  0000497c    00000002     empty_min_pe430X.oe430X (.const:xdc_runtime_Error_policy__C)
                  0000497e    00000002     empty_min_pe430X.oe430X (.const:xdc_runtime_Memory_Module__id__C)
                  00004980    00000002     empty_min_pe430X.oe430X (.const:xdc_runtime_Startup_maxPasses__C)
                  00004982    00000002     empty_min_pe430X.oe430X (.const:xdc_runtime_System_maxAtexitHandlers__C)
                  00004984    00000002     empty_min_pe430X.oe430X (.const:xdc_runtime_Text_charCnt__C)
                  00004986    00000002     empty_min_pe430X.oe430X (.const:xdc_runtime_Text_isLoaded__C)
                  00004988    00000002     empty_min_pe430X.oe430X (.const:xdc_runtime_Text_registryModsLastId__C)
                  0000498a    00000002     empty_min_pe430X.oe430X (.const:xdc_runtime_Text_unnamedModsLastId__C)
                  0000498c    00000001     empty_min_pe430X.oe430X (.const:xdc_runtime_Text_charTab__A)

.cinit     0    0000498e    0000019c     
                  0000498e    00000179     (.cinit..data.load) [load image, compression = lzss]
                  00004b07    00000001     --HOLE-- [fill = 0]
                  00004b08    0000000c     (__TI_handler_table)
                  00004b14    00000006     (.cinit..bss.load) [load image, compression = zero_init]
                  00004b1a    00000010     (__TI_cinit_table)

.init_array 
*          0    0000446e    00000004     
                  0000446e    00000004     ti.targets.msp430.rts430.ae430X : xdc_init.oe430X (.init_array)

RTC        0    0000ffd2    00000002     
                  0000ffd2    00000002     sysbios.ae430X : BIOS.obj (.int41)

PORT2      0    0000ffd4    00000002     
                  0000ffd4    00000002     sysbios.ae430X : BIOS.obj (.int42)

TIMER2_A1 
*          0    0000ffd6    00000002     
                  0000ffd6    00000002     sysbios.ae430X : BIOS.obj (.int43)

TIMER2_A0 
*          0    0000ffd8    00000002     
                  0000ffd8    00000002     sysbios.ae430X : BIOS.obj (.int44)

USCI_B1    0    0000ffda    00000002     
                  0000ffda    00000002     sysbios.ae430X : BIOS.obj (.int45)

USCI_A1    0    0000ffdc    00000002     
                  0000ffdc    00000002     sysbios.ae430X : BIOS.obj (.int46)

PORT1      0    0000ffde    00000002     
                  0000ffde    00000002     sysbios.ae430X : BIOS.obj (.int47)

TIMER1_A1 
*          0    0000ffe0    00000002     
                  0000ffe0    00000002     sysbios.ae430X : BIOS.obj (.int48)

TIMER1_A0 
*          0    0000ffe2    00000002     
                  0000ffe2    00000002     sysbios.ae430X : BIOS.obj (.int49)

DMA        0    0000ffe4    00000002     
                  0000ffe4    00000002     sysbios.ae430X : BIOS.obj (.int50)

USB_UBM    0    0000ffe6    00000002     
                  0000ffe6    00000002     sysbios.ae430X : BIOS.obj (.int51)

TIMER0_A1 
*          0    0000ffe8    00000002     
                  0000ffe8    00000002     sysbios.ae430X : BIOS.obj (.int52)

TIMER0_A0 
*          0    0000ffea    00000002     
                  0000ffea    00000002     sysbios.ae430X : BIOS.obj (.int53)

ADC12      0    0000ffec    00000002     
                  0000ffec    00000002     sysbios.ae430X : BIOS.obj (.int54)

USCI_B0    0    0000ffee    00000002     
                  0000ffee    00000002     sysbios.ae430X : BIOS.obj (.int55)

USCI_A0    0    0000fff0    00000002     
                  0000fff0    00000002     sysbios.ae430X : BIOS.obj (.int56)

WDT        0    0000fff2    00000002     
                  0000fff2    00000002     sysbios.ae430X : BIOS.obj (.int57)

TIMER0_B1 
*          0    0000fff4    00000002     
                  0000fff4    00000002     sysbios.ae430X : BIOS.obj (.int58)

TIMER0_B0 
*          0    0000fff6    00000002     
                  0000fff6    00000002     sysbios.ae430X : BIOS.obj (.int59)

COMP_B     0    0000fff8    00000002     
                  0000fff8    00000002     sysbios.ae430X : BIOS.obj (.int60)

UNMI       0    0000fffa    00000002     
                  0000fffa    00000002     sysbios.ae430X : BIOS.obj (.int61)

SYSNMI     0    0000fffc    00000002     
                  0000fffc    00000002     sysbios.ae430X : BIOS.obj (.int62)

.reset     0    0000fffe    00000002     
                  0000fffe    00000002     boot.ae430X : boot.oe430X (.reset)

xdc.meta   0    00000000    00000108     COPY SECTION
                  00000000    00000108     empty_min_pe430X.oe430X (xdc.meta)

xdc.noload 
*          0    00000000    00000000     COPY SECTION

.binit     0    00000000    00000000     

.text      0    00010000    0000426a     
                  00010000    000004d2     ti.targets.msp430.rts430.ae430X : System.oe430X (.text:xdc_runtime_System_doPrint__I)
                  000104d2    000001c8                                     : Core-mem.oe430X (.text:xdc_runtime_Core_createObject__I)
                  0001069a    00000176     empty_min_pe430X.oe430X (.text:xdc_runtime_System_printfExtend__I)
                  00010810    0000016c     ti.targets.msp430.rts430.ae430X : Core-smem.oe430X (.text:xdc_runtime_Core_constructObject__I)
                  0001097c    0000016a     empty_min.obj (.text:InicializaIMU)
                  00010ae6    0000016a     sysbios.ae430X : BIOS.obj (.text:ti_sysbios_knl_Semaphore_pend__E)
                  00010c50    0000014e     drivers_MSP430F5529.ae430X : GPIOMSP430.oe430X (.text:GPIO_setConfig)
                  00010d9e    00000142     empty_min.obj (.text:LecturaDatosIMU)
                  00010ee0    0000013a     sysbios.ae430X : BIOS.obj (.text:ti_sysbios_heaps_HeapMem_alloc__E)
                  0001101a    0000012e                    : BIOS.obj (.text:ti_sysbios_knl_Task_checkStacks__E)
                  00011148    00000128                    : BIOS.obj (.text:ti_sysbios_knl_Task_Instance_init__E)
                  00011270    00000126     drivers_MSP430F5529.ae430X : I2CUSCIB.oe430X (.text:I2CUSCIB_open)
                  00011396    000000fa     sysbios.ae430X : BIOS.obj (.text:ti_sysbios_knl_Swi_restoreHwi__E)
                  00011490    000000f2     drivers_MSP430F5529.ae430X : I2CUSCIB.oe430X (.text:I2CUSCIB_cancel)
                  00011582    000000e0     sysbios.ae430X : BIOS.obj (.text:ti_sysbios_knl_Task_sleep__E)
                  00011662    000000de                    : BIOS.obj (.text:ti_sysbios_knl_Task_Instance_finalize__E)
                  00011740    000000dc                    : BIOS.obj (.text:ti_sysbios_knl_Swi_runLoop__I)
                  0001181c    000000c6                    : BIOS.obj (.text:ti_sysbios_heaps_HeapMem_free__E)
                  000118e2    000000c4                    : BIOS.obj (.text:ti_sysbios_knl_Task_startCore__E)
                  000119a6    000000c0     ti.targets.msp430.rts430.ae430X : Startup.oe430X (.text:xdc_runtime_Startup_startMods__I)
                  00011a66    000000be     drivers_MSP430F5529.ae430X : I2CUSCIB.oe430X (.text:I2CUSCIB_transfer)
                  00011b24    000000b8                                : GPIOMSP430.oe430X (.text:GPIO_init)
                  00011bdc    000000b8     sysbios.ae430X : BIOS.obj (.text:ti_sysbios_knl_Task_schedule__I)
                  00011c94    000000b8     ti.targets.msp430.rts430.ae430X : Text.oe430X (.text:xdc_runtime_Text_putSite__E)
                  00011d4c    000000b4     sysbios.ae430X : BIOS.obj (.text:ti_sysbios_knl_Swi_schedule__I)
                  00011e00    000000aa                    : BIOS.obj (.text:ti_sysbios_knl_Swi_run__I)
                  00011eaa    000000a4                    : BIOS.obj (.text:ti_sysbios_knl_Task_postInit__I)
                  00011f4e    0000009a     ti.targets.msp430.rts430.ae430X : System.oe430X (.text:xdc_runtime_System_formatNum__I)
                  00011fe8    00000098     sysbios.ae430X : BIOS.obj (.text:ti_sysbios_heaps_HeapMem_Instance_init__E)
                  00012080    00000098                    : BIOS.obj (.text:ti_sysbios_knl_Clock_workFunc__E)
                  00012118    0000008c                    : BIOS.obj (.text:ti_sysbios_family_msp430_Hwi_Module_startup__E)
                  000121a4    00000086                    : BIOS.obj (.text:ti_sysbios_knl_Semaphore_post__E)
                  0001222a    00000086     ti.targets.msp430.rts430.ae430X : Text.oe430X (.text:xdc_runtime_Text_putMod__E)
                  000122b0    00000082     sysbios.ae430X : BIOS.obj (.text:ti_sysbios_heaps_HeapMem_getStats__E)
                  00012332    00000082     ti.targets.msp430.rts430.ae430X : Text.oe430X (.text:xdc_runtime_Text_putLab__E)
                  000123b4    00000080                                     : Memory.oe430X (.text:xdc_runtime_Memory_alloc__E)
                  00012434    00000078     sysbios.ae430X : msp430_TaskSupport_asm.obj (.text:_ti_sysbios_family_msp430_TaskSupport_buildTaskStack)
                  000124ac    00000076     rts430x_lc_rd_eabi.lib : copy_decompress_lzss.c.obj (.text:decompress:lzss:__TI_decompress_lzss)
                  00012522    00000076     ti.targets.msp430.rts430.ae430X : Core-mem.oe430X (.text:xdc_runtime_Core_deleteObject__I)
                  00012598    00000074     sysbios.ae430X : BIOS.obj (.text:ti_sysbios_family_msp430_Hwi_postInit__I)
                  0001260c    00000072     drivers_MSP430F5529.ae430X : I2CUSCIB.oe430X (.text:I2CUSCIB_primeTransfer)
                  0001267e    00000072     sysbios.ae430X : BIOS.obj (.text:ti_sysbios_family_msp430_Timer_periodicStub__E)
                  000126f0    00000072                    : BIOS.obj (.text:ti_sysbios_heaps_HeapMem_init__I)
                  00012762    0000006e     drivers_MSP430F5529.ae430X : GPIOMSP430.oe430X (.text:GPIO_write)
                  000127d0    0000006e     sysbios.ae430X : BIOS.obj (.text:ti_sysbios_knl_Swi_post__E)
                  0001283e    00000068     drivers_MSP430F5529.ae430X : GPIOMSP430.oe430X (.text:GPIO_setCallback)
                  000128a6    00000068     ti.targets.msp430.rts430.ae430X : Assert.oe430X (.text:xdc_runtime_Assert_raise__I)
                  0001290e    00000062     sysbios.ae430X : BIOS.obj (.text:ti_sysbios_knl_Task_Module_startup__E)
                  00012970    00000060     empty_min_pe430X.oe430X (.text:ti_sysbios_knl_Task_construct)
                  000129d0    0000005e     sysbios.ae430X : BIOS.obj (.text:ti_sysbios_family_msp430_Timer_setNextTick__E)
                  00012a2e    0000005c                    : BIOS.obj (.text:ti_sysbios_family_msp430_TaskSupport_start__E)
                  00012a8a    00000058     rts430x_lc_rd_eabi.lib : div32u.asm.obj (.text)
                  00012ae2    00000056     sysbios.ae430X : BIOS.obj (.text:ti_sysbios_family_msp430_Timer_start__E)
                  00012b38    00000056                    : BIOS.obj (.text:ti_sysbios_knl_Task_blockI__E)
                  00012b8e    00000054                    : BIOS.obj (.text:ti_sysbios_family_msp430_Hwi_getStackInfo__E)
                  00012be2    00000054                    : BIOS.obj (.text:ti_sysbios_knl_Task_processVitalTaskFlag__I)
                  00012c36    00000052     empty_min.obj (.text:Calibracion)
                  00012c88    00000052     empty_min.obj (.text:main)
                  00012cda    00000052     sysbios.ae430X : BIOS.obj (.text:ti_sysbios_family_msp430_Timer_initDevice__I)
                  00012d2c    00000052                    : BIOS.obj (.text:ti_sysbios_knl_Task_unblockI__E)
                  00012d7e    00000052     ti.targets.msp430.rts430.ae430X : Startup.oe430X (.text:xdc_runtime_Startup_exec__E)
                  00012dd0    00000050     sysbios.ae430X : BIOS.obj (.text:ti_sysbios_knl_Semaphore_pendTimeout__I)
                  00012e20    00000050                    : BIOS.obj (.text:ti_sysbios_knl_Swi_restore__E)
                  00012e70    0000004e                    : BIOS.obj (.text:ti_sysbios_knl_Task_exit__E)
                  00012ebe    0000004e     ti.targets.msp430.rts430.ae430X : Core-params.oe430X (.text:xdc_runtime_Core_assignParams__I)
                  00012f0c    0000004c     ti.catalog.msp430.init.ae430X : Boot.oe430X (.text:.bootCodeSection:ti_catalog_msp430_init_Boot_configureDCO)
                  00012f58    0000004a     sysbios.ae430X : BIOS.obj (.text:ti_sysbios_family_msp430_Timer_startup__E)
                  00012fa2    00000048                    : BIOS.obj (.text:ti_sysbios_hal_Hwi_checkStack)
                  00012fea    00000046                    : BIOS.obj (.text:ti_sysbios_family_msp430_Timer_Module_startup__E)
                  00013030    00000042     MSP430F5529.lib : gpio.obj (.text:GPIO_setAsInputPinWithPullDownResistor)
                  00013072    00000042                     : gpio.obj (.text:GPIO_setAsInputPinWithPullUpResistor)
                  000130b4    00000042     sysbios.ae430X : BIOS.obj (.text:ti_sysbios_family_msp430_Timer_getCount__E)
                  000130f6    00000042     empty_min_pe430X.oe430X (.text:ti_sysbios_gates_GateHwi_Object__create__S)
                  00013138    00000042     empty_min_pe430X.oe430X (.text:ti_sysbios_gates_GateMutex_Object__create__S)
                  0001317a    00000042     empty_min_pe430X.oe430X (.text:ti_sysbios_heaps_HeapMem_Object__create__S)
                  000131bc    00000042     ti.targets.msp430.rts430.ae430X : Text.oe430X (.text:xdc_runtime_Text_xprintf__I)
                  000131fe    00000040     sysbios.ae430X : BIOS.obj (.text:ti_sysbios_knl_Task_allBlockedFunction__I)
                  0001323e    00000040     ti.targets.msp430.rts430.ae430X : Text.oe430X (.text:xdc_runtime_Text_printVisFxn__I)
                  0001327e    0000003e     MSP430F5529.lib : usci_b_i2c.obj (.text:USCI_B_I2C_initMaster)
                  000132bc    0000003e     sysbios.ae430X : BIOS.obj (.text:ti_sysbios_knl_Clock_addI__E)
                  000132fa    0000003e     empty_min_pe430X.oe430X (.text:ti_sysbios_knl_Semaphore_construct)
                  00013338    0000003e     ti.targets.msp430.rts430.ae430X : System.oe430X (.text:xdc_runtime_System_atexit__E)
                  00013376    0000003c     sysbios.ae430X : BIOS.obj (.text:ti_sysbios_family_msp430_ClockFreqs_getFrequency__E)
                  000133b2    0000003c     empty_min_pe430X.oe430X (.text:ti_sysbios_family_msp430_Hwi_Object__get__S)
                  000133ee    0000003c     sysbios.ae430X : BIOS.obj (.text:ti_sysbios_hal_Hwi_initStack)
                  0001342a    0000003c     empty_min_pe430X.oe430X (.text:ti_sysbios_heaps_HeapMem_Object__get__S)
                  00013466    0000003c     empty_min_pe430X.oe430X (.text:ti_sysbios_knl_Swi_Object__get__S)
                  000134a2    0000003c     empty_min_pe430X.oe430X (.text:ti_sysbios_knl_Task_Object__get__S)
                  000134de    0000003c     ti.targets.msp430.rts430.ae430X : System.oe430X (.text:xdc_runtime_System_processAtExit__E)
                  0001351a    0000003a     drivers_MSP430F5529.ae430X : I2CUSCIB.oe430X (.text:I2CUSCIB_close)
                  00013554    0000003a                                : I2C.oe430X (.text:I2C_init)
                  0001358e    0000003a     empty_min_pe430X.oe430X (.text:ti_sysbios_knl_Queue_construct)
                  000135c8    0000003a     ti.targets.msp430.rts430.ae430X : System.oe430X (.text:xdc_runtime_System_putchar__I)
                  00013602    00000038     sysbios.ae430X : BIOS.obj (.text:ti_sysbios_family_msp430_Hwi53_p2)
                  0001363a    00000036     MSP430F5529.lib : gpio.obj (.text:GPIO_setAsInputPin)
                  00013670    00000036     sysbios.ae430X : BIOS.obj (.text:ti_sysbios_gates_GateMutex_enter__E)
                  000136a6    00000036                    : BIOS.obj (.text:ti_sysbios_knl_Queue_put__E)
                  000136dc    00000036     ti.targets.msp430.rts430.ae430X : Error.oe430X (.text:xdc_runtime_Error_raiseX__E)
                  00013712    00000034     sysbios.ae430X : BIOS.obj (.text:ti_sysbios_family_msp430_Timer_postInit__I)
                  00013746    00000032     drivers_MSP430F5529.ae430X : I2C.oe430X (.text:I2C_open)
                  00013778    00000032     sysbios.ae430X : BIOS.obj (.text:ti_sysbios_family_msp430_Timer_stop__E)
                  000137aa    00000032                    : msp430_Hwi_switch_asm.obj (.text:ti_sysbios_family_xxx_Hwi_switchAndRunFunc)
                  000137dc    00000032                    : BIOS.obj (.text:ti_sysbios_knl_Task_sleepTimeout__I)
                  0001380e    00000032     ti.targets.msp430.rts430.ae430X : Core-label.oe430X (.text:xdc_runtime_Core_assignLabel__I)
                  00013840    00000032                                     : System.oe430X (.text:xdc_runtime_System_vprintf__E)
                  00013872    0000002e     MSP430F5529.lib : gpio.obj (.text:GPIO_selectInterruptEdge)
                  000138a0    0000002c     empty_min_pe430X.oe430X (.text:ti_sysbios_knl_Clock_doTick__I)
                  000138cc    0000002a     empty_min_pe430X.oe430X (.text:ti_sysbios_BIOS_atExitFunc__I)
                  000138f6    0000002a     sysbios.ae430X : BIOS.obj (.text:ti_sysbios_knl_Clock_Module_startup__E)
                  00013920    0000002a                    : BIOS.obj (.text:ti_sysbios_knl_Semaphore_Instance_init__E)
                  0001394a    0000002a                    : BIOS.obj (.text:ti_sysbios_knl_Task_restore__E)
                  00013974    00000028     MSP430F5529.lib : gpio.obj (.text:GPIO_setAsOutputPin)
                  0001399c    00000028                     : gpio.obj (.text:GPIO_setAsPeripheralModuleFunctionInputPin)
                  000139c4    00000028     empty_min_pe430X.oe430X (.text:ti_sysbios_BIOS_startFunc__I)
                  000139ec    00000028     ti.targets.msp430.rts430.ae430X : Text.oe430X (.text:xdc_runtime_Text_cordText__E)
                  00013a14    00000026     MSP430F5529.lib : usci_b_i2c.obj (.text:USCI_B_I2C_masterReceiveSingleStart)
                  00013a3a    00000026     rts430x_lc_rd_eabi.lib : args_main.c.obj (.text:_args_main)
                  00013a60    00000026     empty_min_pe430X.oe430X (.text:ti_sysbios_gates_GateMutex_Object__delete__S)
                  00013a86    00000026     sysbios.ae430X : BIOS.obj (.text:ti_sysbios_knl_Swi_Module_startup__E)
                  00013aac    00000026                    : BIOS.obj (.text:ti_sysbios_knl_Task_unblock__E)
                  00013ad2    00000024     rts430x_lc_rd_eabi.lib : copy_zero_init.c.obj (.text:decompress:ZI:__TI_zero_init)
                  00013af6    00000024                            : mult32_f5hw.asm.obj (.text)
                  00013b1a    00000024     empty_min_pe430X.oe430X (.text:ti_sysbios_BIOS_rtsLock__I)
                  00013b3e    00000024     empty_min_pe430X.oe430X (.text:ti_sysbios_gates_GateHwi_Object__delete__S)
                  00013b62    00000024     empty_min_pe430X.oe430X (.text:ti_sysbios_heaps_HeapMem_Object__delete__S)
                  00013b86    00000022     sysbios.ae430X : BIOS.obj (.text:ti_sysbios_knl_Clock_startI__E)
                  00013ba8    00000022                    : BIOS.obj (.text:ti_sysbios_knl_Idle_run__E)
                  00013bca    00000022                    : BIOS.obj (.text:ti_sysbios_knl_Task_restoreHwi__E)
                  00013bec    00000022     ti.targets.msp430.rts430.ae430X : Memory.oe430X (.text:xdc_runtime_Memory_valloc__E)
                  00013c0e    00000020                                     : Error.oe430X (.text:xdc_runtime_Error_check__E)
                  00013c2e    0000001e     MSP430F5529.lib : gpio.obj (.text:GPIO_clearInterrupt)
                  00013c4c    0000001e     empty_min.obj (.text:taskFxn)
                  00013c6a    0000001e     empty_min_pe430X.oe430X (.text:ti_sysbios_BIOS_rtsUnlock__I)
                  00013c88    0000001e     empty_min_pe430X.oe430X (.text:ti_sysbios_gates_GateHwi_Handle__label__S)
                  00013ca6    0000001e     empty_min_pe430X.oe430X (.text:ti_sysbios_gates_GateMutex_Handle__label__S)
                  00013cc4    0000001e     sysbios.ae430X : BIOS.obj (.text:ti_sysbios_gates_GateMutex_Instance_init__E)
                  00013ce2    0000001e                    : BIOS.obj (.text:ti_sysbios_gates_GateMutex_leave__E)
                  00013d00    0000001e     empty_min_pe430X.oe430X (.text:ti_sysbios_heaps_HeapMem_Handle__label__S)
                  00013d1e    0000001c     MSP430F5529.lib : gpio.obj (.text:GPIO_setOutputHighOnPin)
                  00013d3a    0000001c                     : gpio.obj (.text:GPIO_setOutputLowOnPin)
                  00013d56    0000001c     sysbios.ae430X : msp430_TaskSupport_asm.obj (.text:_ti_sysbios_family_msp430_TaskSupport_swap__E)
                  00013d72    0000001c     drivers_MSP430F5529.ae430X : GPIOMSP430.oe430X (.text:getPinNumber)
                  00013d8e    0000001c     empty_min_pe430X.oe430X (.text:ti_sysbios_family_msp430_Hwi_Module__startupDone__F)
                  00013daa    0000001c     empty_min_pe430X.oe430X (.text:ti_sysbios_family_msp430_Timer_Module__startupDone__F)
                  00013dc6    0000001c     ti.targets.msp430.rts430.ae430X : Registry.oe430X (.text:xdc_runtime_Registry_findById__E)
                  00013de2    0000001a     empty_min_pe430X.oe430X (.text:ti_sysbios_BIOS_exitFunc__I)
                  00013dfc    0000001a     empty_min_pe430X.oe430X (.text:ti_sysbios_BIOS_registerRTSLock__I)
                  00013e16    0000001a     empty_min_pe430X.oe430X (.text:ti_sysbios_BIOS_removeRTSLock__I)
                  00013e30    0000001a     empty_min_pe430X.oe430X (.text:ti_sysbios_knl_Semaphore_Object__destruct__S)
                  00013e4a    0000001a     ti.targets.msp430.rts430.ae430X : System.oe430X (.text:xdc_runtime_System_vsnprintf__E)
                  00013e64    00000018     rts430x_lc_rd_eabi.lib : mult16_f5hw.asm.obj (.text)
                  00013e7c    00000018     sysbios.ae430X : BIOS.obj (.text:ti_sysbios_BIOS_setThreadType__E)
                  00013e94    00000018     empty_min_pe430X.oe430X (.text:ti_sysbios_knl_Queue_Object__destruct__S)
                  00013eac    00000018     sysbios.ae430X : BIOS.obj (.text:ti_sysbios_knl_Task_enter__I)
                  00013ec4    00000016     rts430x_lc_rd_eabi.lib : memset.c.obj (.text:memset)
                  00013eda    00000016                            : div16u.asm.obj (.text)
                  00013ef0    00000016     ti.targets.msp430.rts430.ae430X : System.oe430X (.text:xdc_runtime_System_abort__E)
                  00013f06    00000014     rts430x_lc_rd_eabi.lib : memcpy.c.obj (.text:memcpy)
                  00013f1a    00000014     empty_min_pe430X.oe430X (.text:ti_sysbios_knl_Queue_Object__get__S)
                  00013f2e    00000014     ti.targets.msp430.rts430.ae430X : Memory.oe430X (.text:xdc_runtime_Memory_calloc__E)
                  00013f42    00000014     empty_min_pe430X.oe430X (.text:xdc_runtime_Startup_exec__I)
                  00013f56    00000014     ti.targets.msp430.rts430.ae430X : Text.oe430X (.text:xdc_runtime_Text_ropeText__E)
                  00013f6a    00000012     MSP_EXP430F5529LP.obj (.text:MSP_EXP430F5529LP_initI2C)
                  00013f7c    00000012     rts430x_lc_rd_eabi.lib : copy_decompress_none.c.obj (.text:decompress:none:__TI_decompress_none)
                  00013f8e    00000012     sysbios.ae430X : BIOS.obj (.text:ti_sysbios_gates_GateHwi_leave__E)
                  00013fa0    00000012     ti.targets.msp430.rts430.ae430X : System.oe430X (.text:xdc_runtime_System_exit__E)
                  00013fb2    00000012     empty_min_pe430X.oe430X (.text:xdc_runtime_System_printf__E)
                  00013fc4    00000010     drivers_MSP430F5529.ae430X : I2CUSCIB.oe430X (.text:I2CUSCIB_blockingCallback)
                  00013fd4    00000010     sysbios.ae430X : msp430_TaskSupport_asm.obj (.text:_ti_sysbios_family_msp430_TaskSupport_glue)
                  00013fe4    00000010                    : BIOS.obj (.text:ti_sysbios_family_msp430_TaskSupport_checkStack__E)
                  00013ff4    00000010                    : BIOS.obj (.text:ti_sysbios_hal_Hwi_Module_startup__E)
                  00014004    0000000e     MSP430F5529.lib : usci_b_i2c.obj (.text:USCI_B_I2C_masterReceiveMultiByteStart)
                  00014012    0000000e                     : usci_b_i2c.obj (.text:USCI_B_I2C_setMode)
                  00014020    0000000e     rts430x_lc_rd_eabi.lib : strlen.c.obj (.text:strlen)
                  0001402e    0000000e     sysbios.ae430X : BIOS.obj (.text:ti_sysbios_family_msp430_Timer_getMaxTicks__E)
                  0001403c    0000000e                    : BIOS.obj (.text:ti_sysbios_gates_GateMutex_Instance_finalize__E)
                  0001404a    0000000e                    : BIOS.obj (.text:ti_sysbios_knl_Queue_empty__E)
                  00014058    0000000e                    : BIOS.obj (.text:ti_sysbios_knl_Semaphore_Instance_finalize__E)
                  00014066    0000000e                    : BIOS.obj (.text:ti_sysbios_knl_Swi_disable__E)
                  00014074    0000000e                    : BIOS.obj (.text:ti_sysbios_knl_Task_disable__E)
                  00014082    0000000c     empty_min_pe430X.oe430X (.text:.bootCodeSection:ti_catalog_msp430_init_Boot_init)
                  0001408e    0000000c     drivers_MSP430F5529.ae430X : I2C.oe430X (.text:I2C_Params_init)
                  0001409a    0000000c     MSP430F5529.lib : usci_b_i2c.obj (.text:USCI_B_I2C_clearInterrupt)
                  000140a6    0000000c                     : usci_b_i2c.obj (.text:USCI_B_I2C_disableInterrupt)
                  000140b2    0000000c                     : usci_b_i2c.obj (.text:USCI_B_I2C_enableInterrupt)
                  000140be    0000000c                     : usci_b_i2c.obj (.text:USCI_B_I2C_setSlaveAddress)
                  000140ca    0000000c     ti.targets.msp430.rts430.ae430X : xdc_init.oe430X (.text:__sti___12_xdc_init_cpp_cdf1056f)
                  000140d6    0000000c     empty_min_pe430X.oe430X (.text:ti_sysbios_knl_Semaphore_Params__init__S)
                  000140e2    0000000c     empty_min_pe430X.oe430X (.text:ti_sysbios_knl_Task_Params__init__S)
                  000140ee    0000000c     ti.targets.msp430.rts430.ae430X : Gate.oe430X (.text:xdc_runtime_Gate_leaveSystem__E)
                  000140fa    0000000c                                     : Memory.oe430X (.text:xdc_runtime_Memory_free__E)
                  00014106    0000000c                                     : Startup.oe430X (.text:xdc_runtime_Startup_rtsDone__E)
                  00014112    0000000a     drivers_MSP430F5529.ae430X : I2CUSCIB.oe430X (.text:I2CUSCIB_init)
                  0001411c    0000000a     rts430x_lc_rd_eabi.lib : lsl16.asm.obj (.text)
                  00014126    0000000a     sysbios.ae430X : BIOS.obj (.text:ti_sysbios_BIOS_start__E)
                  00014130    0000000a                    : BIOS.obj (.text:ti_sysbios_family_msp430_Hwi_enable)
                  0001413a    0000000a     MSP_EXP430F5529LP.obj (.text:ti_sysbios_hal_Hwi_enable)
                  00014144    0000000a     sysbios.ae430X : BIOS.obj (.text:ti_sysbios_knl_Queue_Instance_init__E)
                  0001414e    00000008     ti.catalog.msp430.init.ae430X : Boot.oe430X (.text:.bootCodeSection:ti_catalog_msp430_init_Boot_disableWatchdog)
                  00014156    00000008     drivers_MSP430F5529.ae430X : I2C.oe430X (.text:I2C_close)
                  0001415e    00000008                                : I2C.oe430X (.text:I2C_transfer)
                  00014166    00000008     ti.targets.msp430.rts430.ae430X : xdc_init.oe430X (.text:__xdc__init)
                  0001416e    00000008     sysbios.ae430X : BIOS.obj (.text:ti_sysbios_family_msp430_Hwi_disable)
                  00014176    00000008                    : BIOS.obj (.text:ti_sysbios_family_msp430_Hwi_switchFromBootStack__E)
                  0001417e    00000008                    : BIOS.obj (.text:ti_sysbios_family_msp430_TaskSupport_getStackAlignment__E)
                  00014186    00000008                    : BIOS.obj (.text:ti_sysbios_gates_GateHwi_enter__E)
                  0001418e    00000008     MSP_EXP430F5529LP.obj (.text:ti_sysbios_hal_Hwi_disable)
                  00014196    00000008     ti.targets.msp430.rts430.ae430X : Gate.oe430X (.text:xdc_runtime_Gate_enterSystem__E)
                  0001419e    00000008     empty_min_pe430X.oe430X (.text:xdc_runtime_IHeap_alloc)
                  000141a6    00000008     empty_min_pe430X.oe430X (.text:xdc_runtime_IHeap_free)
                  000141ae    00000008     ti.targets.msp430.rts430.ae430X : Memory.oe430X (.text:xdc_runtime_Memory_getMaxDefaultTypeAlign__E)
                  000141b6    00000006     drivers_MSP430F5529.ae430X : I2CUSCIB.oe430X (.text:I2CUSCIB_control)
                  000141bc    00000006     MSP430F5529.lib : usci_b_i2c.obj (.text:USCI_B_I2C_disable)
                  000141c2    00000006                     : usci_b_i2c.obj (.text:USCI_B_I2C_enable)
                  000141c8    00000006                     : usci_b_i2c.obj (.text:USCI_B_I2C_masterReceiveMultiByteStop)
                  000141ce    00000006                     : usci_b_i2c.obj (.text:USCI_B_I2C_masterSendStart)
                  000141d4    00000006     rts430x_lc_rd_eabi.lib : _lock.c.obj (.text:_register_lock)
                  000141da    00000006                            : _lock.c.obj (.text:_register_unlock)
                  000141e0    00000006     sysbios.ae430X : BIOS.obj (.text:ti_sysbios_heaps_HeapMem_isBlocking__E)
                  000141e6    00000006                    : BIOS.obj (.text:ti_sysbios_knl_Idle_loop__E)
                  000141ec    00000006                    : BIOS.obj (.text:ti_sysbios_knl_Swi_startup__E)
                  000141f2    00000006     empty_min_pe430X.oe430X (.text:xdc_runtime_Text_visitRope__I)
                  000141f8    00000004     boot.ae430X : pre_init.oe430X (.text:_system_pre_init)
                  000141fc    00000004     empty_min_pe430X.oe430X (.text:ti_sysbios_BIOS_RtsGateProxy_enter__E)
                  00014200    00000004     empty_min_pe430X.oe430X (.text:ti_sysbios_BIOS_RtsGateProxy_leave__E)
                  00014204    00000004     sysbios.ae430X : BIOS.obj (.text:ti_sysbios_family_msp430_Hwi_startup__E)
                  00014208    00000004     empty_min_pe430X.oe430X (.text:ti_sysbios_family_msp430_TaskSupport_Module__startupDone__S)
                  0001420c    00000004     sysbios.ae430X : BIOS.obj (.text:ti_sysbios_gates_GateHwi_query__E)
                  00014210    00000004                    : BIOS.obj (.text:ti_sysbios_gates_GateMutex_query__E)
                  00014214    00000004     empty_min_pe430X.oe430X (.text:ti_sysbios_heaps_HeapMem_Module_GateProxy_enter__E)
                  00014218    00000004     empty_min_pe430X.oe430X (.text:ti_sysbios_heaps_HeapMem_Module_GateProxy_leave__E)
                  0001421c    00000004     empty_min_pe430X.oe430X (.text:ti_sysbios_knl_Clock_TimerProxy_getMaxTicks__E)
                  00014220    00000004     empty_min_pe430X.oe430X (.text:ti_sysbios_knl_Queue_destruct)
                  00014224    00000004     empty_min_pe430X.oe430X (.text:ti_sysbios_knl_Semaphore_destruct)
                  00014228    00000004     sysbios.ae430X : BIOS.obj (.text:ti_sysbios_knl_Task_startup__E)
                  0001422c    00000004     ti.targets.msp430.rts430.ae430X : SysCallback.oe430X (.text:xdc_runtime_SysCallback_abort__E)
                  00014230    00000004                                     : SysCallback.oe430X (.text:xdc_runtime_SysCallback_defaultReady)
                  00014234    00000004                                     : SysCallback.oe430X (.text:xdc_runtime_SysCallback_exit__E)
                  00014238    00000004                                     : SysCallback.oe430X (.text:xdc_runtime_SysCallback_flush__E)
                  0001423c    00000004                                     : SysCallback.oe430X (.text:xdc_runtime_SysCallback_putch__E)
                  00014240    00000004                                     : SysCallback.oe430X (.text:xdc_runtime_SysCallback_ready__E)
                  00014244    00000004     empty_min_pe430X.oe430X (.text:xdc_runtime_System_Module_GateProxy_enter__E)
                  00014248    00000004     empty_min_pe430X.oe430X (.text:xdc_runtime_System_Module_GateProxy_leave__E)
                  0001424c    00000004     ti.targets.msp430.rts430.ae430X : System.oe430X (.text:xdc_runtime_System_Module_startup__E)
                  00014250    00000002     MSP_EXP430F5529LP.obj (.text:MSP_EXP430F5529LP_initGeneral)
                  00014252    00000002     rts430x_lc_rd_eabi.lib : _lock.c.obj (.text:_nop)
                  00014254    00000002     sysbios.ae430X : BIOS.obj (.text:ti_sysbios_BIOS_linkedWithIncorrectBootLibrary__E)
                  00014256    00000002     empty_min_pe430X.oe430X (.text:ti_sysbios_BIOS_nullFunc__I)
                  00014258    00000002     sysbios.ae430X : BIOS.obj (.text:ti_sysbios_gates_GateHwi_Instance_init__E)
                  0001425a    00000002                    : BIOS.obj (.text:ti_sysbios_knl_Clock_logTick__E)
                  0001425c    00000002     ti.targets.msp430.rts430.ae430X : Error.oe430X (.text:xdc_runtime_Error_policySpin__E)
                  0001425e    00000002                                     : SysCallback.oe430X (.text:xdc_runtime_SysCallback_defaultAbort)
                  00014260    00000002                                     : SysCallback.oe430X (.text:xdc_runtime_SysCallback_defaultExit)
                  00014262    00000002                                     : SysCallback.oe430X (.text:xdc_runtime_SysCallback_defaultFlush)
                  00014264    00000002                                     : SysCallback.oe430X (.text:xdc_runtime_SysCallback_defaultPutch)
                  00014266    00000002                                     : System.oe430X (.text:xdc_runtime_System_abortSpin__E)
                  00014268    00000002                                     : System.oe430X (.text:xdc_runtime_System_exitSpin__E)

MODULE SUMMARY

       Module                       code    ro data   rw data
       ------                       ----    -------   -------
    .\
       empty_min.obj                878     244       784    
       MSP_EXP430F5529LP.obj        38      46        114    
    +--+----------------------------+-------+---------+---------+
       Total:                       916     290       898    
                                                             
    C:\Users\Admin\workspace_v8\2018_08_06_newProject_RTOS_MPU6050\Debug\configPkg\package\cfg\
       empty_min_pe430X.oe430X      1762    765       1810   
    +--+----------------------------+-------+---------+---------+
       Total:                       1762    765       1810   
                                                             
    C:/ti/tirtos_msp43x_2_20_00_06/products/msp430_driverlib_2_70_01_01a/driverlib/MSP430F5xx_6xx/ccs/MSP430F5529.lib
       gpio.obj                     398     28        0      
       usci_b_i2c.obj               200     0         0      
    +--+----------------------------+-------+---------+---------+
       Total:                       598     28        0      
                                                             
    C:/ti/tirtos_msp43x_2_20_00_06/products/tidrivers_msp43x_2_20_00_08/packages/ti/drivers/lib/drivers_MSP430F5529.ae430X
       I2CUSCIB.oe430X              930     32        0      
       GPIOMSP430.oe430X            760     6         65     
       I2C.oe430X                   136     12        2      
    +--+----------------------------+-------+---------+---------+
       Total:                       1826    50        67     
                                                             
    C:\Users\Admin\workspace_v8\2018_08_06_newProject_RTOS_MPU6050\src\sysbios\sysbios.ae430X
       BIOS.obj                     7036    76        0      
       msp430_TaskSupport_asm.obj   164     0         0      
       msp430_Hwi_switch_asm.obj    50      0         0      
    +--+----------------------------+-------+---------+---------+
       Total:                       7250    76        0      
                                                             
    C:\ti\tirtos_msp43x_2_20_00_06\products\bios_6_46_00_23\packages\ti\catalog\msp430\init\lib\ti.catalog.msp430.init.ae430X
       Boot.oe430X                  84      0         0      
    +--+----------------------------+-------+---------+---------+
       Total:                       84      0         0      
                                                             
    C:\ti\tirtos_msp43x_2_20_00_06\products\bios_6_46_00_23\packages\ti\targets\msp430\rts430\lib\boot.ae430X
       boot.oe430X                  36      2         0      
       pre_init.oe430X              4       0         0      
    +--+----------------------------+-------+---------+---------+
       Total:                       40      2         0      
                                                             
    C:\ti\tirtos_msp43x_2_20_00_06\products\bios_6_46_00_23\packages\ti\targets\msp430\rts430\lib\ti.targets.msp430.rts430.ae430X
       System.oe430X                1692    26        0      
       Text.oe430X                  638     68        0      
       Core-mem.oe430X              574     0         0      
       Core-smem.oe430X             364     0         0      
       Startup.oe430X               286     42        0      
       Memory.oe430X                202     0         0      
       Assert.oe430X                104     6         0      
       Error.oe430X                 88      0         0      
       Core-params.oe430X           78      0         0      
       Core-label.oe430X            50      0         0      
       SysCallback.oe430X           32      0         0      
       Registry.oe430X              28      0         0      
       xdc_init.oe430X              20      4         2      
       Gate.oe430X                  20      0         0      
    +--+----------------------------+-------+---------+---------+
       Total:                       4176    146       2      
                                                             
    D:\user doc\TexasInstrument\ccsv8\tools\compiler\ti-cgt-msp430_18.1.1.LTS\lib\rts430x_lc_rd_eabi.lib
       copy_decompress_lzss.c.obj   118     0         0      
       div32u.asm.obj               88      0         0      
       args_main.c.obj              38      0         0      
       copy_zero_init.c.obj         36      0         0      
       mult32_f5hw.asm.obj          36      0         0      
       mult16_f5hw.asm.obj          24      0         0      
       _lock.c.obj                  14      0         8      
       div16u.asm.obj               22      0         0      
       memset.c.obj                 22      0         0      
       memcpy.c.obj                 20      0         0      
       copy_decompress_none.c.obj   18      0         0      
       strlen.c.obj                 14      0         0      
       lsl16.asm.obj                10      0         0      
    +--+----------------------------+-------+---------+---------+
       Total:                       460     0         8      
                                                             
       Stack:                       0       0         768    
       Linker Generated:            0       411       0      
    +--+----------------------------+-------+---------+---------+
       Grand Total:                 17112   1768      3553   


LINKER GENERATED COPY TABLES

__TI_cinit_table @ 00004b1a records: 2, size/record: 8, table size: 16
	.data: load addr=0000498e, load size=00000179 bytes, run addr=00002bac, run size=00000335 bytes, compression=lzss
	.bss: load addr=00004b14, load size=00000006 bytes, run addr=00002400, run size=000007ac bytes, compression=zero_init


LINKER GENERATED HANDLER TABLE

__TI_handler_table @ 00004b08 records: 3, size/record: 4, table size: 12
	index: 0, handler: __TI_zero_init
	index: 1, handler: __TI_decompress_lzss
	index: 2, handler: __TI_decompress_none


GLOBAL SYMBOLS: SORTED ALPHABETICALLY BY Name 

address   name                                                       
-------   ----                                                       
00000700  ADC12CTL0                                                  
00000701  ADC12CTL0_H                                                
00000700  ADC12CTL0_L                                                
00000702  ADC12CTL1                                                  
00000703  ADC12CTL1_H                                                
00000702  ADC12CTL1_L                                                
00000704  ADC12CTL2                                                  
00000705  ADC12CTL2_H                                                
00000704  ADC12CTL2_L                                                
0000070c  ADC12IE                                                    
0000070d  ADC12IE_H                                                  
0000070c  ADC12IE_L                                                  
0000070a  ADC12IFG                                                   
0000070b  ADC12IFG_H                                                 
0000070a  ADC12IFG_L                                                 
0000070e  ADC12IV                                                    
0000070f  ADC12IV_H                                                  
0000070e  ADC12IV_L                                                  
00000710  ADC12MCTL0                                                 
00000711  ADC12MCTL1                                                 
0000071a  ADC12MCTL10                                                
0000071b  ADC12MCTL11                                                
0000071c  ADC12MCTL12                                                
0000071d  ADC12MCTL13                                                
0000071e  ADC12MCTL14                                                
0000071f  ADC12MCTL15                                                
00000712  ADC12MCTL2                                                 
00000713  ADC12MCTL3                                                 
00000714  ADC12MCTL4                                                 
00000715  ADC12MCTL5                                                 
00000716  ADC12MCTL6                                                 
00000717  ADC12MCTL7                                                 
00000718  ADC12MCTL8                                                 
00000719  ADC12MCTL9                                                 
00000720  ADC12MEM0                                                  
00000721  ADC12MEM0_H                                                
00000720  ADC12MEM0_L                                                
00000722  ADC12MEM1                                                  
00000734  ADC12MEM10                                                 
00000735  ADC12MEM10_H                                               
00000734  ADC12MEM10_L                                               
00000736  ADC12MEM11                                                 
00000737  ADC12MEM11_H                                               
00000736  ADC12MEM11_L                                               
00000738  ADC12MEM12                                                 
00000739  ADC12MEM12_H                                               
00000738  ADC12MEM12_L                                               
0000073a  ADC12MEM13                                                 
0000073b  ADC12MEM13_H                                               
0000073a  ADC12MEM13_L                                               
0000073c  ADC12MEM14                                                 
0000073d  ADC12MEM14_H                                               
0000073c  ADC12MEM14_L                                               
0000073e  ADC12MEM15                                                 
0000073f  ADC12MEM15_H                                               
0000073e  ADC12MEM15_L                                               
00000723  ADC12MEM1_H                                                
00000722  ADC12MEM1_L                                                
00000724  ADC12MEM2                                                  
00000725  ADC12MEM2_H                                                
00000724  ADC12MEM2_L                                                
00000726  ADC12MEM3                                                  
00000727  ADC12MEM3_H                                                
00000726  ADC12MEM3_L                                                
00000728  ADC12MEM4                                                  
00000729  ADC12MEM4_H                                                
00000728  ADC12MEM4_L                                                
0000072a  ADC12MEM5                                                  
0000072b  ADC12MEM5_H                                                
0000072a  ADC12MEM5_L                                                
0000072c  ADC12MEM6                                                  
0000072d  ADC12MEM6_H                                                
0000072c  ADC12MEM6_L                                                
0000072e  ADC12MEM7                                                  
0000072f  ADC12MEM7_H                                                
0000072e  ADC12MEM7_L                                                
00000730  ADC12MEM8                                                  
00000731  ADC12MEM8_H                                                
00000730  ADC12MEM8_L                                                
00000732  ADC12MEM9                                                  
00000733  ADC12MEM9_H                                                
00000732  ADC12MEM9_L                                                
000008c0  CBCTL0                                                     
000008c1  CBCTL0_H                                                   
000008c0  CBCTL0_L                                                   
000008c2  CBCTL1                                                     
000008c3  CBCTL1_H                                                   
000008c2  CBCTL1_L                                                   
000008c4  CBCTL2                                                     
000008c5  CBCTL2_H                                                   
000008c4  CBCTL2_L                                                   
000008c6  CBCTL3                                                     
000008c7  CBCTL3_H                                                   
000008c6  CBCTL3_L                                                   
000008cc  CBINT                                                      
000008cd  CBINT_H                                                    
000008cc  CBINT_L                                                    
000008ce  CBIV                                                       
00000150  CRCDI                                                      
00000152  CRCDIRB                                                    
00000153  CRCDIRB_H                                                  
00000152  CRCDIRB_L                                                  
00000151  CRCDI_H                                                    
00000150  CRCDI_L                                                    
00000154  CRCINIRES                                                  
00000155  CRCINIRES_H                                                
00000154  CRCINIRES_L                                                
00000156  CRCRESR                                                    
00000157  CRCRESR_H                                                  
00000156  CRCRESR_L                                                  
00012c36  Calibracion                                                
00000510  DMA0CTL                                                    
00000511  DMA0CTL_H                                                  
00000510  DMA0CTL_L                                                  
00000516  DMA0DA                                                     
00000518  DMA0DAH                                                    
00000516  DMA0DAL                                                    
00000512  DMA0SA                                                     
00000514  DMA0SAH                                                    
00000512  DMA0SAL                                                    
0000051a  DMA0SZ                                                     
00000520  DMA1CTL                                                    
00000521  DMA1CTL_H                                                  
00000520  DMA1CTL_L                                                  
00000526  DMA1DA                                                     
00000528  DMA1DAH                                                    
00000526  DMA1DAL                                                    
00000522  DMA1SA                                                     
00000524  DMA1SAH                                                    
00000522  DMA1SAL                                                    
0000052a  DMA1SZ                                                     
00000530  DMA2CTL                                                    
00000531  DMA2CTL_H                                                  
00000530  DMA2CTL_L                                                  
00000536  DMA2DA                                                     
00000538  DMA2DAH                                                    
00000536  DMA2DAL                                                    
00000532  DMA2SA                                                     
00000534  DMA2SAH                                                    
00000532  DMA2SAL                                                    
0000053a  DMA2SZ                                                     
00000500  DMACTL0                                                    
00000501  DMACTL0_H                                                  
00000500  DMACTL0_L                                                  
00000502  DMACTL1                                                    
00000503  DMACTL1_H                                                  
00000502  DMACTL1_L                                                  
00000504  DMACTL2                                                    
00000505  DMACTL2_H                                                  
00000504  DMACTL2_L                                                  
00000506  DMACTL3                                                    
00000507  DMACTL3_H                                                  
00000506  DMACTL3_L                                                  
00000508  DMACTL4                                                    
00000509  DMACTL4_H                                                  
00000508  DMACTL4_L                                                  
0000050e  DMAIV                                                      
0000050f  DMAIV_H                                                    
0000050e  DMAIV_L                                                    
00000140  FCTL1                                                      
00000141  FCTL1_H                                                    
00000140  FCTL1_L                                                    
00000144  FCTL3                                                      
00000145  FCTL3_H                                                    
00000144  FCTL3_L                                                    
00000146  FCTL4                                                      
00000147  FCTL4_H                                                    
00000146  FCTL4_L                                                    
0000485c  GPIOMSP430_config                                          
00013c2e  GPIO_clearInterrupt                                        
00011b24  GPIO_init                                                  
00013872  GPIO_selectInterruptEdge                                   
0001363a  GPIO_setAsInputPin                                         
00013030  GPIO_setAsInputPinWithPullDownResistor                     
00013072  GPIO_setAsInputPinWithPullUpResistor                       
00013974  GPIO_setAsOutputPin                                        
0001399c  GPIO_setAsPeripheralModuleFunctionInputPin                 
0001283e  GPIO_setCallback                                           
00010c50  GPIO_setConfig                                             
00013d1e  GPIO_setOutputHighOnPin                                    
00013d3a  GPIO_setOutputLowOnPin                                     
00012762  GPIO_write                                                 
00011490  I2CUSCIB_cancel                                            
0001351a  I2CUSCIB_close                                             
000141b6  I2CUSCIB_control                                           
00004778  I2CUSCIB_fxnTable                                          
00014112  I2CUSCIB_init                                              
00011270  I2CUSCIB_open                                              
00011a66  I2CUSCIB_transfer                                          
0001408e  I2C_Params_init                                            
00014156  I2C_close                                                  
00004760  I2C_config                                                 
0000487a  I2C_defaultParams                                          
00013554  I2C_init                                                   
00013746  I2C_open                                                   
0001415e  I2C_transfer                                               
0001097c  InicializaIMU                                              
000046b4  IntrinsicsSupport_maxbitTable                              
00010d9e  LecturaDatosIMU                                            
000004c4  MAC                                                        
000004da  MAC32H                                                     
000004db  MAC32H_H                                                   
000004da  MAC32H_L                                                   
000004d8  MAC32L                                                     
000004d9  MAC32L_H                                                   
000004d8  MAC32L_L                                                   
000004c6  MACS                                                       
000004de  MACS32H                                                    
000004df  MACS32H_H                                                  
000004de  MACS32H_L                                                  
000004dc  MACS32L                                                    
[...]
00011a66  I2CUSCIB_transfer                                          
00011b24  GPIO_init                                                  
00011b24  MSP_EXP430F5529LP_initGPIO                                 
00011bdc  ti_sysbios_knl_Task_schedule__I                            
00011c94  xdc_runtime_Text_putSite__E                                
00011d4c  ti_sysbios_knl_Swi_schedule__I                             
00011e00  ti_sysbios_knl_Swi_run__I                                  
00011eaa  ti_sysbios_knl_Task_postInit__I                            
00011f4e  xdc_runtime_System_formatNum__I                            
00011fe8  ti_sysbios_heaps_HeapMem_Instance_init__E                  
00012080  ti_sysbios_knl_Clock_workFunc__E                           
00012118  ti_sysbios_family_msp430_Hwi_Module_startup__E             
000121a4  ti_sysbios_knl_Semaphore_post__E                           
0001222a  xdc_runtime_Text_putMod__E                                 
000122b0  ti_sysbios_heaps_HeapMem_getStats__E                       
00012332  xdc_runtime_Text_putLab__E                                 
000123b4  xdc_runtime_Memory_alloc__E                                
00012434  ti_sysbios_family_msp430_TaskSupport_buildTaskStack        
000124ac  __TI_decompress_lzss                                       
00012522  xdc_runtime_Core_deleteObject__I                           
00012598  ti_sysbios_family_msp430_Hwi_postInit__I                   
0001267e  ti_sysbios_family_msp430_Timer_periodicStub__E             
000126f0  ti_sysbios_heaps_HeapMem_init__I                           
00012762  GPIO_write                                                 
000127d0  ti_sysbios_knl_Swi_post__E                                 
0001283e  GPIO_setCallback                                           
000128a6  xdc_runtime_Assert_raise__I                                
0001290e  ti_sysbios_knl_Task_Module_startup__E                      
00012970  ti_sysbios_knl_Task_construct                              
000129d0  ti_sysbios_family_msp430_Timer_setNextTick__E              
00012a2e  ti_sysbios_family_msp430_TaskSupport_start__E              
00012a2e  ti_sysbios_knl_Task_SupportProxy_start__E                  
00012a8a  __mspabi_divul                                             
00012a8a  __mspabi_remul                                             
00012ae2  ti_sysbios_family_msp430_Timer_start__E                    
00012b38  ti_sysbios_knl_Task_blockI__E                              
00012b8e  ti_sysbios_family_msp430_Hwi_getStackInfo__E               
00012b8e  ti_sysbios_hal_Hwi_HwiProxy_getStackInfo__E                
00012b8e  ti_sysbios_hal_Hwi_getStackInfo__E                         
00012be2  ti_sysbios_knl_Task_processVitalTaskFlag__I                
00012c36  Calibracion                                                
00012c88  main                                                       
00012cda  ti_sysbios_family_msp430_Timer_initDevice__I               
00012d2c  ti_sysbios_knl_Task_unblockI__E                            
00012d7e  xdc_runtime_Startup_exec__E                                
00012dd0  ti_sysbios_knl_Semaphore_pendTimeout__I                    
00012e20  ti_sysbios_knl_Swi_restore__E                              
00012e70  ti_sysbios_knl_Task_exit__E                                
00012ebe  xdc_runtime_Core_assignParams__I                           
00012f0c  ti_catalog_msp430_init_Boot_configureDCO                   
00012f58  ti_sysbios_family_msp430_Timer_startup__E                  
00012f58  ti_sysbios_knl_Clock_TimerProxy_startup__E                 
00012fa2  ti_sysbios_hal_Hwi_checkStack                              
00012fea  ti_sysbios_family_msp430_Timer_Module_startup__E           
00013030  GPIO_setAsInputPinWithPullDownResistor                     
00013072  GPIO_setAsInputPinWithPullUpResistor                       
000130b4  ti_sysbios_family_msp430_Timer_getCount__E                 
000130f6  ti_sysbios_gates_GateHwi_Object__create__S                 
00013138  ti_sysbios_gates_GateMutex_Object__create__S               
0001317a  ti_sysbios_heaps_HeapMem_Object__create__S                 
000131bc  xdc_runtime_Text_xprintf__I                                
000131fe  ti_sysbios_knl_Task_allBlockedFunction__I                  
0001323e  xdc_runtime_Text_printVisFxn__I                            
0001327e  USCI_B_I2C_initMaster                                      
000132bc  ti_sysbios_knl_Clock_addI__E                               
000132fa  ti_sysbios_knl_Semaphore_construct                         
00013338  xdc_runtime_System_atexit__E                               
00013376  ti_sysbios_family_msp430_ClockFreqs_getFrequency__E        
000133b2  ti_sysbios_family_msp430_Hwi_Object__get__S                
000133ee  ti_sysbios_hal_Hwi_initStack                               
0001342a  ti_sysbios_heaps_HeapMem_Object__get__S                    
00013466  ti_sysbios_knl_Swi_Object__get__S                          
000134a2  ti_sysbios_knl_Task_Object__get__S                         
000134de  xdc_runtime_System_processAtExit__E                        
0001351a  I2CUSCIB_close                                             
00013554  I2C_init                                                   
0001358e  ti_sysbios_knl_Queue_construct                             
000135c8  xdc_runtime_System_putchar__I                              
00013602  ti_sysbios_family_msp430_Hwi53_p2                          
0001363a  GPIO_setAsInputPin                                         
00013670  ti_sysbios_gates_GateMutex_enter__E                        
000136a6  ti_sysbios_knl_Queue_put__E                                
000136dc  xdc_runtime_Error_raiseX__E                                
00013712  ti_sysbios_family_msp430_Timer_postInit__I                 
00013746  I2C_open                                                   
00013778  ti_sysbios_family_msp430_Timer_stop__E                     
000137aa  ti_sysbios_family_xxx_Hwi_switchAndRunFunc                 
000137dc  ti_sysbios_knl_Task_sleepTimeout__I                        
0001380e  xdc_runtime_Core_assignLabel__I                            
00013840  xdc_runtime_System_printf_va__E                            
00013840  xdc_runtime_System_printf_va__F                            
00013840  xdc_runtime_System_vprintf__E                              
00013872  GPIO_selectInterruptEdge                                   
000138a0  ti_sysbios_knl_Clock_doTick__I                             
000138cc  ti_sysbios_BIOS_atExitFunc__I                              
000138f6  ti_sysbios_knl_Clock_Module_startup__E                     
00013920  ti_sysbios_knl_Semaphore_Instance_init__E                  
0001394a  ti_sysbios_knl_Task_restore__E                             
00013974  GPIO_setAsOutputPin                                        
0001399c  GPIO_setAsPeripheralModuleFunctionInputPin                 
000139c4  ti_sysbios_BIOS_startFunc__I                               
000139ec  xdc_runtime_Text_cordText__E                               
00013a14  USCI_B_I2C_masterReceiveSingleStart                        
00013a3a  _args_main                                                 
00013a60  ti_sysbios_BIOS_RtsGateProxy_Object__delete__S             
00013a60  ti_sysbios_gates_GateMutex_Object__delete__S               
00013a60  ti_sysbios_heaps_HeapMem_Module_GateProxy_Object__delete__S
00013a86  ti_sysbios_knl_Swi_Module_startup__E                       
00013aac  ti_sysbios_knl_Task_unblock__E                             
00013ad2  __TI_zero_init                                             
00013af6  __mspabi_mpyl_f5hw                                         
00013b1a  ti_sysbios_BIOS_rtsLock__I                                 
00013b3e  ti_sysbios_gates_GateHwi_Object__delete__S                 
00013b3e  xdc_runtime_Main_Module_GateProxy_Object__delete__S        
00013b3e  xdc_runtime_System_Module_GateProxy_Object__delete__S      
00013b62  ti_sysbios_heaps_HeapMem_Object__delete__S                 
00013b62  xdc_runtime_Memory_HeapProxy_Object__delete__S             
00013b86  ti_sysbios_knl_Clock_startI__E                             
00013ba8  ti_sysbios_knl_Idle_run__E                                 
00013bca  ti_sysbios_knl_Task_restoreHwi__E                          
00013bec  xdc_runtime_Memory_valloc__E                               
00013c0e  xdc_runtime_Error_check__E                                 
00013c2e  GPIO_clearInterrupt                                        
00013c4c  taskFxn                                                    
00013c6a  ti_sysbios_BIOS_rtsUnlock__I                               
00013c88  ti_sysbios_gates_GateHwi_Handle__label__S                  
00013c88  xdc_runtime_Main_Module_GateProxy_Handle__label__S         
00013c88  xdc_runtime_System_Module_GateProxy_Handle__label__S       
00013ca6  ti_sysbios_BIOS_RtsGateProxy_Handle__label__S              
00013ca6  ti_sysbios_gates_GateMutex_Handle__label__S                
00013ca6  ti_sysbios_heaps_HeapMem_Module_GateProxy_Handle__label__S 
00013cc4  ti_sysbios_gates_GateMutex_Instance_init__E                
00013ce2  ti_sysbios_gates_GateMutex_leave__E                        
00013d00  ti_sysbios_heaps_HeapMem_Handle__label__S                  
00013d00  xdc_runtime_Memory_HeapProxy_Handle__label__S              
00013d1e  GPIO_setOutputHighOnPin                                    
00013d3a  GPIO_setOutputLowOnPin                                     
00013d56  _ti_sysbios_family_msp430_TaskSupport_swap__E              
00013d56  ti_sysbios_family_msp430_TaskSupport_swap__E               
00013d56  ti_sysbios_knl_Task_SupportProxy_swap__E                   
00013d8e  ti_sysbios_family_msp430_Hwi_Module__startupDone__F        
00013d8e  ti_sysbios_family_msp430_Hwi_Module__startupDone__S        
00013d8e  ti_sysbios_hal_Hwi_HwiProxy_Module__startupDone__S         
00013daa  ti_sysbios_family_msp430_Timer_Module__startupDone__F      
00013daa  ti_sysbios_family_msp430_Timer_Module__startupDone__S      
00013daa  ti_sysbios_knl_Clock_TimerProxy_Module__startupDone__S     
00013dc6  xdc_runtime_Registry_findById__E                           
00013de2  ti_sysbios_BIOS_exitFunc__I                                
00013dfc  ti_sysbios_BIOS_registerRTSLock__I                         
00013e16  ti_sysbios_BIOS_removeRTSLock__I                           
00013e30  ti_sysbios_knl_Semaphore_Object__destruct__S               
00013e4a  xdc_runtime_System_snprintf_va__E                          
00013e4a  xdc_runtime_System_snprintf_va__F                          
00013e4a  xdc_runtime_System_vsnprintf__E                            
00013e64  __mspabi_mpyi_f5hw                                         
00013e7c  ti_sysbios_BIOS_setThreadType__E                           
00013e94  ti_sysbios_knl_Queue_Object__destruct__S                   
00013eac  ti_sysbios_knl_Task_enter__I                               
00013ec4  memset                                                     
00013eda  __mspabi_divu                                              
00013eda  __mspabi_remu                                              
00013ef0  xdc_runtime_System_abort__E                                
00013f06  memcpy                                                     
00013f1a  ti_sysbios_knl_Queue_Object__get__S                        
00013f2e  xdc_runtime_Memory_calloc__E                               
00013f42  xdc_runtime_Startup_exec__I                                
00013f56  xdc_runtime_Text_ropeText__E                               
00013f6a  MSP_EXP430F5529LP_initI2C                                  
00013f7c  __TI_decompress_none                                       
00013f8e  ti_sysbios_gates_GateHwi_leave__E                          
00013fa0  xdc_runtime_System_exit__E                                 
00013fb2  xdc_runtime_System_printf__E                               
00013fd4  _ti_sysbios_family_msp430_TaskSupport_glue                 
00013fd4  ti_sysbios_family_msp430_TaskSupport_glue                  
00013fe4  ti_sysbios_family_msp430_TaskSupport_checkStack__E         
00013fe4  ti_sysbios_knl_Task_SupportProxy_checkStack__E             
00013ff4  ti_sysbios_hal_Hwi_Module_startup__E                       
00014004  USCI_B_I2C_masterReceiveMultiByteStart                     
00014012  USCI_B_I2C_setMode                                         
00014020  strlen                                                     
0001402e  ti_sysbios_family_msp430_Timer_getMaxTicks__E              
0001403c  ti_sysbios_gates_GateMutex_Instance_finalize__E            
0001404a  ti_sysbios_knl_Queue_empty__E                              
00014058  ti_sysbios_knl_Semaphore_Instance_finalize__E              
00014066  ti_sysbios_knl_Swi_disable__E                              
00014074  ti_sysbios_knl_Task_disable__E                             
00014082  ti_catalog_msp430_init_Boot_init                           
00014082  xdc_runtime_Startup_reset__I                               
0001408e  I2C_Params_init                                            
0001409a  USCI_B_I2C_clearInterrupt                                  
000140a6  USCI_B_I2C_disableInterrupt                                
000140b2  USCI_B_I2C_enableInterrupt                                 
000140be  USCI_B_I2C_setSlaveAddress                                 
000140ca  __sti___12_xdc_init_cpp_cdf1056f                           
000140d6  ti_sysbios_knl_Semaphore_Params__init__S                   
000140e2  ti_sysbios_knl_Task_Params__init__S                        
000140ee  xdc_runtime_Gate_leaveSystem__E                            
000140fa  xdc_runtime_Memory_free__E                                 
00014106  xdc_runtime_Startup_rtsDone__E                             
00014112  I2CUSCIB_init                                              
0001411c  __mspabi_slli                                              
00014126  osi_start                                                  
00014126  ti_sysbios_BIOS_start__E                                   
00014130  ti_sysbios_family_msp430_Hwi_enable                        
0001413a  ti_sysbios_hal_Hwi_enable                                  
00014144  ti_sysbios_knl_Queue_Instance_init__E                      
0001414e  ti_catalog_msp430_init_Boot_disableWatchdog                
00014156  I2C_close                                                  
0001415e  I2C_transfer                                               
00014166  __xdc__init                                                
0001416e  ti_sysbios_family_msp430_Hwi_disable                       
00014176  ti_sysbios_family_msp430_Hwi_switchFromBootStack__E        
00014176  ti_sysbios_hal_Hwi_HwiProxy_switchFromBootStack__E         
00014176  ti_sysbios_hal_Hwi_switchFromBootStack__E                  
0001417e  ti_sysbios_family_msp430_TaskSupport_getStackAlignment__E  
0001417e  ti_sysbios_knl_Task_SupportProxy_getStackAlignment__E      
00014186  ti_sysbios_gates_GateHwi_enter__E                          
0001418e  ti_sysbios_hal_Hwi_disable                                 
00014196  xdc_runtime_Gate_enterSystem__E                            
0001419e  xdc_runtime_Memory_HeapProxy_alloc__E                      
000141a6  xdc_runtime_Memory_HeapProxy_free__E                       
000141ae  xdc_runtime_Memory_getMaxDefaultTypeAlign__E               
000141b6  I2CUSCIB_control                                           
000141bc  USCI_B_I2C_disable                                         
000141c2  USCI_B_I2C_enable                                          
000141c8  USCI_B_I2C_masterReceiveMultiByteStop                      
000141ce  USCI_B_I2C_masterSendStart                                 
000141d4  _register_lock                                             
000141da  _register_unlock                                           
000141e0  ti_sysbios_heaps_HeapMem_isBlocking__E                     
000141e6  ti_sysbios_knl_Idle_loop__E                                
000141ec  ti_sysbios_knl_Swi_startup__E                              
000141f2  xdc_runtime_Text_visitRope__I                              
000141f8  _system_pre_init                                           
000141fc  ti_sysbios_BIOS_RtsGateProxy_enter__E                      
00014200  ti_sysbios_BIOS_RtsGateProxy_leave__E                      
00014204  ti_sysbios_family_msp430_Hwi_startup__E                    
00014204  ti_sysbios_hal_Hwi_HwiProxy_startup__E                     
00014204  ti_sysbios_hal_Hwi_startup__E                              
00014208  ti_sysbios_family_msp430_TaskSupport_Module__startupDone__S
00014208  ti_sysbios_knl_Task_SupportProxy_Module__startupDone__S    
0001420c  ti_sysbios_gates_GateHwi_query__E                          
0001420c  xdc_runtime_Main_Module_GateProxy_query__E                 
0001420c  xdc_runtime_System_Module_GateProxy_query__E               
00014210  ti_sysbios_BIOS_RtsGateProxy_query__E                      
00014210  ti_sysbios_gates_GateMutex_query__E                        
00014210  ti_sysbios_heaps_HeapMem_Module_GateProxy_query__E         
00014214  ti_sysbios_heaps_HeapMem_Module_GateProxy_enter__E         
00014218  ti_sysbios_heaps_HeapMem_Module_GateProxy_leave__E         
0001421c  ti_sysbios_knl_Clock_TimerProxy_getMaxTicks__E             
00014220  ti_sysbios_knl_Queue_destruct                              
00014224  ti_sysbios_knl_Semaphore_destruct                          
00014228  ti_sysbios_knl_Task_startup__E                             
0001422c  xdc_runtime_SysCallback_abort__E                           
0001422c  xdc_runtime_System_SupportProxy_abort__E                   
00014230  xdc_runtime_SysCallback_defaultReady                       
00014234  xdc_runtime_SysCallback_exit__E                            
00014234  xdc_runtime_System_SupportProxy_exit__E                    
00014238  xdc_runtime_SysCallback_flush__E                           
00014238  xdc_runtime_System_SupportProxy_flush__E                   
00014238  xdc_runtime_System_flush__E                                
0001423c  xdc_runtime_SysCallback_putch__E                           
0001423c  xdc_runtime_System_SupportProxy_putch__E                   
00014240  xdc_runtime_SysCallback_ready__E                           
00014240  xdc_runtime_System_SupportProxy_ready__E                   
00014244  xdc_runtime_System_Module_GateProxy_enter__E               
00014248  xdc_runtime_System_Module_GateProxy_leave__E               
0001424c  xdc_runtime_System_Module_startup__E                       
00014250  MSP_EXP430F5529LP_initGeneral                              
00014252  _nop                                                       
00014254  ti_sysbios_BIOS_linkedWithIncorrectBootLibrary__E          
00014256  ti_sysbios_BIOS_nullFunc__I                                
00014258  ti_sysbios_gates_GateHwi_Instance_init__E                  
0001425a  ti_sysbios_knl_Clock_logTick__E                            
0001425c  xdc_runtime_Error_policySpin__E                            
0001425e  xdc_runtime_SysCallback_defaultAbort                       
00014260  xdc_runtime_SysCallback_defaultExit                        
00014262  xdc_runtime_SysCallback_defaultFlush                       
00014264  xdc_runtime_SysCallback_defaultPutch                       
00014266  xdc_runtime_System_abortSpin__E                            
00014268  xdc_runtime_System_exitSpin__E                             
ffffffff  __TI_pprof_out_hndl                                        
ffffffff  __TI_prof_data_size                                        
ffffffff  __TI_prof_data_start                                       
ffffffff  __c_args__                                                 

[1256 symbols]
