Archive member included because of file (symbol)

C:/Users/Admin/workspace_v8/msp430_MSP-EXP430G2553LP_Servo/Debug\libmsp430_MSP-EXP430G2553LP_Servo.a(Servo.o)
                              ./2018_08_05_newProject_EnergiaMPU6050.o (Servo::attach(int))
C:/Users/Admin/workspace_v8/msp430_MSP-EXP430G2553LP_Arduino-MPU6050-master/Debug\libmsp430_MSP-EXP430G2553LP_Arduino-MPU6050-master.a(MPU6050.o)
                              ./2018_08_05_newProject_EnergiaMPU6050.o (MPU6050::readNormalizeGyro())
C:/Users/Admin/workspace_v8/msp430_MSP-EXP430G2553LP_Wire/Debug\libmsp430_MSP-EXP430G2553LP_Wire.a(Wire.o)
                              C:/Users/Admin/workspace_v8/msp430_MSP-EXP430G2553LP_Arduino-MPU6050-master/Debug\libmsp430_MSP-EXP430G2553LP_Arduino-MPU6050-master.a(MPU6050.o) (TwoWire::available())
C:/Users/Admin/workspace_v8/msp430_MSP-EXP430G2553LP_Wire/Debug\libmsp430_MSP-EXP430G2553LP_Wire.a(twi.o)
                              C:/Users/Admin/workspace_v8/msp430_MSP-EXP430G2553LP_Wire/Debug\libmsp430_MSP-EXP430G2553LP_Wire.a(Wire.o) (twi_setModule)
C:/Users/Admin/workspace_v8/msp430_MSP-EXP430G2553LP_Wire/Debug\libmsp430_MSP-EXP430G2553LP_Wire.a(twi_sw.o)
                              C:/Users/Admin/workspace_v8/msp430_MSP-EXP430G2553LP_Wire/Debug\libmsp430_MSP-EXP430G2553LP_Wire.a(twi.o) (i2c_sw_init)
C:/Users/Admin/workspace_v8/msp430_MSP-EXP430G2553LP_core/Debug\libmsp430_MSP-EXP430G2553LP_core.a(usci_isr_handler.o)
                              C:/Users/Admin/workspace_v8/msp430_MSP-EXP430G2553LP_Wire/Debug\libmsp430_MSP-EXP430G2553LP_Wire.a(twi.o) (usci_isr_install)
C:/Users/Admin/workspace_v8/msp430_MSP-EXP430G2553LP_core/Debug\libmsp430_MSP-EXP430G2553LP_core.a(wiring.o)
                              ./2018_08_05_newProject_EnergiaMPU6050.o (millis)
C:/Users/Admin/workspace_v8/msp430_MSP-EXP430G2553LP_core/Debug\libmsp430_MSP-EXP430G2553LP_core.a(wiring_digital.o)
                              C:/Users/Admin/workspace_v8/msp430_MSP-EXP430G2553LP_Servo/Debug\libmsp430_MSP-EXP430G2553LP_Servo.a(Servo.o) (pinMode)
C:/Users/Admin/workspace_v8/msp430_MSP-EXP430G2553LP_core/Debug\libmsp430_MSP-EXP430G2553LP_core.a(HardwareSerial.o)
                              ./2018_08_05_newProject_EnergiaMPU6050.o (Serial)
C:/Users/Admin/workspace_v8/msp430_MSP-EXP430G2553LP_core/Debug\libmsp430_MSP-EXP430G2553LP_core.a(main.o)
                              (main)
C:/Users/Admin/workspace_v8/msp430_MSP-EXP430G2553LP_core/Debug\libmsp430_MSP-EXP430G2553LP_core.a(new.o)
                              C:/Users/Admin/workspace_v8/msp430_MSP-EXP430G2553LP_Wire/Debug\libmsp430_MSP-EXP430G2553LP_Wire.a(Wire.o) (__cxa_pure_virtual)
C:/Users/Admin/workspace_v8/msp430_MSP-EXP430G2553LP_core/Debug\libmsp430_MSP-EXP430G2553LP_core.a(Print.o)
                              C:/Users/Admin/workspace_v8/msp430_MSP-EXP430G2553LP_Wire/Debug\libmsp430_MSP-EXP430G2553LP_Wire.a(Wire.o) (Print::write(unsigned char const*, unsigned int))
C:/Users/Admin/workspace_v8/msp430_MSP-EXP430G2553LP_core/Debug\libmsp430_MSP-EXP430G2553LP_core.a(WMath.o)
                              C:/Users/Admin/workspace_v8/msp430_MSP-EXP430G2553LP_Servo/Debug\libmsp430_MSP-EXP430G2553LP_Servo.a(Servo.o) (map(long, long, long, long, long))
C:/Users/Admin/workspace_v8/msp430_MSP-EXP430G2553LP_core/Debug\libmsp430_MSP-EXP430G2553LP_core.a(WString.o)
                              C:/Users/Admin/workspace_v8/msp430_MSP-EXP430G2553LP_core/Debug\libmsp430_MSP-EXP430G2553LP_core.a(Print.o) (String::operator[](unsigned int) const)
C:/Users/Admin/workspace_v8/msp430_MSP-EXP430G2553LP_core/Debug\libmsp430_MSP-EXP430G2553LP_core.a(atof.o)
                              C:/Users/Admin/workspace_v8/msp430_MSP-EXP430G2553LP_core/Debug\libmsp430_MSP-EXP430G2553LP_core.a(WString.o) (atof)
C:/Users/Admin/workspace_v8/msp430_MSP-EXP430G2553LP_core/Debug\libmsp430_MSP-EXP430G2553LP_core.a(dtostrf.o)
                              C:/Users/Admin/workspace_v8/msp430_MSP-EXP430G2553LP_core/Debug\libmsp430_MSP-EXP430G2553LP_core.a(WString.o) (dtostrf)
C:/Users/Admin/workspace_v8/msp430_MSP-EXP430G2553LP_core/Debug\libmsp430_MSP-EXP430G2553LP_core.a(itoa.o)
                              C:/Users/Admin/workspace_v8/msp430_MSP-EXP430G2553LP_core/Debug\libmsp430_MSP-EXP430G2553LP_core.a(WString.o) (ltoa)
C:/Users/Admin/workspace_v8/msp430_MSP-EXP430G2553LP_core/Debug\libmsp430_MSP-EXP430G2553LP_core.a(random.o)
                              C:/Users/Admin/workspace_v8/msp430_MSP-EXP430G2553LP_core/Debug\libmsp430_MSP-EXP430G2553LP_core.a(WMath.o) (random)
c:/users/admin/workspace_v8/energia-1.6.10e18/hardware/tools/msp430/bin/../lib/gcc/msp430/4.6.3/../../../../msp430/lib\libm.a(ef_sqrt.o)
                              C:/Users/Admin/workspace_v8/msp430_MSP-EXP430G2553LP_Arduino-MPU6050-master/Debug\libmsp430_MSP-EXP430G2553LP_Arduino-MPU6050-master.a(MPU6050.o) (sqrt)
[...]
Memory Configuration

Name             Origin             Length             Attributes
sfr              0x00000000         0x00000010
peripheral_8bit  0x00000010         0x000000f0
peripheral_16bit 0x00000100         0x00000100
ram              0x00000200         0x00000200         xw
infomem          0x00001000         0x00000100
infod            0x00001000         0x00000040
infoc            0x00001040         0x00000040
infob            0x00001080         0x00000040
infoa            0x000010c0         0x00000040
rom              0x0000c000         0x00003fe0         xr
vectors          0x0000ffe0         0x00000020
bsl              0x00000000         0x00000000
ram2             0x00000000         0x00000000         xw
ram_mirror       0x00000000         0x00000000         xw
signature        0x00000000         0x00000000
tinyram          0x00000000         0x00000000         xw
usbram           0x00000000         0x00000000         xw
far_rom          0x00000000         0x00000000
*default*        0x00000000         0xffffffff

Linker script and memory map

LOAD c:/users/admin/workspace_v8/energia-1.6.10e18/hardware/tools/msp430/bin/../lib/gcc/msp430/4.6.3/crt0ivtbl16.o
LOAD ./2018_08_05_newProject_EnergiaMPU6050.o
START GROUP
LOAD C:/Users/Admin/workspace_v8/msp430_MSP-EXP430G2553LP_Servo/Debug\libmsp430_MSP-EXP430G2553LP_Servo.a
LOAD C:/Users/Admin/workspace_v8/msp430_MSP-EXP430G2553LP_Arduino-MPU6050-master/Debug\libmsp430_MSP-EXP430G2553LP_Arduino-MPU6050-master.a
LOAD C:/Users/Admin/workspace_v8/msp430_MSP-EXP430G2553LP_Wire/Debug\libmsp430_MSP-EXP430G2553LP_Wire.a
LOAD C:/Users/Admin/workspace_v8/msp430_MSP-EXP430G2553LP_core/Debug\libmsp430_MSP-EXP430G2553LP_core.a
LOAD c:/users/admin/workspace_v8/energia-1.6.10e18/hardware/tools/msp430/bin/../lib/gcc/msp430/4.6.3/../../../../msp430/lib\libm.a
END GROUP
LOAD c:/users/admin/workspace_v8/energia-1.6.10e18/hardware/tools/msp430/bin/../lib/gcc/msp430/4.6.3\libgcc.a
LOAD c:/users/admin/workspace_v8/energia-1.6.10e18/hardware/tools/msp430/bin/../lib/gcc/msp430/4.6.3/../../../../msp430/lib\libc.a
LOAD c:/users/admin/workspace_v8/energia-1.6.10e18/hardware/tools/msp430/bin/../lib/gcc/msp430/4.6.3\libgcc.a
LOAD c:/users/admin/workspace_v8/energia-1.6.10e18/hardware/tools/msp430/bin/../lib/gcc/msp430/4.6.3\libcrt0.a
                0x00000040                PROVIDE (__info_segment_size, 0x40)
                0x00001000                PROVIDE (__infod, 0x1000)
                0x00001040                PROVIDE (__infoc, 0x1040)
                0x00001080                PROVIDE (__infob, 0x1080)
                0x000010c0                PROVIDE (__infoa, 0x10c0)
                0x00000000                __IE1 = 0x0
                0x00000002                __IFG1 = 0x2
                0x00000001                __IE2 = 0x1
                0x00000003                __IFG2 = 0x3
                0x00000048                __ADC10DTC0 = 0x48
                0x00000049                __ADC10DTC1 = 0x49
                0x0000004a                __ADC10AE0 = 0x4a
                0x000001b0                __ADC10CTL0 = 0x1b0
                0x000001b2                __ADC10CTL1 = 0x1b2
                0x000001b4                __ADC10MEM = 0x1b4
                0x000001bc                __ADC10SA = 0x1bc
                0x00000056                __DCOCTL = 0x56
                0x00000057                __BCSCTL1 = 0x57
                0x00000058                __BCSCTL2 = 0x58
                0x00000053                __BCSCTL3 = 0x53
                0x00000059                __CACTL1 = 0x59
                0x0000005a                __CACTL2 = 0x5a
                0x0000005b                __CAPD = 0x5b
                0x00000128                __FCTL1 = 0x128
                0x0000012a                __FCTL2 = 0x12a
                0x0000012c                __FCTL3 = 0x12c
                0x00000020                __P1IN = 0x20
                0x00000021                __P1OUT = 0x21
                0x00000022                __P1DIR = 0x22
                0x00000023                __P1IFG = 0x23
                0x00000024                __P1IES = 0x24
                0x00000025                __P1IE = 0x25
                0x00000026                __P1SEL = 0x26
                0x00000041                __P1SEL2 = 0x41
                0x00000027                __P1REN = 0x27
                0x00000028                __P2IN = 0x28
                0x00000029                __P2OUT = 0x29
                0x0000002a                __P2DIR = 0x2a
                0x0000002b                __P2IFG = 0x2b
                0x0000002c                __P2IES = 0x2c
                0x0000002d                __P2IE = 0x2d
                0x0000002e                __P2SEL = 0x2e
                0x00000042                __P2SEL2 = 0x42
                0x0000002f                __P2REN = 0x2f
                0x00000018                __P3IN = 0x18
                0x00000019                __P3OUT = 0x19
                0x0000001a                __P3DIR = 0x1a
                0x0000001b                __P3SEL = 0x1b
                0x00000043                __P3SEL2 = 0x43
                0x00000010                __P3REN = 0x10
                0x0000012e                __TA0IV = 0x12e
                0x00000160                __TA0CTL = 0x160
                0x00000162                __TA0CCTL0 = 0x162
                0x00000164                __TA0CCTL1 = 0x164
                0x00000166                __TA0CCTL2 = 0x166
                0x00000170                __TA0R = 0x170
                0x00000172                __TA0CCR0 = 0x172
                0x00000174                __TA0CCR1 = 0x174
                0x00000176                __TA0CCR2 = 0x176
                0x0000011e                __TA1IV = 0x11e
                0x00000180                __TA1CTL = 0x180
                0x00000182                __TA1CCTL0 = 0x182
                0x00000184                __TA1CCTL1 = 0x184
                0x00000186                __TA1CCTL2 = 0x186
                0x00000190                __TA1R = 0x190
                0x00000192                __TA1CCR0 = 0x192
                0x00000194                __TA1CCR1 = 0x194
                0x00000196                __TA1CCR2 = 0x196
                0x00000060                __UCA0CTL0 = 0x60
                0x00000061                __UCA0CTL1 = 0x61
                0x00000062                __UCA0BR0 = 0x62
                0x00000063                __UCA0BR1 = 0x63
                0x00000064                __UCA0MCTL = 0x64
                0x00000065                __UCA0STAT = 0x65
                0x00000066                __UCA0RXBUF = 0x66
                0x00000067                __UCA0TXBUF = 0x67
                0x0000005d                __UCA0ABCTL = 0x5d
                0x0000005e                __UCA0IRTCTL = 0x5e
                0x0000005f                __UCA0IRRCTL = 0x5f
                0x00000068                __UCB0CTL0 = 0x68
                0x00000069                __UCB0CTL1 = 0x69
                0x0000006a                __UCB0BR0 = 0x6a
                0x0000006b                __UCB0BR1 = 0x6b
                0x0000006c                __UCB0I2CIE = 0x6c
                0x0000006d                __UCB0STAT = 0x6d
                0x0000006e                __UCB0RXBUF = 0x6e
                0x0000006f                __UCB0TXBUF = 0x6f
                0x00000118                __UCB0I2COA = 0x118
                0x0000011a                __UCB0I2CSA = 0x11a
                0x00000120                __WDTCTL = 0x120
                0x000010f8                __CALDCO_16MHZ = 0x10f8
                0x000010f9                __CALBC1_16MHZ = 0x10f9
                0x000010fa                __CALDCO_12MHZ = 0x10fa
                0x000010fb                __CALBC1_12MHZ = 0x10fb
                0x000010fc                __CALDCO_8MHZ = 0x10fc
                0x000010fd                __CALBC1_8MHZ = 0x10fd
                0x000010fe                __CALDCO_1MHZ = 0x10fe
                0x000010ff                __CALBC1_1MHZ = 0x10ff
                0x000010c0                __TLV_CHECKSUM = 0x10c0
                0x000010f6                __TLV_DCO_30_TAG = 0x10f6
                0x000010f7                __TLV_DCO_30_LEN = 0x10f7
                0x000010da                __TLV_ADC10_1_TAG = 0x10da
                0x000010db                __TLV_ADC10_1_LEN = 0x10db

.hash
 *(.hash)

.dynsym
 *(.dynsym)

.dynstr
 *(.dynstr)

.gnu.version
 *(.gnu.version)

.gnu.version_d
 *(.gnu.version_d)

.gnu.version_r
 *(.gnu.version_r)

.rel.init
 *(.rel.init)

.rela.init
 *(.rela.init)

.rel.fini
 *(.rel.fini)

.rela.fini
 *(.rela.fini)

.rel.text
 *(.rel.text .rel.text.* .rel.gnu.linkonce.t.*)

.rela.text
 *(.rela.text .rela.text.* .rela.gnu.linkonce.t.*)

.rel.rodata
 *(.rel.rodata .rel.rodata.* .rel.gnu.linkonce.r.*)

.rela.rodata
 *(.rela.rodata .rela.rodata.* .rela.gnu.linkonce.r.*)

.rel.data
 *(.rel.data .rel.data.* .rel.gnu.linkonce.d.*)

.rela.data
 *(.rela.data .rela.data.* .rela.gnu.linkonce.d.*)

.rel.bss
 *(.rel.bss .rel.bss.* .rel.gnu.linkonce.b.*)

.rela.bss
 *(.rela.bss .rela.bss.* .rela.gnu.linkonce.b.*)

.rel.ctors
 *(.rel.ctors)

.rela.ctors
 *(.rela.ctors)

.rel.dtors
 *(.rel.dtors)

.rela.dtors
 *(.rela.dtors)

.rel.got
 *(.rel.got)

.rela.got
 *(.rela.got)

.rel.plt
 *(.rel.plt)

.rela.plt
 *(.rela.plt)

.text           0x0000c000     0x33c6
                0x0000c000                . = ALIGN (0x2)
 *(.init .init.*)
 *(.init0)
 .init0         0x0000c000        0x0 c:/users/admin/workspace_v8/energia-1.6.10e18/hardware/tools/msp430/bin/../lib/gcc/msp430/4.6.3\libcrt0.a(_reset_vector__.o)
                0x0000c000                _reset_vector__
 *(.init1)
 .init1         0x0000c000        0xc c:/users/admin/workspace_v8/energia-1.6.10e18/hardware/tools/msp430/bin/../lib/gcc/msp430/4.6.3\libcrt0.a(__watchdog_support.o)
                0x0000c000                __watchdog_support
 *(.init2)
 .init2         0x0000c00c        0x4 c:/users/admin/workspace_v8/energia-1.6.10e18/hardware/tools/msp430/bin/../lib/gcc/msp430/4.6.3\libcrt0.a(__init_stack.o)
                0x0000c00c                __init_stack
 *(.init3)
 .init3         0x0000c010        0x0 c:/users/admin/workspace_v8/energia-1.6.10e18/hardware/tools/msp430/bin/../lib/gcc/msp430/4.6.3\libcrt0.a(__low_level_init.o)
                0x0000c010                __low_level_init
 *(.init4)
 .init4         0x0000c010       0x18 c:/users/admin/workspace_v8/energia-1.6.10e18/hardware/tools/msp430/bin/../lib/gcc/msp430/4.6.3\libcrt0.a(_copy_data.o)
                0x0000c010                __do_copy_data
 .init4         0x0000c028       0x16 c:/users/admin/workspace_v8/energia-1.6.10e18/hardware/tools/msp430/bin/../lib/gcc/msp430/4.6.3\libcrt0.a(_clear_bss.o)
                0x0000c028                __do_clear_bss
 *(.init5)
 *(.init6)
 .init6         0x0000c03e       0x14 c:/users/admin/workspace_v8/energia-1.6.10e18/hardware/tools/msp430/bin/../lib/gcc/msp430/4.6.3\libcrt0.a(_ctors430.o)
                0x0000c03e                __do_global_ctors
 *(.init7)
 *(.init8)
 *(.init9)
 .init9         0x0000c052       0x24 C:/Users/Admin/workspace_v8/msp430_MSP-EXP430G2553LP_core/Debug\libmsp430_MSP-EXP430G2553LP_core.a(main.o)
                0x0000c052                main
 *(.fini9)
 .fini9         0x0000c076        0x0 c:/users/admin/workspace_v8/energia-1.6.10e18/hardware/tools/msp430/bin/../lib/gcc/msp430/4.6.3\libcrt0.a(__stop_progExec__.o)
                0x0000c076                __stop_progExec__
 *(.fini8)
 *(.fini7)
 *(.fini6)
 *(.fini5)
 *(.fini4)
 *(.fini3)
 *(.fini2)
 *(.fini1)
 *(.fini0)
 .fini0         0x0000c076        0x6 c:/users/admin/workspace_v8/energia-1.6.10e18/hardware/tools/msp430/bin/../lib/gcc/msp430/4.6.3\libcrt0.a(_endless_loop__.o)
                0x0000c076                _endless_loop__
 *(.fini .fini.*)
                0x0000c07c                . = ALIGN (0x2)
                0x0000c07c                __ctors_start = .
 *(.ctors)
 .ctors         0x0000c07c        0x2 ./2018_08_05_newProject_EnergiaMPU6050.o
 .ctors         0x0000c07e        0x2 C:/Users/Admin/workspace_v8/msp430_MSP-EXP430G2553LP_Wire/Debug\libmsp430_MSP-EXP430G2553LP_Wire.a(Wire.o)
 .ctors         0x0000c080        0x2 C:/Users/Admin/workspace_v8/msp430_MSP-EXP430G2553LP_core/Debug\libmsp430_MSP-EXP430G2553LP_core.a(HardwareSerial.o)
                0x0000c082                __ctors_end = .
                0x0000c082                __dtors_start = .
 *(.dtors)
                0x0000c082                __dtors_end = .
                0x0000c082                . = ALIGN (0x2)
 *(.text .text.* .gnu.linkonce.t.*)
 .text          0x0000c082        0x4 c:/users/admin/workspace_v8/energia-1.6.10e18/hardware/tools/msp430/bin/../lib/gcc/msp430/4.6.3/crt0ivtbl16.o
                0x0000c082                __isr_14
                0x0000c082                __isr_4
                0x0000c082                __isr_11
                0x0000c082                __isr_5
                0x0000c082                __isr_2
                0x0000c082                __isr_0
                0x0000c082                __isr_8
                0x0000c082                __isr_3
                0x0000c082                __isr_12
                0x0000c082                __isr_13
                0x0000c082                __isr_1
 .text.setup    0x0000c086       0x5e ./2018_08_05_newProject_EnergiaMPU6050.o
                0x0000c086                setup
 .text.loop     0x0000c0e4      0x14e ./2018_08_05_newProject_EnergiaMPU6050.o
                0x0000c0e4                loop
 .text.startup._GLOBAL__sub_I_mpu
                0x0000c232        0xa ./2018_08_05_newProject_EnergiaMPU6050.o
 .text._ZL11Timer_A_intv
                0x0000c23c       0xe0 C:/Users/Admin/workspace_v8/msp430_MSP-EXP430G2553LP_Servo/Debug\libmsp430_MSP-EXP430G2553LP_Servo.a(Servo.o)
                0x0000c23c                __isr_9
 .text._ZN5ServoC2Ev
                0x0000c31c       0x28 C:/Users/Admin/workspace_v8/msp430_MSP-EXP430G2553LP_Servo/Debug\libmsp430_MSP-EXP430G2553LP_Servo.a(Servo.o)
                0x0000c31c                Servo::Servo()
                0x0000c31c                Servo::Servo()
 .text._ZN5Servo6attachEiii
                0x0000c344      0x1b4 C:/Users/Admin/workspace_v8/msp430_MSP-EXP430G2553LP_Servo/Debug\libmsp430_MSP-EXP430G2553LP_Servo.a(Servo.o)
                0x0000c344                Servo::attach(int, int, int)
 .text._ZN5Servo6attachEi
                0x0000c4f8        0xe C:/Users/Admin/workspace_v8/msp430_MSP-EXP430G2553LP_Servo/Debug\libmsp430_MSP-EXP430G2553LP_Servo.a(Servo.o)
                0x0000c4f8                Servo::attach(int)
 .text._ZN5Servo17writeMicrosecondsEi
                0x0000c506       0x50 C:/Users/Admin/workspace_v8/msp430_MSP-EXP430G2553LP_Servo/Debug\libmsp430_MSP-EXP430G2553LP_Servo.a(Servo.o)
                0x0000c506                Servo::writeMicroseconds(int)
 .text._ZN5Servo5writeEi
                0x0000c556       0x96 C:/Users/Admin/workspace_v8/msp430_MSP-EXP430G2553LP_Servo/Debug\libmsp430_MSP-EXP430G2553LP_Servo.a(Servo.o)
                0x0000c556                Servo::write(int)
 .text._ZN7MPU605011readRawGyroEv
                0x0000c5ec      0x144 C:/Users/Admin/workspace_v8/msp430_MSP-EXP430G2553LP_Arduino-MPU6050-master/Debug\libmsp430_MSP-EXP430G2553LP_Arduino-MPU6050-master.a(MPU6050.o)
                0x0000c5ec                MPU6050::readRawGyro()
 .text._ZN7MPU605017readNormalizeGyroEv
                0x0000c730      0x1f6 C:/Users/Admin/workspace_v8/msp430_MSP-EXP430G2553LP_Arduino-MPU6050-master/Debug\libmsp430_MSP-EXP430G2553LP_Arduino-MPU6050-master.a(MPU6050.o)
                0x0000c730                MPU6050::readNormalizeGyro()
 .text._ZN7MPU605012setThresholdEh
                0x0000c926       0xb4 C:/Users/Admin/workspace_v8/msp430_MSP-EXP430G2553LP_Arduino-MPU6050-master/Debug\libmsp430_MSP-EXP430G2553LP_Arduino-MPU6050-master.a(MPU6050.o)
                0x0000c926                MPU6050::setThreshold(unsigned char)
 .text._ZN7MPU605013calibrateGyroEh
                0x0000c9da      0x2ee C:/Users/Admin/workspace_v8/msp430_MSP-EXP430G2553LP_Arduino-MPU6050-master/Debug\libmsp430_MSP-EXP430G2553LP_Arduino-MPU6050-master.a(MPU6050.o)
                0x0000c9da                MPU6050::calibrateGyro(unsigned char)
 .text._ZN7MPU605013fastRegister8Eh
                0x0000ccc8       0x5a C:/Users/Admin/workspace_v8/msp430_MSP-EXP430G2553LP_Arduino-MPU6050-master/Debug\libmsp430_MSP-EXP430G2553LP_Arduino-MPU6050-master.a(MPU6050.o)
                0x0000ccc8                MPU6050::fastRegister8(unsigned char)
 .text._ZN7MPU605013readRegister8Eh
                0x0000cd22       0x66 C:/Users/Admin/workspace_v8/msp430_MSP-EXP430G2553LP_Arduino-MPU6050-master/Debug\libmsp430_MSP-EXP430G2553LP_Arduino-MPU6050-master.a(MPU6050.o)
                0x0000cd22                MPU6050::readRegister8(unsigned char)
 .text._ZN7MPU605014writeRegister8Ehh
                0x0000cd88       0x36 C:/Users/Admin/workspace_v8/msp430_MSP-EXP430G2553LP_Arduino-MPU6050-master/Debug\libmsp430_MSP-EXP430G2553LP_Arduino-MPU6050-master.a(MPU6050.o)
                0x0000cd88                MPU6050::writeRegister8(unsigned char, unsigned char)
 .text._ZN7MPU605014setClockSourceE21mpu6050_clockSource_t
                0x0000cdbe       0x28 C:/Users/Admin/workspace_v8/msp430_MSP-EXP430G2553LP_Arduino-MPU6050-master/Debug\libmsp430_MSP-EXP430G2553LP_Arduino-MPU6050-master.a(MPU6050.o)
                0x0000cdbe                MPU6050::setClockSource(mpu6050_clockSource_t)
 .text._ZN7MPU60508setRangeE15mpu6050_range_t
                0x0000cde6       0x7c C:/Users/Admin/workspace_v8/msp430_MSP-EXP430G2553LP_Arduino-MPU6050-master/Debug\libmsp430_MSP-EXP430G2553LP_Arduino-MPU6050-master.a(MPU6050.o)
                0x0000cde6                MPU6050::setRange(mpu6050_range_t)
 .text._ZN7MPU60508setScaleE13mpu6050_dps_t
                0x0000ce62       0x7c C:/Users/Admin/workspace_v8/msp430_MSP-EXP430G2553LP_Arduino-MPU6050-master/Debug\libmsp430_MSP-EXP430G2553LP_Arduino-MPU6050-master.a(MPU6050.o)
                0x0000ce62                MPU6050::setScale(mpu6050_dps_t)
 .text._ZN7MPU605016writeRegisterBitEhhb
                0x0000cede       0x54 C:/Users/Admin/workspace_v8/msp430_MSP-EXP430G2553LP_Arduino-MPU6050-master/Debug\libmsp430_MSP-EXP430G2553LP_Arduino-MPU6050-master.a(MPU6050.o)
                0x0000cede                MPU6050::writeRegisterBit(unsigned char, unsigned char, bool)
 .text._ZN7MPU605015setSleepEnabledEb
                0x0000cf32       0x10 C:/Users/Admin/workspace_v8/msp430_MSP-EXP430G2553LP_Arduino-MPU6050-master/Debug\libmsp430_MSP-EXP430G2553LP_Arduino-MPU6050-master.a(MPU6050.o)
                0x0000cf32                MPU6050::setSleepEnabled(bool)
 .text._ZN7MPU60505beginE13mpu6050_dps_t15mpu6050_range_ti
                0x0000cf42       0x98 C:/Users/Admin/workspace_v8/msp430_MSP-EXP430G2553LP_Arduino-MPU6050-master/Debug\libmsp430_MSP-EXP430G2553LP_Arduino-MPU6050-master.a(MPU6050.o)
                0x0000cf42                MPU6050::begin(mpu6050_dps_t, mpu6050_range_t, int)
 .text._ZN7TwoWire9availableEv
                0x0000cfda        0xc C:/Users/Admin/workspace_v8/msp430_MSP-EXP430G2553LP_Wire/Debug\libmsp430_MSP-EXP430G2553LP_Wire.a(Wire.o)
                0x0000cfda                TwoWire::available()
 .text._ZN7TwoWire4readEv
                0x0000cfe6       0x1c C:/Users/Admin/workspace_v8/msp430_MSP-EXP430G2553LP_Wire/Debug\libmsp430_MSP-EXP430G2553LP_Wire.a(Wire.o)
                0x0000cfe6                TwoWire::read()
 .text._ZN7TwoWire4peekEv
                0x0000d002       0x16 C:/Users/Admin/workspace_v8/msp430_MSP-EXP430G2553LP_Wire/Debug\libmsp430_MSP-EXP430G2553LP_Wire.a(Wire.o)
                0x0000d002                TwoWire::peek()
 .text._ZN7TwoWire5flushEv
                0x0000d018        0x2 C:/Users/Admin/workspace_v8/msp430_MSP-EXP430G2553LP_Wire/Debug\libmsp430_MSP-EXP430G2553LP_Wire.a(Wire.o)
                0x0000d018                TwoWire::flush()
 .text._ZN7TwoWire5writeEPKhj
                0x0000d01a       0x4c C:/Users/Admin/workspace_v8/msp430_MSP-EXP430G2553LP_Wire/Debug\libmsp430_MSP-EXP430G2553LP_Wire.a(Wire.o)
                0x0000d01a                TwoWire::write(unsigned char const*, unsigned int)
 .text._ZN7TwoWire5writeEh
                0x0000d066       0x48 C:/Users/Admin/workspace_v8/msp430_MSP-EXP430G2553LP_Wire/Debug\libmsp430_MSP-EXP430G2553LP_Wire.a(Wire.o)
                0x0000d066                TwoWire::write(unsigned char)
 .text._ZN7TwoWire5beginEv
                0x0000d0ae       0x16 C:/Users/Admin/workspace_v8/msp430_MSP-EXP430G2553LP_Wire/Debug\libmsp430_MSP-EXP430G2553LP_Wire.a(Wire.o)
                0x0000d0ae                TwoWire::begin()
 .text._ZN7TwoWire11requestFromEhhh
                0x0000d0c4       0x1e C:/Users/Admin/workspace_v8/msp430_MSP-EXP430G2553LP_Wire/Debug\libmsp430_MSP-EXP430G2553LP_Wire.a(Wire.o)
                0x0000d0c4                TwoWire::requestFrom(unsigned char, unsigned char, unsigned char)
 .text._ZN7TwoWire11requestFromEii
                0x0000d0e2        0x8 C:/Users/Admin/workspace_v8/msp430_MSP-EXP430G2553LP_Wire/Debug\libmsp430_MSP-EXP430G2553LP_Wire.a(Wire.o)
                0x0000d0e2                TwoWire::requestFrom(int, int)
 .text._ZN7TwoWire17beginTransmissionEi
                0x0000d0ea       0x12 C:/Users/Admin/workspace_v8/msp430_MSP-EXP430G2553LP_Wire/Debug\libmsp430_MSP-EXP430G2553LP_Wire.a(Wire.o)
                0x0000d0ea                TwoWire::beginTransmission(int)
 .text._ZN7TwoWire15endTransmissionEh
                0x0000d0fc       0x24 C:/Users/Admin/workspace_v8/msp430_MSP-EXP430G2553LP_Wire/Debug\libmsp430_MSP-EXP430G2553LP_Wire.a(Wire.o)
                0x0000d0fc                TwoWire::endTransmission(unsigned char)
 .text._ZN7TwoWire15endTransmissionEv
                0x0000d120        0x8 C:/Users/Admin/workspace_v8/msp430_MSP-EXP430G2553LP_Wire/Debug\libmsp430_MSP-EXP430G2553LP_Wire.a(Wire.o)
                0x0000d120                TwoWire::endTransmission()
 .text.startup._GLOBAL__sub_I__ZN7TwoWire8rxBufferE
                0x0000d128       0x1a C:/Users/Admin/workspace_v8/msp430_MSP-EXP430G2553LP_Wire/Debug\libmsp430_MSP-EXP430G2553LP_Wire.a(Wire.o)
 .text.twi_init_port
                0x0000d142       0x30 C:/Users/Admin/workspace_v8/msp430_MSP-EXP430G2553LP_Wire/Debug\libmsp430_MSP-EXP430G2553LP_Wire.a(twi.o)
 .text.twi_init
                0x0000d172       0x88 C:/Users/Admin/workspace_v8/msp430_MSP-EXP430G2553LP_Wire/Debug\libmsp430_MSP-EXP430G2553LP_Wire.a(twi.o)
                0x0000d172                twi_init
 .text.twi_readFrom
                0x0000d1fa      0x104 C:/Users/Admin/workspace_v8/msp430_MSP-EXP430G2553LP_Wire/Debug\libmsp430_MSP-EXP430G2553LP_Wire.a(twi.o)
                0x0000d1fa                twi_readFrom
 .text.twi_writeTo
                0x0000d2fe       0xfe C:/Users/Admin/workspace_v8/msp430_MSP-EXP430G2553LP_Wire/Debug\libmsp430_MSP-EXP430G2553LP_Wire.a(twi.o)
                0x0000d2fe                twi_writeTo
 .text.twi_transmit
                0x0000d3fc       0x2e C:/Users/Admin/workspace_v8/msp430_MSP-EXP430G2553LP_Wire/Debug\libmsp430_MSP-EXP430G2553LP_Wire.a(twi.o)
                0x0000d3fc                twi_transmit
 .text.i2c_txrx_isr
                0x0000d42a      0x156 C:/Users/Admin/workspace_v8/msp430_MSP-EXP430G2553LP_Wire/Debug\libmsp430_MSP-EXP430G2553LP_Wire.a(twi.o)
                0x0000d42a                i2c_txrx_isr
 .text.i2c_state_isr
                0x0000d580       0xe4 C:/Users/Admin/workspace_v8/msp430_MSP-EXP430G2553LP_Wire/Debug\libmsp430_MSP-EXP430G2553LP_Wire.a(twi.o)
                0x0000d580                i2c_state_isr
 .text.i2c_sw_init
                0x0000d664       0x2a C:/Users/Admin/workspace_v8/msp430_MSP-EXP430G2553LP_Wire/Debug\libmsp430_MSP-EXP430G2553LP_Wire.a(twi_sw.o)
                0x0000d664                i2c_sw_init
 .text.i2c_sw_txByte
                0x0000d68e       0x8e C:/Users/Admin/workspace_v8/msp430_MSP-EXP430G2553LP_Wire/Debug\libmsp430_MSP-EXP430G2553LP_Wire.a(twi_sw.o)
                0x0000d68e                i2c_sw_txByte
 .text.i2c_sw_start
                0x0000d71c       0x3c C:/Users/Admin/workspace_v8/msp430_MSP-EXP430G2553LP_Wire/Debug\libmsp430_MSP-EXP430G2553LP_Wire.a(twi_sw.o)
                0x0000d71c                i2c_sw_start
 .text.i2c_sw_rxByte
                0x0000d758       0xb2 C:/Users/Admin/workspace_v8/msp430_MSP-EXP430G2553LP_Wire/Debug\libmsp430_MSP-EXP430G2553LP_Wire.a(twi_sw.o)
                0x0000d758                i2c_sw_rxByte
 .text.i2c_sw_stop
                0x0000d80a       0x38 C:/Users/Admin/workspace_v8/msp430_MSP-EXP430G2553LP_Wire/Debug\libmsp430_MSP-EXP430G2553LP_Wire.a(twi_sw.o)
                0x0000d80a                i2c_sw_stop
 .text.i2c_sw_write
                0x0000d842       0x60 C:/Users/Admin/workspace_v8/msp430_MSP-EXP430G2553LP_Wire/Debug\libmsp430_MSP-EXP430G2553LP_Wire.a(twi_sw.o)
                0x0000d842                i2c_sw_write
 .text.i2c_sw_read
                0x0000d8a2       0x6c C:/Users/Admin/workspace_v8/msp430_MSP-EXP430G2553LP_Wire/Debug\libmsp430_MSP-EXP430G2553LP_Wire.a(twi_sw.o)
                0x0000d8a2                i2c_sw_read
 .text.usci_isr_install
                0x0000d90e        0x2 C:/Users/Admin/workspace_v8/msp430_MSP-EXP430G2553LP_core/Debug\libmsp430_MSP-EXP430G2553LP_core.a(usci_isr_handler.o)
                0x0000d90e                usci_isr_install
 .text.USCIAB0TX_ISR
                0x0000d910       0x66 C:/Users/Admin/workspace_v8/msp430_MSP-EXP430G2553LP_core/Debug\libmsp430_MSP-EXP430G2553LP_core.a(usci_isr_handler.o)
                0x0000d910                USCIAB0TX_ISR
                0x0000d910                __isr_6
 .text.USCIAB0RX_ISR
                0x0000d976       0x58 C:/Users/Admin/workspace_v8/msp430_MSP-EXP430G2553LP_core/Debug\libmsp430_MSP-EXP430G2553LP_core.a(usci_isr_handler.o)
                0x0000d976                USCIAB0RX_ISR
                0x0000d976                __isr_7
 .text.enableXtal
                0x0000d9ce       0x62 C:/Users/Admin/workspace_v8/msp430_MSP-EXP430G2553LP_core/Debug\libmsp430_MSP-EXP430G2553LP_core.a(wiring.o)
                0x0000d9ce                enableXtal
 .text.initClocks
                0x0000da30       0x1c C:/Users/Admin/workspace_v8/msp430_MSP-EXP430G2553LP_core/Debug\libmsp430_MSP-EXP430G2553LP_core.a(wiring.o)
                0x0000da30                initClocks
 .text.init     0x0000da4c       0x18 C:/Users/Admin/workspace_v8/msp430_MSP-EXP430G2553LP_core/Debug\libmsp430_MSP-EXP430G2553LP_core.a(wiring.o)
                0x0000da4c                init
 .text.millis   0x0000da64       0x12 C:/Users/Admin/workspace_v8/msp430_MSP-EXP430G2553LP_core/Debug\libmsp430_MSP-EXP430G2553LP_core.a(wiring.o)
                0x0000da64                millis
 .text.delay    0x0000da76       0x7e C:/Users/Admin/workspace_v8/msp430_MSP-EXP430G2553LP_core/Debug\libmsp430_MSP-EXP430G2553LP_core.a(wiring.o)
                0x0000da76                delay
 .text.watchdog_isr
                0x0000daf4       0x82 C:/Users/Admin/workspace_v8/msp430_MSP-EXP430G2553LP_core/Debug\libmsp430_MSP-EXP430G2553LP_core.a(wiring.o)
                0x0000daf4                __isr_10
                0x0000daf4                watchdog_isr
 .text.pinMode  0x0000db76       0x7a C:/Users/Admin/workspace_v8/msp430_MSP-EXP430G2553LP_core/Debug\libmsp430_MSP-EXP430G2553LP_core.a(wiring_digital.o)
                0x0000db76                pinMode
 .text.pinMode_int
                0x0000dbf0       0xa0 C:/Users/Admin/workspace_v8/msp430_MSP-EXP430G2553LP_core/Debug\libmsp430_MSP-EXP430G2553LP_core.a(wiring_digital.o)
                0x0000dbf0                pinMode_int
 .text.digitalRead
                0x0000dc90       0x42 C:/Users/Admin/workspace_v8/msp430_MSP-EXP430G2553LP_core/Debug\libmsp430_MSP-EXP430G2553LP_core.a(wiring_digital.o)
                0x0000dc90                digitalRead
 .text.digitalWrite
                0x0000dcd2       0x4a C:/Users/Admin/workspace_v8/msp430_MSP-EXP430G2553LP_core/Debug\libmsp430_MSP-EXP430G2553LP_core.a(wiring_digital.o)
                0x0000dcd2                digitalWrite
 .text._ZN14HardwareSerial9availableEv
                0x0000dd1c       0x12 C:/Users/Admin/workspace_v8/msp430_MSP-EXP430G2553LP_core/Debug\libmsp430_MSP-EXP430G2553LP_core.a(HardwareSerial.o)
                0x0000dd1c                HardwareSerial::available()
 .text._ZN14HardwareSerial4peekEv
                0x0000dd2e       0x1e C:/Users/Admin/workspace_v8/msp430_MSP-EXP430G2553LP_core/Debug\libmsp430_MSP-EXP430G2553LP_core.a(HardwareSerial.o)
                0x0000dd2e                HardwareSerial::peek()
 .text._ZN14HardwareSerial4readEv
                0x0000dd4c       0x2c C:/Users/Admin/workspace_v8/msp430_MSP-EXP430G2553LP_core/Debug\libmsp430_MSP-EXP430G2553LP_core.a(HardwareSerial.o)
                0x0000dd4c                HardwareSerial::read()
 .text._ZN14HardwareSerial5flushEv
                0x0000dd78       0x12 C:/Users/Admin/workspace_v8/msp430_MSP-EXP430G2553LP_core/Debug\libmsp430_MSP-EXP430G2553LP_core.a(HardwareSerial.o)
                0x0000dd78                HardwareSerial::flush()
 .text._ZN14HardwareSerial5writeEh
                0x0000dd8a       0x3c C:/Users/Admin/workspace_v8/msp430_MSP-EXP430G2553LP_core/Debug\libmsp430_MSP-EXP430G2553LP_core.a(HardwareSerial.o)
                0x0000dd8a                HardwareSerial::write(unsigned char)
 .text._Z11serialEventv
                0x0000ddc6        0x2 C:/Users/Admin/workspace_v8/msp430_MSP-EXP430G2553LP_core/Debug\libmsp430_MSP-EXP430G2553LP_core.a(HardwareSerial.o)
                0x0000ddc6                serialEvent()
 .text._Z14serialEventRunv
                0x0000ddc8       0x1a C:/Users/Admin/workspace_v8/msp430_MSP-EXP430G2553LP_core/Debug\libmsp430_MSP-EXP430G2553LP_core.a(HardwareSerial.o)
                0x0000ddc8                serialEventRun()
 .text._ZN14HardwareSerial5beginEm
                0x0000dde2      0x136 C:/Users/Admin/workspace_v8/msp430_MSP-EXP430G2553LP_core/Debug\libmsp430_MSP-EXP430G2553LP_core.a(HardwareSerial.o)
                0x0000dde2                HardwareSerial::begin(unsigned long)
 .text.uart_rx_isr
                0x0000df18       0x28 C:/Users/Admin/workspace_v8/msp430_MSP-EXP430G2553LP_core/Debug\libmsp430_MSP-EXP430G2553LP_core.a(HardwareSerial.o)
                0x0000df18                uart_rx_isr
 .text.uart_tx_isr
                0x0000df40       0x3c C:/Users/Admin/workspace_v8/msp430_MSP-EXP430G2553LP_core/Debug\libmsp430_MSP-EXP430G2553LP_core.a(HardwareSerial.o)
                0x0000df40                uart_tx_isr
 .text.startup._GLOBAL__sub_I_rx_buffer
                0x0000df7c       0x44 C:/Users/Admin/workspace_v8/msp430_MSP-EXP430G2553LP_core/Debug\libmsp430_MSP-EXP430G2553LP_core.a(HardwareSerial.o)
 .text._ZN5Print5writeEPKhj
                0x0000dfc0       0x2e C:/Users/Admin/workspace_v8/msp430_MSP-EXP430G2553LP_core/Debug\libmsp430_MSP-EXP430G2553LP_core.a(Print.o)
                0x0000dfc0                Print::write(unsigned char const*, unsigned int)
 .text._ZN5Print5printEPKc
                0x0000dfee       0x16 C:/Users/Admin/workspace_v8/msp430_MSP-EXP430G2553LP_core/Debug\libmsp430_MSP-EXP430G2553LP_core.a(Print.o)
                0x0000dfee                Print::print(char const*)
 .text._ZN5Print7printlnEPKc
                0x0000e004       0x32 C:/Users/Admin/workspace_v8/msp430_MSP-EXP430G2553LP_core/Debug\libmsp430_MSP-EXP430G2553LP_core.a(Print.o)
                0x0000e004                Print::println(char const*)
 .text._ZN5Print11printNumberEmh
                0x0000e036       0xa4 C:/Users/Admin/workspace_v8/msp430_MSP-EXP430G2553LP_core/Debug\libmsp430_MSP-EXP430G2553LP_core.a(Print.o)
                0x0000e036                Print::printNumber(unsigned long, unsigned char)
 .text._ZN5Print5printEmi
                0x0000e0da       0x22 C:/Users/Admin/workspace_v8/msp430_MSP-EXP430G2553LP_core/Debug\libmsp430_MSP-EXP430G2553LP_core.a(Print.o)
                0x0000e0da                Print::print(unsigned long, int)
 .text._ZN5Print5printEli
                0x0000e0fc       0x7c C:/Users/Admin/workspace_v8/msp430_MSP-EXP430G2553LP_core/Debug\libmsp430_MSP-EXP430G2553LP_core.a(Print.o)
                0x0000e0fc                Print::print(long, int)
 .text._ZN5Print5printEii
                0x0000e178       0x18 C:/Users/Admin/workspace_v8/msp430_MSP-EXP430G2553LP_core/Debug\libmsp430_MSP-EXP430G2553LP_core.a(Print.o)
                0x0000e178                Print::print(int, int)
 .text._ZN5Print10printFloatEdh
                0x0000e190      0x126 C:/Users/Admin/workspace_v8/msp430_MSP-EXP430G2553LP_core/Debug\libmsp430_MSP-EXP430G2553LP_core.a(Print.o)
                0x0000e190                Print::printFloat(double, unsigned char)
 .text._ZN5Print5printEdi
                0x0000e2b6        0x6 C:/Users/Admin/workspace_v8/msp430_MSP-EXP430G2553LP_core/Debug\libmsp430_MSP-EXP430G2553LP_core.a(Print.o)
                0x0000e2b6                Print::print(double, int)
 .text._ZN5Print7printlnEdi
                0x0000e2bc       0x32 C:/Users/Admin/workspace_v8/msp430_MSP-EXP430G2553LP_core/Debug\libmsp430_MSP-EXP430G2553LP_core.a(Print.o)
                0x0000e2bc                Print::println(double, int)
 .text._Z3maplllll
                0x0000e2ee       0x46 C:/Users/Admin/workspace_v8/msp430_MSP-EXP430G2553LP_core/Debug\libmsp430_MSP-EXP430G2553LP_core.a(WMath.o)
                0x0000e2ee                map(long, long, long, long, long)
 .text          0x0000e334      0x16e c:/users/admin/workspace_v8/energia-1.6.10e18/hardware/tools/msp430/bin/../lib/gcc/msp430/4.6.3/../../../../msp430/lib\libm.a(ef_sqrt.o)
                0x0000e334                __ieee754_sqrtf
                0x0000e496                sqrtf
                0x0000e49c                sqrt
 .text.libgcc   0x0000e4a2       0x16 c:/users/admin/workspace_v8/energia-1.6.10e18/hardware/tools/msp430/bin/../lib/gcc/msp430/4.6.3\libgcc.a(_mulqi3.o)
                0x0000e4a2                __mulqi3
 .text.libgcc   0x0000e4b8       0x2c c:/users/admin/workspace_v8/energia-1.6.10e18/hardware/tools/msp430/bin/../lib/gcc/msp430/4.6.3\libgcc.a(_mulsi3.o)
                0x0000e4b8                __mulsi3
 .text.libgcc   0x0000e4e4       0x40 c:/users/admin/workspace_v8/energia-1.6.10e18/hardware/tools/msp430/bin/../lib/gcc/msp430/4.6.3\libgcc.a(_udivmod32.o)
                0x0000e4e4                __ext_udivmod32
                0x0000e4e4                __udivsi3
                0x0000e51a                __umodsi3
 .text.libgcc   0x0000e524       0x4c c:/users/admin/workspace_v8/energia-1.6.10e18/hardware/tools/msp430/bin/../lib/gcc/msp430/4.6.3\libgcc.a(_divmod32.o)
                0x0000e524                __divsi3
                0x0000e524                __ext_divmod32
                0x0000e566                __modsi3
 .text          0x0000e570       0x42 c:/users/admin/workspace_v8/energia-1.6.10e18/hardware/tools/msp430/bin/../lib/gcc/msp430/4.6.3\libgcc.a(_fixunssfsi.o)
                0x0000e570                __fixunssfsi
 .text          0x0000e5b2      0x32e c:/users/admin/workspace_v8/energia-1.6.10e18/hardware/tools/msp430/bin/../lib/gcc/msp430/4.6.3\libgcc.a(_addsub_sf.o)
                0x0000e844                __addsf3
                0x0000e890                __subsf3
 .text          0x0000e8e0      0x224 c:/users/admin/workspace_v8/energia-1.6.10e18/hardware/tools/msp430/bin/../lib/gcc/msp430/4.6.3\libgcc.a(_mul_sf.o)
                0x0000e8e0                __mulsf3
 .text          0x0000eb04      0x150 c:/users/admin/workspace_v8/energia-1.6.10e18/hardware/tools/msp430/bin/../lib/gcc/msp430/4.6.3\libgcc.a(_div_sf.o)
                0x0000eb04                __divsf3
 .text          0x0000ec54       0x50 c:/users/admin/workspace_v8/energia-1.6.10e18/hardware/tools/msp430/bin/../lib/gcc/msp430/4.6.3\libgcc.a(_ne_sf.o)
                0x0000ec54                __nesf2
 .text          0x0000eca4       0x50 c:/users/admin/workspace_v8/energia-1.6.10e18/hardware/tools/msp430/bin/../lib/gcc/msp430/4.6.3\libgcc.a(_gt_sf.o)
                0x0000eca4                __gtsf2
 .text          0x0000ecf4       0x50 c:/users/admin/workspace_v8/energia-1.6.10e18/hardware/tools/msp430/bin/../lib/gcc/msp430/4.6.3\libgcc.a(_ge_sf.o)
                0x0000ecf4                __gesf2
 .text          0x0000ed44       0x50 c:/users/admin/workspace_v8/energia-1.6.10e18/hardware/tools/msp430/bin/../lib/gcc/msp430/4.6.3\libgcc.a(_lt_sf.o)
                0x0000ed44                __ltsf2
 .text          0x0000ed94       0xa6 c:/users/admin/workspace_v8/energia-1.6.10e18/hardware/tools/msp430/bin/../lib/gcc/msp430/4.6.3\libgcc.a(_si_to_sf.o)
                0x0000ed94                __floatsisf
 .text          0x0000ee3a       0x90 c:/users/admin/workspace_v8/energia-1.6.10e18/hardware/tools/msp430/bin/../lib/gcc/msp430/4.6.3\libgcc.a(_sf_to_si.o)
                0x0000ee3a                __fixsfsi
 .text          0x0000eeca       0xe2 c:/users/admin/workspace_v8/energia-1.6.10e18/hardware/tools/msp430/bin/../lib/gcc/msp430/4.6.3\libgcc.a(_usi_to_sf.o)
                0x0000eeca                __floatunsisf
 .text          0x0000efac       0x72 c:/users/admin/workspace_v8/energia-1.6.10e18/hardware/tools/msp430/bin/../lib/gcc/msp430/4.6.3\libgcc.a(_clzsi2.o)
                0x0000efac                __clzsi2
 .text          0x0000f01e      0x1de c:/users/admin/workspace_v8/energia-1.6.10e18/hardware/tools/msp430/bin/../lib/gcc/msp430/4.6.3\libgcc.a(_pack_sf.o)
                0x0000f01e                __pack_f
 .text          0x0000f1fc      0x124 c:/users/admin/workspace_v8/energia-1.6.10e18/hardware/tools/msp430/bin/../lib/gcc/msp430/4.6.3\libgcc.a(_unpack_sf.o)
                0x0000f1fc                __unpack_f
 .text          0x0000f320       0xa4 c:/users/admin/workspace_v8/energia-1.6.10e18/hardware/tools/msp430/bin/../lib/gcc/msp430/4.6.3\libgcc.a(_fpcmp_parts_sf.o)
                0x0000f320                __fpcmp_parts_f
 .text.crt0     0x0000f3c4        0x2 c:/users/admin/workspace_v8/energia-1.6.10e18/hardware/tools/msp430/bin/../lib/gcc/msp430/4.6.3\libcrt0.a(_unexpected_.o)
                0x0000f3c4                _unexpected_
                0x0000f3c6                . = ALIGN (0x2)

.rodata         0x0000f3c6      0x1d4
                0x0000f3c6                . = ALIGN (0x2)
 *(.rodata .rodata.* .gnu.linkonce.r.*)
 .rodata.setup  0x0000f3c6       0x35 ./2018_08_05_newProject_EnergiaMPU6050.o
 .rodata.loop   0x0000f3fb       0x1b ./2018_08_05_newProject_EnergiaMPU6050.o
 .rodata._ZTV7TwoWire
                0x0000f416       0x10 C:/Users/Admin/workspace_v8/msp430_MSP-EXP430G2553LP_Wire/Debug\libmsp430_MSP-EXP430G2553LP_Wire.a(Wire.o)
                0x0000f416                vtable for TwoWire
 .rodata.digital_pin_to_bit_mask
                0x0000f426       0x15 C:/Users/Admin/workspace_v8/msp430_MSP-EXP430G2553LP_core/Debug\libmsp430_MSP-EXP430G2553LP_core.a(wiring_digital.o)
                0x0000f426                digital_pin_to_bit_mask
 .rodata.digital_pin_to_port
                0x0000f43b       0x15 C:/Users/Admin/workspace_v8/msp430_MSP-EXP430G2553LP_core/Debug\libmsp430_MSP-EXP430G2553LP_core.a(wiring_digital.o)
                0x0000f43b                digital_pin_to_port
 .rodata.port_to_sel2
                0x0000f450        0x8 C:/Users/Admin/workspace_v8/msp430_MSP-EXP430G2553LP_core/Debug\libmsp430_MSP-EXP430G2553LP_core.a(wiring_digital.o)
                0x0000f450                port_to_sel2
 .rodata.port_to_sel0
                0x0000f458        0x8 C:/Users/Admin/workspace_v8/msp430_MSP-EXP430G2553LP_core/Debug\libmsp430_MSP-EXP430G2553LP_core.a(wiring_digital.o)
                0x0000f458                port_to_sel0
 .rodata.port_to_ren
                0x0000f460        0x8 C:/Users/Admin/workspace_v8/msp430_MSP-EXP430G2553LP_core/Debug\libmsp430_MSP-EXP430G2553LP_core.a(wiring_digital.o)
                0x0000f460                port_to_ren
 .rodata.port_to_dir
                0x0000f468        0x8 C:/Users/Admin/workspace_v8/msp430_MSP-EXP430G2553LP_core/Debug\libmsp430_MSP-EXP430G2553LP_core.a(wiring_digital.o)
                0x0000f468                port_to_dir
 .rodata.port_to_output
                0x0000f470        0x8 C:/Users/Admin/workspace_v8/msp430_MSP-EXP430G2553LP_core/Debug\libmsp430_MSP-EXP430G2553LP_core.a(wiring_digital.o)
                0x0000f470                port_to_output
 .rodata.port_to_input
                0x0000f478        0x8 C:/Users/Admin/workspace_v8/msp430_MSP-EXP430G2553LP_core/Debug\libmsp430_MSP-EXP430G2553LP_core.a(wiring_digital.o)
                0x0000f478                port_to_input
 .rodata._ZTV14HardwareSerial
                0x0000f480       0x10 C:/Users/Admin/workspace_v8/msp430_MSP-EXP430G2553LP_core/Debug\libmsp430_MSP-EXP430G2553LP_core.a(HardwareSerial.o)
                0x0000f480                vtable for HardwareSerial
 .rodata._ZN5Print10printFloatEdh
                0x0000f490        0x2 C:/Users/Admin/workspace_v8/msp430_MSP-EXP430G2553LP_core/Debug\libmsp430_MSP-EXP430G2553LP_core.a(Print.o)
 .rodata        0x0000f492        0x8 c:/users/admin/workspace_v8/energia-1.6.10e18/hardware/tools/msp430/bin/../lib/gcc/msp430/4.6.3\libgcc.a(_thenan_sf.o)
                0x0000f492                __thenan_sf
 .rodata        0x0000f49a      0x100 c:/users/admin/workspace_v8/energia-1.6.10e18/hardware/tools/msp430/bin/../lib/gcc/msp430/4.6.3\libgcc.a(_clz.o)
                0x0000f49a                __clz_tab
                0x0000f59a                . = ALIGN (0x2)
                0x0000f59a                _etext = .

.data           0x00000200        0x6 load address 0x0000f59a
                0x00000200                . = ALIGN (0x2)
                0x00000200                PROVIDE (__data_start, .)
 *(.data .data.* .gnu.linkonce.d.*)
 .data.timeStep
                0x00000200        0x4 ./2018_08_05_newProject_EnergiaMPU6050.o
                0x00000200                timeStep
 .data.I2C_baseAddress
                0x00000204        0x2 C:/Users/Admin/workspace_v8/msp430_MSP-EXP430G2553LP_Wire/Debug\libmsp430_MSP-EXP430G2553LP_Wire.a(twi.o)
                0x00000204                I2C_baseAddress
                0x00000206                . = ALIGN (0x2)
                0x00000206                _edata = .
                0x0000f59a                PROVIDE (__data_load_start, LOADADDR (.data))
                0x00000006                PROVIDE (__data_size, SIZEOF (.data))

.bss            0x00000206      0x174 load address 0x0000f5a0
                0x00000206                PROVIDE (__bss_start, .)
 *(.bss .bss.*)
 .bss.yaw       0x00000206        0x4 ./2018_08_05_newProject_EnergiaMPU6050.o
                0x00000206                yaw
 .bss.roll      0x0000020a        0x4 ./2018_08_05_newProject_EnergiaMPU6050.o
                0x0000020a                roll
 .bss.pitch     0x0000020e        0x4 ./2018_08_05_newProject_EnergiaMPU6050.o
                0x0000020e                pitch
 .bss.timer     0x00000212        0x4 ./2018_08_05_newProject_EnergiaMPU6050.o
                0x00000212                timer
 .bss.sg90      0x00000216        0x4 ./2018_08_05_newProject_EnergiaMPU6050.o
                0x00000216                sg90
 .bss.mpu       0x0000021a       0x70 ./2018_08_05_newProject_EnergiaMPU6050.o
                0x0000021a                mpu
 .bss._ZL9totalWait
                0x0000028a        0x2 C:/Users/Admin/workspace_v8/msp430_MSP-EXP430G2553LP_Servo/Debug\libmsp430_MSP-EXP430G2553LP_Servo.a(Servo.o)
 .bss._ZL7counter
                0x0000028c        0x2 C:/Users/Admin/workspace_v8/msp430_MSP-EXP430G2553LP_Servo/Debug\libmsp430_MSP-EXP430G2553LP_Servo.a(Servo.o)
 .bss._ZL6servos
                0x0000028e       0x20 C:/Users/Admin/workspace_v8/msp430_MSP-EXP430G2553LP_Servo/Debug\libmsp430_MSP-EXP430G2553LP_Servo.a(Servo.o)
 .bss._ZL10ServoCount
                0x000002ae        0x2 C:/Users/Admin/workspace_v8/msp430_MSP-EXP430G2553LP_Servo/Debug\libmsp430_MSP-EXP430G2553LP_Servo.a(Servo.o)
 .bss._ZZL7Timer_AvE4wait
                0x000002b0        0x4 C:/Users/Admin/workspace_v8/msp430_MSP-EXP430G2553LP_Servo/Debug\libmsp430_MSP-EXP430G2553LP_Servo.a(Servo.o)
 .bss.Wire      0x000002b4        0xc C:/Users/Admin/workspace_v8/msp430_MSP-EXP430G2553LP_Wire/Debug\libmsp430_MSP-EXP430G2553LP_Wire.a(Wire.o)
                0x000002b4                Wire
 .bss._ZN7TwoWire12transmittingE
                0x000002c0        0x1 C:/Users/Admin/workspace_v8/msp430_MSP-EXP430G2553LP_Wire/Debug\libmsp430_MSP-EXP430G2553LP_Wire.a(Wire.o)
                0x000002c0                TwoWire::transmitting
 .bss._ZN7TwoWire14txBufferLengthE
                0x000002c1        0x1 C:/Users/Admin/workspace_v8/msp430_MSP-EXP430G2553LP_Wire/Debug\libmsp430_MSP-EXP430G2553LP_Wire.a(Wire.o)
                0x000002c1                TwoWire::txBufferLength
 .bss._ZN7TwoWire13txBufferIndexE
                0x000002c2        0x1 C:/Users/Admin/workspace_v8/msp430_MSP-EXP430G2553LP_Wire/Debug\libmsp430_MSP-EXP430G2553LP_Wire.a(Wire.o)
                0x000002c2                TwoWire::txBufferIndex
 .bss._ZN7TwoWire8txBufferE
                0x000002c3       0x10 C:/Users/Admin/workspace_v8/msp430_MSP-EXP430G2553LP_Wire/Debug\libmsp430_MSP-EXP430G2553LP_Wire.a(Wire.o)
                0x000002c3                TwoWire::txBuffer
 .bss._ZN7TwoWire9txAddressE
                0x000002d3        0x1 C:/Users/Admin/workspace_v8/msp430_MSP-EXP430G2553LP_Wire/Debug\libmsp430_MSP-EXP430G2553LP_Wire.a(Wire.o)
                0x000002d3                TwoWire::txAddress
 .bss._ZN7TwoWire14rxBufferLengthE
                0x000002d4        0x1 C:/Users/Admin/workspace_v8/msp430_MSP-EXP430G2553LP_Wire/Debug\libmsp430_MSP-EXP430G2553LP_Wire.a(Wire.o)
                0x000002d4                TwoWire::rxBufferLength
 .bss._ZN7TwoWire13rxBufferIndexE
                0x000002d5        0x1 C:/Users/Admin/workspace_v8/msp430_MSP-EXP430G2553LP_Wire/Debug\libmsp430_MSP-EXP430G2553LP_Wire.a(Wire.o)
                0x000002d5                TwoWire::rxBufferIndex
 .bss._ZN7TwoWire8rxBufferE
                0x000002d6       0x10 C:/Users/Admin/workspace_v8/msp430_MSP-EXP430G2553LP_Wire/Debug\libmsp430_MSP-EXP430G2553LP_Wire.a(Wire.o)
                0x000002d6                TwoWire::rxBuffer
 .bss.twi_error
                0x000002e6        0x1 C:/Users/Admin/workspace_v8/msp430_MSP-EXP430G2553LP_Wire/Debug\libmsp430_MSP-EXP430G2553LP_Wire.a(twi.o)
 .bss.twi_rxBufferIndex
                0x000002e7        0x1 C:/Users/Admin/workspace_v8/msp430_MSP-EXP430G2553LP_Wire/Debug\libmsp430_MSP-EXP430G2553LP_Wire.a(twi.o)
 .bss.twi_txBufferLength
                0x000002e8        0x1 C:/Users/Admin/workspace_v8/msp430_MSP-EXP430G2553LP_Wire/Debug\libmsp430_MSP-EXP430G2553LP_Wire.a(twi.o)
 .bss.twi_txBufferIndex
                0x000002e9        0x1 C:/Users/Admin/workspace_v8/msp430_MSP-EXP430G2553LP_Wire/Debug\libmsp430_MSP-EXP430G2553LP_Wire.a(twi.o)
 .bss.twi_masterBufferIndex
                0x000002ea        0x1 C:/Users/Admin/workspace_v8/msp430_MSP-EXP430G2553LP_Wire/Debug\libmsp430_MSP-EXP430G2553LP_Wire.a(twi.o)
 .bss.twi_inRepStart
                0x000002eb        0x1 C:/Users/Admin/workspace_v8/msp430_MSP-EXP430G2553LP_Wire/Debug\libmsp430_MSP-EXP430G2553LP_Wire.a(twi.o)
 .bss.twi_sendStop
                0x000002ec        0x1 C:/Users/Admin/workspace_v8/msp430_MSP-EXP430G2553LP_Wire/Debug\libmsp430_MSP-EXP430G2553LP_Wire.a(twi.o)
 .bss.twi_state
                0x000002ed        0x1 C:/Users/Admin/workspace_v8/msp430_MSP-EXP430G2553LP_Wire/Debug\libmsp430_MSP-EXP430G2553LP_Wire.a(twi.o)
 .bss.twi_masterBufferLength
                0x000002ee        0x1 C:/Users/Admin/workspace_v8/msp430_MSP-EXP430G2553LP_Wire/Debug\libmsp430_MSP-EXP430G2553LP_Wire.a(twi.o)
 .bss.twi_masterBuffer
                0x000002ef       0x10 C:/Users/Admin/workspace_v8/msp430_MSP-EXP430G2553LP_Wire/Debug\libmsp430_MSP-EXP430G2553LP_Wire.a(twi.o)
 .bss.twi_txBuffer
                0x000002ff       0x10 C:/Users/Admin/workspace_v8/msp430_MSP-EXP430G2553LP_Wire/Debug\libmsp430_MSP-EXP430G2553LP_Wire.a(twi.o)
 *fill*         0x0000030f        0x1 00
 .bss.twi_onSlaveReceive
                0x00000310        0x2 C:/Users/Admin/workspace_v8/msp430_MSP-EXP430G2553LP_Wire/Debug\libmsp430_MSP-EXP430G2553LP_Wire.a(twi.o)
 .bss.twi_onSlaveTransmit
                0x00000312        0x2 C:/Users/Admin/workspace_v8/msp430_MSP-EXP430G2553LP_Wire/Debug\libmsp430_MSP-EXP430G2553LP_Wire.a(twi.o)
 .bss.twi_rxBuffer
                0x00000314       0x10 C:/Users/Admin/workspace_v8/msp430_MSP-EXP430G2553LP_Wire/Debug\libmsp430_MSP-EXP430G2553LP_Wire.a(twi.o)
 .bss.still_asleep
                0x00000324        0x1 C:/Users/Admin/workspace_v8/msp430_MSP-EXP430G2553LP_core/Debug\libmsp430_MSP-EXP430G2553LP_core.a(usci_isr_handler.o)
 *fill*         0x00000325        0x1 00
 .bss.vlo_freq  0x00000326        0x2 C:/Users/Admin/workspace_v8/msp430_MSP-EXP430G2553LP_core/Debug\libmsp430_MSP-EXP430G2553LP_core.a(wiring.o)
                0x00000326                vlo_freq
 .bss.stay_asleep
                0x00000328        0x1 C:/Users/Admin/workspace_v8/msp430_MSP-EXP430G2553LP_core/Debug\libmsp430_MSP-EXP430G2553LP_core.a(wiring.o)
                0x00000328                stay_asleep
 .bss.sleeping  0x00000329        0x1 C:/Users/Admin/workspace_v8/msp430_MSP-EXP430G2553LP_core/Debug\libmsp430_MSP-EXP430G2553LP_core.a(wiring.o)
                0x00000329                sleeping
 .bss.wdt_fract
                0x0000032a        0x2 C:/Users/Admin/workspace_v8/msp430_MSP-EXP430G2553LP_core/Debug\libmsp430_MSP-EXP430G2553LP_core.a(wiring.o)
                0x0000032a                wdt_fract
 .bss.wdt_millis
                0x0000032c        0x4 C:/Users/Admin/workspace_v8/msp430_MSP-EXP430G2553LP_core/Debug\libmsp430_MSP-EXP430G2553LP_core.a(wiring.o)
                0x0000032c                wdt_millis
 .bss.wdt_overflow_count
                0x00000330        0x4 C:/Users/Admin/workspace_v8/msp430_MSP-EXP430G2553LP_core/Debug\libmsp430_MSP-EXP430G2553LP_core.a(wiring.o)
                0x00000330                wdt_overflow_count
 .bss.Serial    0x00000334       0x1a C:/Users/Admin/workspace_v8/msp430_MSP-EXP430G2553LP_core/Debug\libmsp430_MSP-EXP430G2553LP_core.a(HardwareSerial.o)
                0x00000334                Serial
 .bss.tx_buffer
                0x0000034e       0x14 C:/Users/Admin/workspace_v8/msp430_MSP-EXP430G2553LP_core/Debug\libmsp430_MSP-EXP430G2553LP_core.a(HardwareSerial.o)
                0x0000034e                tx_buffer
 .bss.rx_buffer
                0x00000362       0x14 C:/Users/Admin/workspace_v8/msp430_MSP-EXP430G2553LP_core/Debug\libmsp430_MSP-EXP430G2553LP_core.a(HardwareSerial.o)
                0x00000362                rx_buffer
 *(COMMON)
 COMMON         0x00000376        0x4 C:/Users/Admin/workspace_v8/msp430_MSP-EXP430G2553LP_core/Debug\libmsp430_MSP-EXP430G2553LP_core.a(wiring.o)
                0x00000376                SMILLIS_INC
                0x00000378                SFRACT_INC
                0x0000037a                . = ALIGN (0x2)
                0x0000037a                PROVIDE (__bss_end, .)
                0x00000174                PROVIDE (__bss_size, SIZEOF (.bss))

.noinit         0x0000037a        0x2 load address 0x0000f5a0
                0x0000037a                PROVIDE (__noinit_start, .)
 *(.noinit .noinit.*)
 .noinit.crt0   0x0000037a        0x2 c:/users/admin/workspace_v8/energia-1.6.10e18/hardware/tools/msp430/bin/../lib/gcc/msp430/4.6.3\libcrt0.a(__watchdog_support.o)
                0x0000037a                __wdt_clear_value
                0x0000037c                . = ALIGN (0x2)
                0x0000037c                PROVIDE (__noinit_end, .)
                0x0000037c                . = ALIGN (0x2)
                0x0000037c                _end = .

.infomem        0x00001000        0x0
 *(.infomem)
                0x00001000                . = ALIGN (0x2)
 *(.infomem.*)

.infomemnobits  0x00001000        0x0
 *(.infomemnobits)
                0x00001000                . = ALIGN (0x2)
 *(.infomemnobits.*)

.infoa
 *(.infoa .infoa.*)

.infob
 *(.infob .infob.*)

.infoc
 *(.infoc .infoc.*)

.infod
 *(.infod .infod.*)

.vectors        0x0000ffe0       0x20
                0x0000ffe0                PROVIDE (__vectors_start, .)
 *(.vectors*)
 .vectors       0x0000ffe0       0x20 c:/users/admin/workspace_v8/energia-1.6.10e18/hardware/tools/msp430/bin/../lib/gcc/msp430/4.6.3/crt0ivtbl16.o
                0x0000ffe0                __ivtbl_16
                0x00010000                _vectors_end = .

.fartext        0x00000000        0x0
                0x00000000                . = ALIGN (0x2)
 *(.fartext)
                0x00000000                . = ALIGN (0x2)
 *(.fartext.*)
                0x00000000                _efartext = .

.profiler
 *(.profiler)

.stab
 *(.stab)

.stabstr
 *(.stabstr)

.stab.excl
 *(.stab.excl)

.stab.exclstr
 *(.stab.exclstr)

.stab.index
 *(.stab.index)

.stab.indexstr
 *(.stab.indexstr)

.comment
 *(.comment)

.debug
 *(.debug)

.line
 *(.line)

.debug_srcinfo
 *(.debug_srcinfo)

.debug_sfnames
 *(.debug_sfnames)

.debug_aranges  0x00000000      0x924
 *(.debug_aranges)
 .debug_aranges
                0x00000000       0x1c ./2018_08_05_newProject_EnergiaMPU6050.o
 .debug_aranges
                0x0000001c       0x38 C:/Users/Admin/workspace_v8/msp430_MSP-EXP430G2553LP_Servo/Debug\libmsp430_MSP-EXP430G2553LP_Servo.a(Servo.o)
 .debug_aranges
                0x00000054      0x114 C:/Users/Admin/workspace_v8/msp430_MSP-EXP430G2553LP_Arduino-MPU6050-master/Debug\libmsp430_MSP-EXP430G2553LP_Arduino-MPU6050-master.a(MPU6050.o)
 .debug_aranges
                0x00000168       0x74 C:/Users/Admin/workspace_v8/msp430_MSP-EXP430G2553LP_Wire/Debug\libmsp430_MSP-EXP430G2553LP_Wire.a(Wire.o)
 .debug_aranges
                0x000001dc       0x3c C:/Users/Admin/workspace_v8/msp430_MSP-EXP430G2553LP_Wire/Debug\libmsp430_MSP-EXP430G2553LP_Wire.a(twi.o)
 .debug_aranges
                0x00000218       0x30 C:/Users/Admin/workspace_v8/msp430_MSP-EXP430G2553LP_Wire/Debug\libmsp430_MSP-EXP430G2553LP_Wire.a(twi_sw.o)
 .debug_aranges
                0x00000248       0x1c C:/Users/Admin/workspace_v8/msp430_MSP-EXP430G2553LP_core/Debug\libmsp430_MSP-EXP430G2553LP_core.a(usci_isr_handler.o)
 .debug_aranges
                0x00000264       0x48 C:/Users/Admin/workspace_v8/msp430_MSP-EXP430G2553LP_core/Debug\libmsp430_MSP-EXP430G2553LP_core.a(wiring.o)
 .debug_aranges
                0x000002ac       0x20 C:/Users/Admin/workspace_v8/msp430_MSP-EXP430G2553LP_core/Debug\libmsp430_MSP-EXP430G2553LP_core.a(wiring_digital.o)
 .debug_aranges
                0x000002cc       0x44 C:/Users/Admin/workspace_v8/msp430_MSP-EXP430G2553LP_core/Debug\libmsp430_MSP-EXP430G2553LP_core.a(HardwareSerial.o)
 .debug_aranges
                0x00000310       0x14 C:/Users/Admin/workspace_v8/msp430_MSP-EXP430G2553LP_core/Debug\libmsp430_MSP-EXP430G2553LP_core.a(main.o)
 .debug_aranges
                0x00000324       0x28 C:/Users/Admin/workspace_v8/msp430_MSP-EXP430G2553LP_core/Debug\libmsp430_MSP-EXP430G2553LP_core.a(new.o)
 .debug_aranges
                0x0000034c       0x70 C:/Users/Admin/workspace_v8/msp430_MSP-EXP430G2553LP_core/Debug\libmsp430_MSP-EXP430G2553LP_core.a(Print.o)
 .debug_aranges
                0x000003bc       0x28 C:/Users/Admin/workspace_v8/msp430_MSP-EXP430G2553LP_core/Debug\libmsp430_MSP-EXP430G2553LP_core.a(WMath.o)
 .debug_aranges
                0x000003e4      0x144 C:/Users/Admin/workspace_v8/msp430_MSP-EXP430G2553LP_core/Debug\libmsp430_MSP-EXP430G2553LP_core.a(WString.o)
 .debug_aranges
                0x00000528       0x14 C:/Users/Admin/workspace_v8/msp430_MSP-EXP430G2553LP_core/Debug\libmsp430_MSP-EXP430G2553LP_core.a(atof.o)
 .debug_aranges
                0x0000053c       0x14 C:/Users/Admin/workspace_v8/msp430_MSP-EXP430G2553LP_core/Debug\libmsp430_MSP-EXP430G2553LP_core.a(dtostrf.o)
 .debug_aranges
                0x00000550       0x20 C:/Users/Admin/workspace_v8/msp430_MSP-EXP430G2553LP_core/Debug\libmsp430_MSP-EXP430G2553LP_core.a(itoa.o)
 .debug_aranges
                0x00000570       0x1c C:/Users/Admin/workspace_v8/msp430_MSP-EXP430G2553LP_core/Debug\libmsp430_MSP-EXP430G2553LP_core.a(random.o)
 .debug_aranges
                0x0000058c       0x14 c:/users/admin/workspace_v8/energia-1.6.10e18/hardware/tools/msp430/bin/../lib/gcc/msp430/4.6.3/../../../../msp430/lib\libm.a(ef_sqrt.o)
 .debug_aranges
                0x000005a0       0x14 c:/users/admin/workspace_v8/energia-1.6.10e18/hardware/tools/msp430/bin/../lib/gcc/msp430/4.6.3/../../../../msp430/lib\libm.a(ef_pow.o)
 .debug_aranges
                0x000005b4       0x14 c:/users/admin/workspace_v8/energia-1.6.10e18/hardware/tools/msp430/bin/../lib/gcc/msp430/4.6.3/../../../../msp430/lib\libm.a(sf_scalbn.o)
 .debug_aranges
                0x000005c8       0x14 c:/users/admin/workspace_v8/energia-1.6.10e18/hardware/tools/msp430/bin/../lib/gcc/msp430/4.6.3\libgcc.a(_mulqi3.o)
 .debug_aranges
                0x000005dc       0x14 c:/users/admin/workspace_v8/energia-1.6.10e18/hardware/tools/msp430/bin/../lib/gcc/msp430/4.6.3\libgcc.a(_mulsi3.o)
 .debug_aranges
                0x000005f0       0x14 c:/users/admin/workspace_v8/energia-1.6.10e18/hardware/tools/msp430/bin/../lib/gcc/msp430/4.6.3\libgcc.a(_udivmod16.o)
 .debug_aranges
                0x00000604       0x14 c:/users/admin/workspace_v8/energia-1.6.10e18/hardware/tools/msp430/bin/../lib/gcc/msp430/4.6.3\libgcc.a(_udivmod32.o)
 .debug_aranges
                0x00000618       0x14 c:/users/admin/workspace_v8/energia-1.6.10e18/hardware/tools/msp430/bin/../lib/gcc/msp430/4.6.3\libgcc.a(_divmod32.o)
 .debug_aranges
                0x0000062c       0x14 c:/users/admin/workspace_v8/energia-1.6.10e18/hardware/tools/msp430/bin/../lib/gcc/msp430/4.6.3\libgcc.a(_fixunssfsi.o)
 .debug_aranges
                0x00000640       0x14 c:/users/admin/workspace_v8/energia-1.6.10e18/hardware/tools/msp430/bin/../lib/gcc/msp430/4.6.3\libgcc.a(_addsub_sf.o)
 .debug_aranges
                0x00000654       0x14 c:/users/admin/workspace_v8/energia-1.6.10e18/hardware/tools/msp430/bin/../lib/gcc/msp430/4.6.3\libgcc.a(_mul_sf.o)
 .debug_aranges
                0x00000668       0x14 c:/users/admin/workspace_v8/energia-1.6.10e18/hardware/tools/msp430/bin/../lib/gcc/msp430/4.6.3\libgcc.a(_div_sf.o)
 .debug_aranges
                0x0000067c       0x14 c:/users/admin/workspace_v8/energia-1.6.10e18/hardware/tools/msp430/bin/../lib/gcc/msp430/4.6.3\libgcc.a(_ne_sf.o)
 .debug_aranges
                0x00000690       0x14 c:/users/admin/workspace_v8/energia-1.6.10e18/hardware/tools/msp430/bin/../lib/gcc/msp430/4.6.3\libgcc.a(_gt_sf.o)
 .debug_aranges
                0x000006a4       0x14 c:/users/admin/workspace_v8/energia-1.6.10e18/hardware/tools/msp430/bin/../lib/gcc/msp430/4.6.3\libgcc.a(_ge_sf.o)
 .debug_aranges
                0x000006b8       0x14 c:/users/admin/workspace_v8/energia-1.6.10e18/hardware/tools/msp430/bin/../lib/gcc/msp430/4.6.3\libgcc.a(_lt_sf.o)
 .debug_aranges
                0x000006cc       0x14 c:/users/admin/workspace_v8/energia-1.6.10e18/hardware/tools/msp430/bin/../lib/gcc/msp430/4.6.3\libgcc.a(_le_sf.o)
 .debug_aranges
                0x000006e0       0x14 c:/users/admin/workspace_v8/energia-1.6.10e18/hardware/tools/msp430/bin/../lib/gcc/msp430/4.6.3\libgcc.a(_si_to_sf.o)
 .debug_aranges
                0x000006f4       0x14 c:/users/admin/workspace_v8/energia-1.6.10e18/hardware/tools/msp430/bin/../lib/gcc/msp430/4.6.3\libgcc.a(_sf_to_si.o)
 .debug_aranges
                0x00000708       0x14 c:/users/admin/workspace_v8/energia-1.6.10e18/hardware/tools/msp430/bin/../lib/gcc/msp430/4.6.3\libgcc.a(_usi_to_sf.o)
 .debug_aranges
                0x0000071c       0x14 c:/users/admin/workspace_v8/energia-1.6.10e18/hardware/tools/msp430/bin/../lib/gcc/msp430/4.6.3\libgcc.a(_clzsi2.o)
 .debug_aranges
                0x00000730       0x14 c:/users/admin/workspace_v8/energia-1.6.10e18/hardware/tools/msp430/bin/../lib/gcc/msp430/4.6.3\libgcc.a(_pack_sf.o)
 .debug_aranges
                0x00000744       0x14 c:/users/admin/workspace_v8/energia-1.6.10e18/hardware/tools/msp430/bin/../lib/gcc/msp430/4.6.3\libgcc.a(_unpack_sf.o)
 .debug_aranges
                0x00000758       0x14 c:/users/admin/workspace_v8/energia-1.6.10e18/hardware/tools/msp430/bin/../lib/gcc/msp430/4.6.3\libgcc.a(_fpcmp_parts_sf.o)
 .debug_aranges
                0x0000076c       0x14 c:/users/admin/workspace_v8/energia-1.6.10e18/hardware/tools/msp430/bin/../lib/gcc/msp430/4.6.3/../../../../msp430/lib\libc.a(strchr.o)
 .debug_aranges
                0x00000780       0x14 c:/users/admin/workspace_v8/energia-1.6.10e18/hardware/tools/msp430/bin/../lib/gcc/msp430/4.6.3/../../../../msp430/lib\libc.a(strcmp.o)
 .debug_aranges
                0x00000794       0x14 c:/users/admin/workspace_v8/energia-1.6.10e18/hardware/tools/msp430/bin/../lib/gcc/msp430/4.6.3/../../../../msp430/lib\libc.a(strncmp.o)
 .debug_aranges
                0x000007a8       0x14 c:/users/admin/workspace_v8/energia-1.6.10e18/hardware/tools/msp430/bin/../lib/gcc/msp430/4.6.3/../../../../msp430/lib\libc.a(strcpy.o)
 .debug_aranges
                0x000007bc       0x14 c:/users/admin/workspace_v8/energia-1.6.10e18/hardware/tools/msp430/bin/../lib/gcc/msp430/4.6.3/../../../../msp430/lib\libc.a(strncpy.o)
 .debug_aranges
                0x000007d0       0x14 c:/users/admin/workspace_v8/energia-1.6.10e18/hardware/tools/msp430/bin/../lib/gcc/msp430/4.6.3/../../../../msp430/lib\libc.a(memcpy.o)
 .debug_aranges
                0x000007e4       0x14 c:/users/admin/workspace_v8/energia-1.6.10e18/hardware/tools/msp430/bin/../lib/gcc/msp430/4.6.3/../../../../msp430/lib\libc.a(memmove.o)
 .debug_aranges
                0x000007f8       0x14 c:/users/admin/workspace_v8/energia-1.6.10e18/hardware/tools/msp430/bin/../lib/gcc/msp430/4.6.3/../../../../msp430/lib\libc.a(strrchr.o)
 .debug_aranges
                0x0000080c       0x14 c:/users/admin/workspace_v8/energia-1.6.10e18/hardware/tools/msp430/bin/../lib/gcc/msp430/4.6.3/../../../../msp430/lib\libc.a(strstr.o)
 .debug_aranges
                0x00000820       0x14 c:/users/admin/workspace_v8/energia-1.6.10e18/hardware/tools/msp430/bin/../lib/gcc/msp430/4.6.3/../../../../msp430/lib\libc.a(atol.o)
 .debug_aranges
                0x00000834       0x14 c:/users/admin/workspace_v8/energia-1.6.10e18/hardware/tools/msp430/bin/../lib/gcc/msp430/4.6.3/../../../../msp430/lib\libc.a(malloc.o)
 .debug_aranges
                0x00000848       0x14 c:/users/admin/workspace_v8/energia-1.6.10e18/hardware/tools/msp430/bin/../lib/gcc/msp430/4.6.3/../../../../msp430/lib\libc.a(strtol.o)
 .debug_aranges
                0x0000085c       0x14 c:/users/admin/workspace_v8/energia-1.6.10e18/hardware/tools/msp430/bin/../lib/gcc/msp430/4.6.3/../../../../msp430/lib\libc.a(sprintf.o)
 .debug_aranges
                0x00000870       0x14 c:/users/admin/workspace_v8/energia-1.6.10e18/hardware/tools/msp430/bin/../lib/gcc/msp430/4.6.3/../../../../msp430/lib\libc.a(vuprintf.o)
 .debug_aranges
                0x00000884       0x14 c:/users/admin/workspace_v8/energia-1.6.10e18/hardware/tools/msp430/bin/../lib/gcc/msp430/4.6.3\libgcc.a(_udivmod64.o)
 .debug_aranges
                0x00000898       0x14 c:/users/admin/workspace_v8/energia-1.6.10e18/hardware/tools/msp430/bin/../lib/gcc/msp430/4.6.3\libcrt0.a(__watchdog_support.o)
 .debug_aranges
                0x000008ac       0x14 c:/users/admin/workspace_v8/energia-1.6.10e18/hardware/tools/msp430/bin/../lib/gcc/msp430/4.6.3\libcrt0.a(__init_stack.o)
 .debug_aranges
                0x000008c0       0x14 c:/users/admin/workspace_v8/energia-1.6.10e18/hardware/tools/msp430/bin/../lib/gcc/msp430/4.6.3\libcrt0.a(_copy_data.o)
 .debug_aranges
                0x000008d4       0x14 c:/users/admin/workspace_v8/energia-1.6.10e18/hardware/tools/msp430/bin/../lib/gcc/msp430/4.6.3\libcrt0.a(_clear_bss.o)
 .debug_aranges
                0x000008e8       0x14 c:/users/admin/workspace_v8/energia-1.6.10e18/hardware/tools/msp430/bin/../lib/gcc/msp430/4.6.3\libcrt0.a(_endless_loop__.o)
 .debug_aranges
                0x000008fc       0x14 c:/users/admin/workspace_v8/energia-1.6.10e18/hardware/tools/msp430/bin/../lib/gcc/msp430/4.6.3\libcrt0.a(_unexpected_.o)
 .debug_aranges
                0x00000910       0x14 c:/users/admin/workspace_v8/energia-1.6.10e18/hardware/tools/msp430/bin/../lib/gcc/msp430/4.6.3\libcrt0.a(_ctors430.o)

.debug_pubnames
 *(.debug_pubnames)

.debug_info     0x00000000    0x131ca
 *(.debug_info)
 .debug_info    0x00000000     0x105e ./2018_08_05_newProject_EnergiaMPU6050.o
 .debug_info    0x0000105e      0x843 C:/Users/Admin/workspace_v8/msp430_MSP-EXP430G2553LP_Servo/Debug\libmsp430_MSP-EXP430G2553LP_Servo.a(Servo.o)
 .debug_info    0x000018a1     0x1d61 C:/Users/Admin/workspace_v8/msp430_MSP-EXP430G2553LP_Arduino-MPU6050-master/Debug\libmsp430_MSP-EXP430G2553LP_Arduino-MPU6050-master.a(MPU6050.o)
 .debug_info    0x00003602     0x1e77 C:/Users/Admin/workspace_v8/msp430_MSP-EXP430G2553LP_Wire/Debug\libmsp430_MSP-EXP430G2553LP_Wire.a(Wire.o)
 .debug_info    0x00005479      0x68b C:/Users/Admin/workspace_v8/msp430_MSP-EXP430G2553LP_Wire/Debug\libmsp430_MSP-EXP430G2553LP_Wire.a(twi.o)
 .debug_info    0x00005b04      0x420 C:/Users/Admin/workspace_v8/msp430_MSP-EXP430G2553LP_Wire/Debug\libmsp430_MSP-EXP430G2553LP_Wire.a(twi_sw.o)
 .debug_info    0x00005f24      0x31a C:/Users/Admin/workspace_v8/msp430_MSP-EXP430G2553LP_core/Debug\libmsp430_MSP-EXP430G2553LP_core.a(usci_isr_handler.o)
 .debug_info    0x0000623e      0x768 C:/Users/Admin/workspace_v8/msp430_MSP-EXP430G2553LP_core/Debug\libmsp430_MSP-EXP430G2553LP_core.a(wiring.o)
 .debug_info    0x000069a6      0x8b4 C:/Users/Admin/workspace_v8/msp430_MSP-EXP430G2553LP_core/Debug\libmsp430_MSP-EXP430G2553LP_core.a(wiring_digital.o)
 .debug_info    0x0000725a     0x1b0f C:/Users/Admin/workspace_v8/msp430_MSP-EXP430G2553LP_core/Debug\libmsp430_MSP-EXP430G2553LP_core.a(HardwareSerial.o)
 .debug_info    0x00008d69      0x277 C:/Users/Admin/workspace_v8/msp430_MSP-EXP430G2553LP_core/Debug\libmsp430_MSP-EXP430G2553LP_core.a(main.o)
 .debug_info    0x00008fe0      0x140 C:/Users/Admin/workspace_v8/msp430_MSP-EXP430G2553LP_core/Debug\libmsp430_MSP-EXP430G2553LP_core.a(new.o)
 .debug_info    0x00009120     0x22c1 C:/Users/Admin/workspace_v8/msp430_MSP-EXP430G2553LP_core/Debug\libmsp430_MSP-EXP430G2553LP_core.a(Print.o)
 .debug_info    0x0000b3e1      0x1b8 C:/Users/Admin/workspace_v8/msp430_MSP-EXP430G2553LP_core/Debug\libmsp430_MSP-EXP430G2553LP_core.a(WMath.o)
 .debug_info    0x0000b599     0x2a89 C:/Users/Admin/workspace_v8/msp430_MSP-EXP430G2553LP_core/Debug\libmsp430_MSP-EXP430G2553LP_core.a(WString.o)
 .debug_info    0x0000e022       0xd8 C:/Users/Admin/workspace_v8/msp430_MSP-EXP430G2553LP_core/Debug\libmsp430_MSP-EXP430G2553LP_core.a(atof.o)
 .debug_info    0x0000e0fa      0x14d C:/Users/Admin/workspace_v8/msp430_MSP-EXP430G2553LP_core/Debug\libmsp430_MSP-EXP430G2553LP_core.a(dtostrf.o)
 .debug_info    0x0000e247      0x221 C:/Users/Admin/workspace_v8/msp430_MSP-EXP430G2553LP_core/Debug\libmsp430_MSP-EXP430G2553LP_core.a(itoa.o)
 .debug_info    0x0000e468      0x178 C:/Users/Admin/workspace_v8/msp430_MSP-EXP430G2553LP_core/Debug\libmsp430_MSP-EXP430G2553LP_core.a(random.o)
 .debug_info    0x0000e5e0      0x208 c:/users/admin/workspace_v8/energia-1.6.10e18/hardware/tools/msp430/bin/../lib/gcc/msp430/4.6.3/../../../../msp430/lib\libm.a(ef_sqrt.o)
 .debug_info    0x0000e7e8      0x5ea c:/users/admin/workspace_v8/energia-1.6.10e18/hardware/tools/msp430/bin/../lib/gcc/msp430/4.6.3/../../../../msp430/lib\libm.a(ef_pow.o)
 .debug_info    0x0000edd2      0x1e4 c:/users/admin/workspace_v8/energia-1.6.10e18/hardware/tools/msp430/bin/../lib/gcc/msp430/4.6.3/../../../../msp430/lib\libm.a(sf_scalbn.o)
 .debug_info    0x0000efb6       0x8d c:/users/admin/workspace_v8/energia-1.6.10e18/hardware/tools/msp430/bin/../lib/gcc/msp430/4.6.3\libgcc.a(_mulqi3.o)
 .debug_info    0x0000f043       0x8d c:/users/admin/workspace_v8/energia-1.6.10e18/hardware/tools/msp430/bin/../lib/gcc/msp430/4.6.3\libgcc.a(_mulsi3.o)
 .debug_info    0x0000f0d0       0x8d c:/users/admin/workspace_v8/energia-1.6.10e18/hardware/tools/msp430/bin/../lib/gcc/msp430/4.6.3\libgcc.a(_udivmod16.o)
 .debug_info    0x0000f15d       0x8d c:/users/admin/workspace_v8/energia-1.6.10e18/hardware/tools/msp430/bin/../lib/gcc/msp430/4.6.3\libgcc.a(_udivmod32.o)
 .debug_info    0x0000f1ea       0x8d c:/users/admin/workspace_v8/energia-1.6.10e18/hardware/tools/msp430/bin/../lib/gcc/msp430/4.6.3\libgcc.a(_divmod32.o)
 .debug_info    0x0000f277       0xb5 c:/users/admin/workspace_v8/energia-1.6.10e18/hardware/tools/msp430/bin/../lib/gcc/msp430/4.6.3\libgcc.a(_fixunssfsi.o)
 .debug_info    0x0000f32c      0x425 c:/users/admin/workspace_v8/energia-1.6.10e18/hardware/tools/msp430/bin/../lib/gcc/msp430/4.6.3\libgcc.a(_addsub_sf.o)
 .debug_info    0x0000f751      0x3c9 c:/users/admin/workspace_v8/energia-1.6.10e18/hardware/tools/msp430/bin/../lib/gcc/msp430/4.6.3\libgcc.a(_mul_sf.o)
 .debug_info    0x0000fb1a      0x35c c:/users/admin/workspace_v8/energia-1.6.10e18/hardware/tools/msp430/bin/../lib/gcc/msp430/4.6.3\libgcc.a(_div_sf.o)
 .debug_info    0x0000fe76      0x26e c:/users/admin/workspace_v8/energia-1.6.10e18/hardware/tools/msp430/bin/../lib/gcc/msp430/4.6.3\libgcc.a(_ne_sf.o)
 .debug_info    0x000100e4      0x26e c:/users/admin/workspace_v8/energia-1.6.10e18/hardware/tools/msp430/bin/../lib/gcc/msp430/4.6.3\libgcc.a(_gt_sf.o)
 .debug_info    0x00010352      0x26e c:/users/admin/workspace_v8/energia-1.6.10e18/hardware/tools/msp430/bin/../lib/gcc/msp430/4.6.3\libgcc.a(_ge_sf.o)
 .debug_info    0x000105c0      0x26e c:/users/admin/workspace_v8/energia-1.6.10e18/hardware/tools/msp430/bin/../lib/gcc/msp430/4.6.3\libgcc.a(_lt_sf.o)
 .debug_info    0x0001082e      0x26e c:/users/admin/workspace_v8/energia-1.6.10e18/hardware/tools/msp430/bin/../lib/gcc/msp430/4.6.3\libgcc.a(_le_sf.o)
 .debug_info    0x00010a9c      0x20b c:/users/admin/workspace_v8/energia-1.6.10e18/hardware/tools/msp430/bin/../lib/gcc/msp430/4.6.3\libgcc.a(_si_to_sf.o)
 .debug_info    0x00010ca7      0x289 c:/users/admin/workspace_v8/energia-1.6.10e18/hardware/tools/msp430/bin/../lib/gcc/msp430/4.6.3\libgcc.a(_sf_to_si.o)
 .debug_info    0x00010f30      0x144 c:/users/admin/workspace_v8/energia-1.6.10e18/hardware/tools/msp430/bin/../lib/gcc/msp430/4.6.3\libgcc.a(_thenan_sf.o)
 .debug_info    0x00011074      0x204 c:/users/admin/workspace_v8/energia-1.6.10e18/hardware/tools/msp430/bin/../lib/gcc/msp430/4.6.3\libgcc.a(_usi_to_sf.o)
 .debug_info    0x00011278      0x109 c:/users/admin/workspace_v8/energia-1.6.10e18/hardware/tools/msp430/bin/../lib/gcc/msp430/4.6.3\libgcc.a(_clzsi2.o)
 .debug_info    0x00011381      0x2b1 c:/users/admin/workspace_v8/energia-1.6.10e18/hardware/tools/msp430/bin/../lib/gcc/msp430/4.6.3\libgcc.a(_pack_sf.o)
 .debug_info    0x00011632      0x23e c:/users/admin/workspace_v8/energia-1.6.10e18/hardware/tools/msp430/bin/../lib/gcc/msp430/4.6.3\libgcc.a(_unpack_sf.o)
 .debug_info    0x00011870      0x1d5 c:/users/admin/workspace_v8/energia-1.6.10e18/hardware/tools/msp430/bin/../lib/gcc/msp430/4.6.3\libgcc.a(_fpcmp_parts_sf.o)
 .debug_info    0x00011a45       0xa0 c:/users/admin/workspace_v8/energia-1.6.10e18/hardware/tools/msp430/bin/../lib/gcc/msp430/4.6.3\libgcc.a(_clz.o)
 .debug_info    0x00011ae5       0xa7 c:/users/admin/workspace_v8/energia-1.6.10e18/hardware/tools/msp430/bin/../lib/gcc/msp430/4.6.3/../../../../msp430/lib\libc.a(strchr.o)
 .debug_info    0x00011b8c       0xa4 c:/users/admin/workspace_v8/energia-1.6.10e18/hardware/tools/msp430/bin/../lib/gcc/msp430/4.6.3/../../../../msp430/lib\libc.a(strcmp.o)
 .debug_info    0x00011c30       0xbb c:/users/admin/workspace_v8/energia-1.6.10e18/hardware/tools/msp430/bin/../lib/gcc/msp430/4.6.3/../../../../msp430/lib\libc.a(strncmp.o)
 .debug_info    0x00011ceb       0xb6 c:/users/admin/workspace_v8/energia-1.6.10e18/hardware/tools/msp430/bin/../lib/gcc/msp430/4.6.3/../../../../msp430/lib\libc.a(strcpy.o)
 .debug_info    0x00011da1       0xe1 c:/users/admin/workspace_v8/energia-1.6.10e18/hardware/tools/msp430/bin/../lib/gcc/msp430/4.6.3/../../../../msp430/lib\libc.a(strncpy.o)
 .debug_info    0x00011e82      0x113 c:/users/admin/workspace_v8/energia-1.6.10e18/hardware/tools/msp430/bin/../lib/gcc/msp430/4.6.3/../../../../msp430/lib\libc.a(memcpy.o)
 .debug_info    0x00011f95      0x113 c:/users/admin/workspace_v8/energia-1.6.10e18/hardware/tools/msp430/bin/../lib/gcc/msp430/4.6.3/../../../../msp430/lib\libc.a(memmove.o)
 .debug_info    0x000120a8       0xb7 c:/users/admin/workspace_v8/energia-1.6.10e18/hardware/tools/msp430/bin/../lib/gcc/msp430/4.6.3/../../../../msp430/lib\libc.a(strrchr.o)
 .debug_info    0x0001215f       0xe0 c:/users/admin/workspace_v8/energia-1.6.10e18/hardware/tools/msp430/bin/../lib/gcc/msp430/4.6.3/../../../../msp430/lib\libc.a(strstr.o)
 .debug_info    0x0001223f       0x95 c:/users/admin/workspace_v8/energia-1.6.10e18/hardware/tools/msp430/bin/../lib/gcc/msp430/4.6.3/../../../../msp430/lib\libc.a(atol.o)
 .debug_info    0x000122d4      0x151 c:/users/admin/workspace_v8/energia-1.6.10e18/hardware/tools/msp430/bin/../lib/gcc/msp430/4.6.3/../../../../msp430/lib\libc.a(malloc.o)
 .debug_info    0x00012425      0x1d7 c:/users/admin/workspace_v8/energia-1.6.10e18/hardware/tools/msp430/bin/../lib/gcc/msp430/4.6.3/../../../../msp430/lib\libc.a(strtol.o)
 .debug_info    0x000125fc      0x277 c:/users/admin/workspace_v8/energia-1.6.10e18/hardware/tools/msp430/bin/../lib/gcc/msp430/4.6.3/../../../../msp430/lib\libc.a(sprintf.o)
 .debug_info    0x00012873      0x565 c:/users/admin/workspace_v8/energia-1.6.10e18/hardware/tools/msp430/bin/../lib/gcc/msp430/4.6.3/../../../../msp430/lib\libc.a(vuprintf.o)
 .debug_info    0x00012dd8       0x39 c:/users/admin/workspace_v8/energia-1.6.10e18/hardware/tools/msp430/bin/../lib/gcc/msp430/4.6.3/../../../../msp430/lib\libc.a(errno.o)
 .debug_info    0x00012e11       0x8d c:/users/admin/workspace_v8/energia-1.6.10e18/hardware/tools/msp430/bin/../lib/gcc/msp430/4.6.3\libgcc.a(_udivmod64.o)
 .debug_info    0x00012e9e       0x74 c:/users/admin/workspace_v8/energia-1.6.10e18/hardware/tools/msp430/bin/../lib/gcc/msp430/4.6.3\libcrt0.a(__watchdog_support.o)
 .debug_info    0x00012f12       0x74 c:/users/admin/workspace_v8/energia-1.6.10e18/hardware/tools/msp430/bin/../lib/gcc/msp430/4.6.3\libcrt0.a(__init_stack.o)
 .debug_info    0x00012f86       0x74 c:/users/admin/workspace_v8/energia-1.6.10e18/hardware/tools/msp430/bin/../lib/gcc/msp430/4.6.3\libcrt0.a(_copy_data.o)
 .debug_info    0x00012ffa       0x74 c:/users/admin/workspace_v8/energia-1.6.10e18/hardware/tools/msp430/bin/../lib/gcc/msp430/4.6.3\libcrt0.a(_clear_bss.o)
 .debug_info    0x0001306e       0x74 c:/users/admin/workspace_v8/energia-1.6.10e18/hardware/tools/msp430/bin/../lib/gcc/msp430/4.6.3\libcrt0.a(_endless_loop__.o)
 .debug_info    0x000130e2       0x74 c:/users/admin/workspace_v8/energia-1.6.10e18/hardware/tools/msp430/bin/../lib/gcc/msp430/4.6.3\libcrt0.a(_unexpected_.o)
 .debug_info    0x00013156       0x74 c:/users/admin/workspace_v8/energia-1.6.10e18/hardware/tools/msp430/bin/../lib/gcc/msp430/4.6.3\libcrt0.a(_ctors430.o)
 *(.gnu.linkonce.wi.*)

.debug_abbrev   0x00000000     0x4a87
 *(.debug_abbrev)
 .debug_abbrev  0x00000000      0x253 ./2018_08_05_newProject_EnergiaMPU6050.o
 .debug_abbrev  0x00000253      0x2fa C:/Users/Admin/workspace_v8/msp430_MSP-EXP430G2553LP_Servo/Debug\libmsp430_MSP-EXP430G2553LP_Servo.a(Servo.o)
 .debug_abbrev  0x0000054d      0x2c4 C:/Users/Admin/workspace_v8/msp430_MSP-EXP430G2553LP_Arduino-MPU6050-master/Debug\libmsp430_MSP-EXP430G2553LP_Arduino-MPU6050-master.a(MPU6050.o)
 .debug_abbrev  0x00000811      0x437 C:/Users/Admin/workspace_v8/msp430_MSP-EXP430G2553LP_Wire/Debug\libmsp430_MSP-EXP430G2553LP_Wire.a(Wire.o)
 .debug_abbrev  0x00000c48      0x1e1 C:/Users/Admin/workspace_v8/msp430_MSP-EXP430G2553LP_Wire/Debug\libmsp430_MSP-EXP430G2553LP_Wire.a(twi.o)
 .debug_abbrev  0x00000e29       0xf8 C:/Users/Admin/workspace_v8/msp430_MSP-EXP430G2553LP_Wire/Debug\libmsp430_MSP-EXP430G2553LP_Wire.a(twi_sw.o)
 .debug_abbrev  0x00000f21      0x104 C:/Users/Admin/workspace_v8/msp430_MSP-EXP430G2553LP_core/Debug\libmsp430_MSP-EXP430G2553LP_core.a(usci_isr_handler.o)
 .debug_abbrev  0x00001025      0x28e C:/Users/Admin/workspace_v8/msp430_MSP-EXP430G2553LP_core/Debug\libmsp430_MSP-EXP430G2553LP_core.a(wiring.o)
 .debug_abbrev  0x000012b3      0x17b C:/Users/Admin/workspace_v8/msp430_MSP-EXP430G2553LP_core/Debug\libmsp430_MSP-EXP430G2553LP_core.a(wiring_digital.o)
 .debug_abbrev  0x0000142e      0x4a4 C:/Users/Admin/workspace_v8/msp430_MSP-EXP430G2553LP_core/Debug\libmsp430_MSP-EXP430G2553LP_core.a(HardwareSerial.o)
 .debug_abbrev  0x000018d2       0x91 C:/Users/Admin/workspace_v8/msp430_MSP-EXP430G2553LP_core/Debug\libmsp430_MSP-EXP430G2553LP_core.a(main.o)
 .debug_abbrev  0x00001963       0xee C:/Users/Admin/workspace_v8/msp430_MSP-EXP430G2553LP_core/Debug\libmsp430_MSP-EXP430G2553LP_core.a(new.o)
 .debug_abbrev  0x00001a51      0x3a4 C:/Users/Admin/workspace_v8/msp430_MSP-EXP430G2553LP_core/Debug\libmsp430_MSP-EXP430G2553LP_core.a(Print.o)
 .debug_abbrev  0x00001df5       0xde C:/Users/Admin/workspace_v8/msp430_MSP-EXP430G2553LP_core/Debug\libmsp430_MSP-EXP430G2553LP_core.a(WMath.o)
 .debug_abbrev  0x00001ed3      0x3c7 C:/Users/Admin/workspace_v8/msp430_MSP-EXP430G2553LP_core/Debug\libmsp430_MSP-EXP430G2553LP_core.a(WString.o)
 .debug_abbrev  0x0000229a       0x81 C:/Users/Admin/workspace_v8/msp430_MSP-EXP430G2553LP_core/Debug\libmsp430_MSP-EXP430G2553LP_core.a(atof.o)
 .debug_abbrev  0x0000231b       0xeb C:/Users/Admin/workspace_v8/msp430_MSP-EXP430G2553LP_core/Debug\libmsp430_MSP-EXP430G2553LP_core.a(dtostrf.o)
 .debug_abbrev  0x00002406       0xaf C:/Users/Admin/workspace_v8/msp430_MSP-EXP430G2553LP_core/Debug\libmsp430_MSP-EXP430G2553LP_core.a(itoa.o)
 .debug_abbrev  0x000024b5       0xf3 C:/Users/Admin/workspace_v8/msp430_MSP-EXP430G2553LP_core/Debug\libmsp430_MSP-EXP430G2553LP_core.a(random.o)
 .debug_abbrev  0x000025a8      0x14a c:/users/admin/workspace_v8/energia-1.6.10e18/hardware/tools/msp430/bin/../lib/gcc/msp430/4.6.3/../../../../msp430/lib\libm.a(ef_sqrt.o)
 .debug_abbrev  0x000026f2      0x140 c:/users/admin/workspace_v8/energia-1.6.10e18/hardware/tools/msp430/bin/../lib/gcc/msp430/4.6.3/../../../../msp430/lib\libm.a(ef_pow.o)
 .debug_abbrev  0x00002832       0xf4 c:/users/admin/workspace_v8/energia-1.6.10e18/hardware/tools/msp430/bin/../lib/gcc/msp430/4.6.3/../../../../msp430/lib\libm.a(sf_scalbn.o)
 .debug_abbrev  0x00002926       0x14 c:/users/admin/workspace_v8/energia-1.6.10e18/hardware/tools/msp430/bin/../lib/gcc/msp430/4.6.3\libgcc.a(_mulqi3.o)
 .debug_abbrev  0x0000293a       0x14 c:/users/admin/workspace_v8/energia-1.6.10e18/hardware/tools/msp430/bin/../lib/gcc/msp430/4.6.3\libgcc.a(_mulsi3.o)
 .debug_abbrev  0x0000294e       0x14 c:/users/admin/workspace_v8/energia-1.6.10e18/hardware/tools/msp430/bin/../lib/gcc/msp430/4.6.3\libgcc.a(_udivmod16.o)
 .debug_abbrev  0x00002962       0x14 c:/users/admin/workspace_v8/energia-1.6.10e18/hardware/tools/msp430/bin/../lib/gcc/msp430/4.6.3\libgcc.a(_udivmod32.o)
 .debug_abbrev  0x00002976       0x14 c:/users/admin/workspace_v8/energia-1.6.10e18/hardware/tools/msp430/bin/../lib/gcc/msp430/4.6.3\libgcc.a(_divmod32.o)
 .debug_abbrev  0x0000298a       0x5d c:/users/admin/workspace_v8/energia-1.6.10e18/hardware/tools/msp430/bin/../lib/gcc/msp430/4.6.3\libgcc.a(_fixunssfsi.o)
 .debug_abbrev  0x000029e7      0x1ab c:/users/admin/workspace_v8/energia-1.6.10e18/hardware/tools/msp430/bin/../lib/gcc/msp430/4.6.3\libgcc.a(_addsub_sf.o)
 .debug_abbrev  0x00002b92      0x1d9 c:/users/admin/workspace_v8/energia-1.6.10e18/hardware/tools/msp430/bin/../lib/gcc/msp430/4.6.3\libgcc.a(_mul_sf.o)
 .debug_abbrev  0x00002d6b      0x1c4 c:/users/admin/workspace_v8/energia-1.6.10e18/hardware/tools/msp430/bin/../lib/gcc/msp430/4.6.3\libgcc.a(_div_sf.o)
 .debug_abbrev  0x00002f2f      0x151 c:/users/admin/workspace_v8/energia-1.6.10e18/hardware/tools/msp430/bin/../lib/gcc/msp430/4.6.3\libgcc.a(_ne_sf.o)
 .debug_abbrev  0x00003080      0x151 c:/users/admin/workspace_v8/energia-1.6.10e18/hardware/tools/msp430/bin/../lib/gcc/msp430/4.6.3\libgcc.a(_gt_sf.o)
 .debug_abbrev  0x000031d1      0x151 c:/users/admin/workspace_v8/energia-1.6.10e18/hardware/tools/msp430/bin/../lib/gcc/msp430/4.6.3\libgcc.a(_ge_sf.o)
 .debug_abbrev  0x00003322      0x151 c:/users/admin/workspace_v8/energia-1.6.10e18/hardware/tools/msp430/bin/../lib/gcc/msp430/4.6.3\libgcc.a(_lt_sf.o)
 .debug_abbrev  0x00003473      0x151 c:/users/admin/workspace_v8/energia-1.6.10e18/hardware/tools/msp430/bin/../lib/gcc/msp430/4.6.3\libgcc.a(_le_sf.o)
 .debug_abbrev  0x000035c4      0x164 c:/users/admin/workspace_v8/energia-1.6.10e18/hardware/tools/msp430/bin/../lib/gcc/msp430/4.6.3\libgcc.a(_si_to_sf.o)
 .debug_abbrev  0x00003728      0x160 c:/users/admin/workspace_v8/energia-1.6.10e18/hardware/tools/msp430/bin/../lib/gcc/msp430/4.6.3\libgcc.a(_sf_to_si.o)
 .debug_abbrev  0x00003888       0xba c:/users/admin/workspace_v8/energia-1.6.10e18/hardware/tools/msp430/bin/../lib/gcc/msp430/4.6.3\libgcc.a(_thenan_sf.o)
 .debug_abbrev  0x00003942      0x173 c:/users/admin/workspace_v8/energia-1.6.10e18/hardware/tools/msp430/bin/../lib/gcc/msp430/4.6.3\libgcc.a(_usi_to_sf.o)
 .debug_abbrev  0x00003ab5       0xac c:/users/admin/workspace_v8/energia-1.6.10e18/hardware/tools/msp430/bin/../lib/gcc/msp430/4.6.3\libgcc.a(_clzsi2.o)
 .debug_abbrev  0x00003b61      0x192 c:/users/admin/workspace_v8/energia-1.6.10e18/hardware/tools/msp430/bin/../lib/gcc/msp430/4.6.3\libgcc.a(_pack_sf.o)
 .debug_abbrev  0x00003cf3      0x15a c:/users/admin/workspace_v8/energia-1.6.10e18/hardware/tools/msp430/bin/../lib/gcc/msp430/4.6.3\libgcc.a(_unpack_sf.o)
 .debug_abbrev  0x00003e4d      0x10b c:/users/admin/workspace_v8/energia-1.6.10e18/hardware/tools/msp430/bin/../lib/gcc/msp430/4.6.3\libgcc.a(_fpcmp_parts_sf.o)
 .debug_abbrev  0x00003f58       0x61 c:/users/admin/workspace_v8/energia-1.6.10e18/hardware/tools/msp430/bin/../lib/gcc/msp430/4.6.3\libgcc.a(_clz.o)
 .debug_abbrev  0x00003fb9       0x6f c:/users/admin/workspace_v8/energia-1.6.10e18/hardware/tools/msp430/bin/../lib/gcc/msp430/4.6.3/../../../../msp430/lib\libc.a(strchr.o)
 .debug_abbrev  0x00004028       0x60 c:/users/admin/workspace_v8/energia-1.6.10e18/hardware/tools/msp430/bin/../lib/gcc/msp430/4.6.3/../../../../msp430/lib\libc.a(strcmp.o)
 .debug_abbrev  0x00004088       0x7c c:/users/admin/workspace_v8/energia-1.6.10e18/hardware/tools/msp430/bin/../lib/gcc/msp430/4.6.3/../../../../msp430/lib\libc.a(strncmp.o)
 .debug_abbrev  0x00004104       0x7e c:/users/admin/workspace_v8/energia-1.6.10e18/hardware/tools/msp430/bin/../lib/gcc/msp430/4.6.3/../../../../msp430/lib\libc.a(strcpy.o)
 .debug_abbrev  0x00004182       0x94 c:/users/admin/workspace_v8/energia-1.6.10e18/hardware/tools/msp430/bin/../lib/gcc/msp430/4.6.3/../../../../msp430/lib\libc.a(strncpy.o)
 .debug_abbrev  0x00004216       0x97 c:/users/admin/workspace_v8/energia-1.6.10e18/hardware/tools/msp430/bin/../lib/gcc/msp430/4.6.3/../../../../msp430/lib\libc.a(memcpy.o)
 .debug_abbrev  0x000042ad       0x97 c:/users/admin/workspace_v8/energia-1.6.10e18/hardware/tools/msp430/bin/../lib/gcc/msp430/4.6.3/../../../../msp430/lib\libc.a(memmove.o)
 .debug_abbrev  0x00004344       0x7e c:/users/admin/workspace_v8/energia-1.6.10e18/hardware/tools/msp430/bin/../lib/gcc/msp430/4.6.3/../../../../msp430/lib\libc.a(strrchr.o)
 .debug_abbrev  0x000043c2       0x8b c:/users/admin/workspace_v8/energia-1.6.10e18/hardware/tools/msp430/bin/../lib/gcc/msp430/4.6.3/../../../../msp430/lib\libc.a(strstr.o)
 .debug_abbrev  0x0000444d       0x60 c:/users/admin/workspace_v8/energia-1.6.10e18/hardware/tools/msp430/bin/../lib/gcc/msp430/4.6.3/../../../../msp430/lib\libc.a(atol.o)
 .debug_abbrev  0x000044ad      0x104 c:/users/admin/workspace_v8/energia-1.6.10e18/hardware/tools/msp430/bin/../lib/gcc/msp430/4.6.3/../../../../msp430/lib\libc.a(malloc.o)
 .debug_abbrev  0x000045b1      0x112 c:/users/admin/workspace_v8/energia-1.6.10e18/hardware/tools/msp430/bin/../lib/gcc/msp430/4.6.3/../../../../msp430/lib\libc.a(strtol.o)
 .debug_abbrev  0x000046c3      0x105 c:/users/admin/workspace_v8/energia-1.6.10e18/hardware/tools/msp430/bin/../lib/gcc/msp430/4.6.3/../../../../msp430/lib\libc.a(sprintf.o)
 .debug_abbrev  0x000047c8      0x1ef c:/users/admin/workspace_v8/energia-1.6.10e18/hardware/tools/msp430/bin/../lib/gcc/msp430/4.6.3/../../../../msp430/lib\libc.a(vuprintf.o)
 .debug_abbrev  0x000049b7       0x30 c:/users/admin/workspace_v8/energia-1.6.10e18/hardware/tools/msp430/bin/../lib/gcc/msp430/4.6.3/../../../../msp430/lib\libc.a(errno.o)
 .debug_abbrev  0x000049e7       0x14 c:/users/admin/workspace_v8/energia-1.6.10e18/hardware/tools/msp430/bin/../lib/gcc/msp430/4.6.3\libgcc.a(_udivmod64.o)
 .debug_abbrev  0x000049fb       0x14 c:/users/admin/workspace_v8/energia-1.6.10e18/hardware/tools/msp430/bin/../lib/gcc/msp430/4.6.3\libcrt0.a(__watchdog_support.o)
 .debug_abbrev  0x00004a0f       0x14 c:/users/admin/workspace_v8/energia-1.6.10e18/hardware/tools/msp430/bin/../lib/gcc/msp430/4.6.3\libcrt0.a(__init_stack.o)
 .debug_abbrev  0x00004a23       0x14 c:/users/admin/workspace_v8/energia-1.6.10e18/hardware/tools/msp430/bin/../lib/gcc/msp430/4.6.3\libcrt0.a(_copy_data.o)
 .debug_abbrev  0x00004a37       0x14 c:/users/admin/workspace_v8/energia-1.6.10e18/hardware/tools/msp430/bin/../lib/gcc/msp430/4.6.3\libcrt0.a(_clear_bss.o)
 .debug_abbrev  0x00004a4b       0x14 c:/users/admin/workspace_v8/energia-1.6.10e18/hardware/tools/msp430/bin/../lib/gcc/msp430/4.6.3\libcrt0.a(_endless_loop__.o)
 .debug_abbrev  0x00004a5f       0x14 c:/users/admin/workspace_v8/energia-1.6.10e18/hardware/tools/msp430/bin/../lib/gcc/msp430/4.6.3\libcrt0.a(_unexpected_.o)
 .debug_abbrev  0x00004a73       0x14 c:/users/admin/workspace_v8/energia-1.6.10e18/hardware/tools/msp430/bin/../lib/gcc/msp430/4.6.3\libcrt0.a(_ctors430.o)

.debug_line     0x00000000     0x55bd
 *(.debug_line)
 .debug_line    0x00000000      0x2f7 ./2018_08_05_newProject_EnergiaMPU6050.o
 .debug_line    0x000002f7      0x322 C:/Users/Admin/workspace_v8/msp430_MSP-EXP430G2553LP_Servo/Debug\libmsp430_MSP-EXP430G2553LP_Servo.a(Servo.o)
 .debug_line    0x00000619      0x7d7 C:/Users/Admin/workspace_v8/msp430_MSP-EXP430G2553LP_Arduino-MPU6050-master/Debug\libmsp430_MSP-EXP430G2553LP_Arduino-MPU6050-master.a(MPU6050.o)
 .debug_line    0x00000df0      0x405 C:/Users/Admin/workspace_v8/msp430_MSP-EXP430G2553LP_Wire/Debug\libmsp430_MSP-EXP430G2553LP_Wire.a(Wire.o)
 .debug_line    0x000011f5      0x33d C:/Users/Admin/workspace_v8/msp430_MSP-EXP430G2553LP_Wire/Debug\libmsp430_MSP-EXP430G2553LP_Wire.a(twi.o)
 .debug_line    0x00001532      0x25a C:/Users/Admin/workspace_v8/msp430_MSP-EXP430G2553LP_Wire/Debug\libmsp430_MSP-EXP430G2553LP_Wire.a(twi_sw.o)
 .debug_line    0x0000178c      0x1e7 C:/Users/Admin/workspace_v8/msp430_MSP-EXP430G2553LP_core/Debug\libmsp430_MSP-EXP430G2553LP_core.a(usci_isr_handler.o)
 .debug_line    0x00001973      0x35e C:/Users/Admin/workspace_v8/msp430_MSP-EXP430G2553LP_core/Debug\libmsp430_MSP-EXP430G2553LP_core.a(wiring.o)
 .debug_line    0x00001cd1      0x23e C:/Users/Admin/workspace_v8/msp430_MSP-EXP430G2553LP_core/Debug\libmsp430_MSP-EXP430G2553LP_core.a(wiring_digital.o)
 .debug_line    0x00001f0f      0x36c C:/Users/Admin/workspace_v8/msp430_MSP-EXP430G2553LP_core/Debug\libmsp430_MSP-EXP430G2553LP_core.a(HardwareSerial.o)
 .debug_line    0x0000227b      0x18b C:/Users/Admin/workspace_v8/msp430_MSP-EXP430G2553LP_core/Debug\libmsp430_MSP-EXP430G2553LP_core.a(main.o)
 .debug_line    0x00002406      0x14a C:/Users/Admin/workspace_v8/msp430_MSP-EXP430G2553LP_core/Debug\libmsp430_MSP-EXP430G2553LP_core.a(new.o)
 .debug_line    0x00002550      0x475 C:/Users/Admin/workspace_v8/msp430_MSP-EXP430G2553LP_core/Debug\libmsp430_MSP-EXP430G2553LP_core.a(Print.o)
 .debug_line    0x000029c5       0xe0 C:/Users/Admin/workspace_v8/msp430_MSP-EXP430G2553LP_core/Debug\libmsp430_MSP-EXP430G2553LP_core.a(WMath.o)
 .debug_line    0x00002aa5      0x824 C:/Users/Admin/workspace_v8/msp430_MSP-EXP430G2553LP_core/Debug\libmsp430_MSP-EXP430G2553LP_core.a(WString.o)
 .debug_line    0x000032c9       0xf6 C:/Users/Admin/workspace_v8/msp430_MSP-EXP430G2553LP_core/Debug\libmsp430_MSP-EXP430G2553LP_core.a(atof.o)
 .debug_line    0x000033bf      0x133 C:/Users/Admin/workspace_v8/msp430_MSP-EXP430G2553LP_core/Debug\libmsp430_MSP-EXP430G2553LP_core.a(dtostrf.o)
 .debug_line    0x000034f2      0x110 C:/Users/Admin/workspace_v8/msp430_MSP-EXP430G2553LP_core/Debug\libmsp430_MSP-EXP430G2553LP_core.a(itoa.o)
 .debug_line    0x00003602       0xd7 C:/Users/Admin/workspace_v8/msp430_MSP-EXP430G2553LP_core/Debug\libmsp430_MSP-EXP430G2553LP_core.a(random.o)
 .debug_line    0x000036d9       0xb7 c:/users/admin/workspace_v8/energia-1.6.10e18/hardware/tools/msp430/bin/../lib/gcc/msp430/4.6.3/../../../../msp430/lib\libm.a(ef_sqrt.o)
 .debug_line    0x00003790      0x1c6 c:/users/admin/workspace_v8/energia-1.6.10e18/hardware/tools/msp430/bin/../lib/gcc/msp430/4.6.3/../../../../msp430/lib\libm.a(ef_pow.o)
 .debug_line    0x00003956       0x97 c:/users/admin/workspace_v8/energia-1.6.10e18/hardware/tools/msp430/bin/../lib/gcc/msp430/4.6.3/../../../../msp430/lib\libm.a(sf_scalbn.o)
 .debug_line    0x000039ed       0x73 c:/users/admin/workspace_v8/energia-1.6.10e18/hardware/tools/msp430/bin/../lib/gcc/msp430/4.6.3\libgcc.a(_mulqi3.o)
 .debug_line    0x00003a60       0x7e c:/users/admin/workspace_v8/energia-1.6.10e18/hardware/tools/msp430/bin/../lib/gcc/msp430/4.6.3\libgcc.a(_mulsi3.o)
 .debug_line    0x00003ade       0x77 c:/users/admin/workspace_v8/energia-1.6.10e18/hardware/tools/msp430/bin/../lib/gcc/msp430/4.6.3\libgcc.a(_udivmod16.o)
 .debug_line    0x00003b55       0x86 c:/users/admin/workspace_v8/energia-1.6.10e18/hardware/tools/msp430/bin/../lib/gcc/msp430/4.6.3\libgcc.a(_udivmod32.o)
 .debug_line    0x00003bdb       0x8b c:/users/admin/workspace_v8/energia-1.6.10e18/hardware/tools/msp430/bin/../lib/gcc/msp430/4.6.3\libgcc.a(_divmod32.o)
 .debug_line    0x00003c66       0x6f c:/users/admin/workspace_v8/energia-1.6.10e18/hardware/tools/msp430/bin/../lib/gcc/msp430/4.6.3\libgcc.a(_fixunssfsi.o)
 .debug_line    0x00003cd5      0x117 c:/users/admin/workspace_v8/energia-1.6.10e18/hardware/tools/msp430/bin/../lib/gcc/msp430/4.6.3\libgcc.a(_addsub_sf.o)
 .debug_line    0x00003dec      0x10f c:/users/admin/workspace_v8/energia-1.6.10e18/hardware/tools/msp430/bin/../lib/gcc/msp430/4.6.3\libgcc.a(_mul_sf.o)
 .debug_line    0x00003efb       0xd1 c:/users/admin/workspace_v8/energia-1.6.10e18/hardware/tools/msp430/bin/../lib/gcc/msp430/4.6.3\libgcc.a(_div_sf.o)
 .debug_line    0x00003fcc       0x89 c:/users/admin/workspace_v8/energia-1.6.10e18/hardware/tools/msp430/bin/../lib/gcc/msp430/4.6.3\libgcc.a(_ne_sf.o)
 .debug_line    0x00004055       0x89 c:/users/admin/workspace_v8/energia-1.6.10e18/hardware/tools/msp430/bin/../lib/gcc/msp430/4.6.3\libgcc.a(_gt_sf.o)
 .debug_line    0x000040de       0x89 c:/users/admin/workspace_v8/energia-1.6.10e18/hardware/tools/msp430/bin/../lib/gcc/msp430/4.6.3\libgcc.a(_ge_sf.o)
 .debug_line    0x00004167       0x89 c:/users/admin/workspace_v8/energia-1.6.10e18/hardware/tools/msp430/bin/../lib/gcc/msp430/4.6.3\libgcc.a(_lt_sf.o)
 .debug_line    0x000041f0       0x89 c:/users/admin/workspace_v8/energia-1.6.10e18/hardware/tools/msp430/bin/../lib/gcc/msp430/4.6.3\libgcc.a(_le_sf.o)
 .debug_line    0x00004279       0xa1 c:/users/admin/workspace_v8/energia-1.6.10e18/hardware/tools/msp430/bin/../lib/gcc/msp430/4.6.3\libgcc.a(_si_to_sf.o)
 .debug_line    0x0000431a       0x97 c:/users/admin/workspace_v8/energia-1.6.10e18/hardware/tools/msp430/bin/../lib/gcc/msp430/4.6.3\libgcc.a(_sf_to_si.o)
 .debug_line    0x000043b1       0x6c c:/users/admin/workspace_v8/energia-1.6.10e18/hardware/tools/msp430/bin/../lib/gcc/msp430/4.6.3\libgcc.a(_thenan_sf.o)
 .debug_line    0x0000441d       0x9e c:/users/admin/workspace_v8/energia-1.6.10e18/hardware/tools/msp430/bin/../lib/gcc/msp430/4.6.3\libgcc.a(_usi_to_sf.o)
 .debug_line    0x000044bb       0x99 c:/users/admin/workspace_v8/energia-1.6.10e18/hardware/tools/msp430/bin/../lib/gcc/msp430/4.6.3\libgcc.a(_clzsi2.o)
 .debug_line    0x00004554       0xda c:/users/admin/workspace_v8/energia-1.6.10e18/hardware/tools/msp430/bin/../lib/gcc/msp430/4.6.3\libgcc.a(_pack_sf.o)
 .debug_line    0x0000462e       0xb5 c:/users/admin/workspace_v8/energia-1.6.10e18/hardware/tools/msp430/bin/../lib/gcc/msp430/4.6.3\libgcc.a(_unpack_sf.o)
 .debug_line    0x000046e3       0xc0 c:/users/admin/workspace_v8/energia-1.6.10e18/hardware/tools/msp430/bin/../lib/gcc/msp430/4.6.3\libgcc.a(_fpcmp_parts_sf.o)
 .debug_line    0x000047a3       0x5b c:/users/admin/workspace_v8/energia-1.6.10e18/hardware/tools/msp430/bin/../lib/gcc/msp430/4.6.3\libgcc.a(_clz.o)
 .debug_line    0x000047fe       0x44 c:/users/admin/workspace_v8/energia-1.6.10e18/hardware/tools/msp430/bin/../lib/gcc/msp430/4.6.3/../../../../msp430/lib\libc.a(strchr.o)
 .debug_line    0x00004842       0x49 c:/users/admin/workspace_v8/energia-1.6.10e18/hardware/tools/msp430/bin/../lib/gcc/msp430/4.6.3/../../../../msp430/lib\libc.a(strcmp.o)
 .debug_line    0x0000488b       0x82 c:/users/admin/workspace_v8/energia-1.6.10e18/hardware/tools/msp430/bin/../lib/gcc/msp430/4.6.3/../../../../msp430/lib\libc.a(strncmp.o)
 .debug_line    0x0000490d       0x4d c:/users/admin/workspace_v8/energia-1.6.10e18/hardware/tools/msp430/bin/../lib/gcc/msp430/4.6.3/../../../../msp430/lib\libc.a(strcpy.o)
 .debug_line    0x0000495a       0x85 c:/users/admin/workspace_v8/energia-1.6.10e18/hardware/tools/msp430/bin/../lib/gcc/msp430/4.6.3/../../../../msp430/lib\libc.a(strncpy.o)
 .debug_line    0x000049df       0xf6 c:/users/admin/workspace_v8/energia-1.6.10e18/hardware/tools/msp430/bin/../lib/gcc/msp430/4.6.3/../../../../msp430/lib\libc.a(memcpy.o)