******************************************************************************
                  MSP430 Linker PC v18.1.1                     
******************************************************************************
>> Linked Wed Aug  8 00:13:36 2018

OUTPUT FILE NAME:   <task_MSP430F5529.out>
ENTRY POINT SYMBOL: "_c_int00_noargs"  address: 00004400


MEMORY CONFIGURATION

         name            origin    length      used     unused   attr    fill
----------------------  --------  ---------  --------  --------  ----  --------
  SFR                   00000000   00000010  00000000  00000010  RWIX
  PERIPHERALS_8BIT      00000010   000000f0  00000000  000000f0  RWIX
  PERIPHERALS_16BIT     00000100   00000100  00000000  00000100  RWIX
  INFOD                 00001800   00000080  00000000  00000080  RWIX
  INFOC                 00001880   00000080  00000000  00000080  RWIX
  INFOB                 00001900   00000080  00000000  00000080  RWIX
  INFOA                 00001980   00000080  00000000  00000080  RWIX
  USBRAM                00001c00   00000800  00000000  00000800  RWIX
  RAM                   00002400   00002000  00000e4c  000011b4  RWIX
  FLASH                 00004400   0000bb80  00001f22  00009c5e  RWIX
  INT00                 0000ff80   00000002  00000000  00000002  RWIX
  INT01                 0000ff82   00000002  00000000  00000002  RWIX
  INT02                 0000ff84   00000002  00000000  00000002  RWIX
  INT03                 0000ff86   00000002  00000000  00000002  RWIX
  INT04                 0000ff88   00000002  00000000  00000002  RWIX
  INT05                 0000ff8a   00000002  00000000  00000002  RWIX
  INT06                 0000ff8c   00000002  00000000  00000002  RWIX
  INT07                 0000ff8e   00000002  00000000  00000002  RWIX
  INT08                 0000ff90   00000002  00000000  00000002  RWIX
  INT09                 0000ff92   00000002  00000000  00000002  RWIX
  INT10                 0000ff94   00000002  00000000  00000002  RWIX
  INT11                 0000ff96   00000002  00000000  00000002  RWIX
  INT12                 0000ff98   00000002  00000000  00000002  RWIX
  INT13                 0000ff9a   00000002  00000000  00000002  RWIX
  INT14                 0000ff9c   00000002  00000000  00000002  RWIX
  INT15                 0000ff9e   00000002  00000000  00000002  RWIX
  INT16                 0000ffa0   00000002  00000000  00000002  RWIX
  INT17                 0000ffa2   00000002  00000000  00000002  RWIX
  INT18                 0000ffa4   00000002  00000000  00000002  RWIX
  INT19                 0000ffa6   00000002  00000000  00000002  RWIX
  INT20                 0000ffa8   00000002  00000000  00000002  RWIX
  INT21                 0000ffaa   00000002  00000000  00000002  RWIX
  INT22                 0000ffac   00000002  00000000  00000002  RWIX
  INT23                 0000ffae   00000002  00000000  00000002  RWIX
  INT24                 0000ffb0   00000002  00000000  00000002  RWIX
  INT25                 0000ffb2   00000002  00000000  00000002  RWIX
  INT26                 0000ffb4   00000002  00000000  00000002  RWIX
  INT27                 0000ffb6   00000002  00000000  00000002  RWIX
  INT28                 0000ffb8   00000002  00000000  00000002  RWIX
  INT29                 0000ffba   00000002  00000000  00000002  RWIX
  INT30                 0000ffbc   00000002  00000000  00000002  RWIX
  INT31                 0000ffbe   00000002  00000000  00000002  RWIX
  INT32                 0000ffc0   00000002  00000000  00000002  RWIX
  INT33                 0000ffc2   00000002  00000000  00000002  RWIX
  INT34                 0000ffc4   00000002  00000000  00000002  RWIX
  INT35                 0000ffc6   00000002  00000000  00000002  RWIX
  INT36                 0000ffc8   00000002  00000000  00000002  RWIX
  INT37                 0000ffca   00000002  00000000  00000002  RWIX
  INT38                 0000ffcc   00000002  00000000  00000002  RWIX
  INT39                 0000ffce   00000002  00000000  00000002  RWIX
  INT40                 0000ffd0   00000002  00000000  00000002  RWIX
  INT41                 0000ffd2   00000002  00000002  00000000  RWIX
  INT42                 0000ffd4   00000002  00000002  00000000  RWIX
  INT43                 0000ffd6   00000002  00000002  00000000  RWIX
  INT44                 0000ffd8   00000002  00000002  00000000  RWIX
  INT45                 0000ffda   00000002  00000002  00000000  RWIX
  INT46                 0000ffdc   00000002  00000002  00000000  RWIX
  INT47                 0000ffde   00000002  00000002  00000000  RWIX
  INT48                 0000ffe0   00000002  00000002  00000000  RWIX
  INT49                 0000ffe2   00000002  00000002  00000000  RWIX
  INT50                 0000ffe4   00000002  00000002  00000000  RWIX
  INT51                 0000ffe6   00000002  00000002  00000000  RWIX
  INT52                 0000ffe8   00000002  00000002  00000000  RWIX
  INT53                 0000ffea   00000002  00000002  00000000  RWIX
  INT54                 0000ffec   00000002  00000002  00000000  RWIX
  INT55                 0000ffee   00000002  00000002  00000000  RWIX
  INT56                 0000fff0   00000002  00000002  00000000  RWIX
  INT57                 0000fff2   00000002  00000002  00000000  RWIX
  INT58                 0000fff4   00000002  00000002  00000000  RWIX
  INT59                 0000fff6   00000002  00000002  00000000  RWIX
  INT60                 0000fff8   00000002  00000002  00000000  RWIX
  INT61                 0000fffa   00000002  00000002  00000000  RWIX
  INT62                 0000fffc   00000002  00000002  00000000  RWIX
  RESET                 0000fffe   00000002  00000002  00000000  RWIX
  FLASH2                00010000   00014400  00005922  0000eade  RWIX


SECTION ALLOCATION MAP

 output                                  attributes/
section   page    origin      length       input sections
--------  ----  ----------  ----------   ----------------
.bss       0    00002400    00000816     UNINITIALIZED
                  00002400    00000600     (.common:ti_sysbios_heaps_HeapMem_Instance_State_0_buf__A)
                  00002a00    00000200     (.common:xdc_runtime_SysMin_Module_State_0_outbuf__A)
                  00002c00    00000008     (.common:parmbuf)
                  00002c08    00000004     (.common:sem)
                  00002c0c    00000004     (.common:tsk1)
                  00002c10    00000004     (.common:tsk2)
                  00002c14    00000002     ti.targets.msp430.rts430.ae430X : xdc_init.oe430X (.bss)

.data      0    00002c16    00000316     UNINITIALIZED
                  00002c16    00000080     mutex_pe430X.oe430X (.data:ti_sysbios_knl_Swi_Module_State_0_readyQ__A)
                  00002c96    00000080     mutex_pe430X.oe430X (.data:ti_sysbios_knl_Task_Module_State_0_readyQ__A)
                  00002d16    0000003e     mutex_pe430X.oe430X (.data:ti_sysbios_knl_Task_Module__state__V)
                  00002d54    00000036     mutex_pe430X.oe430X (.data:ti_sysbios_family_msp430_Timer_Object__table__V)
                  00002d8a    00000034     mutex_pe430X.oe430X (.data:ti_sysbios_gates_GateMutex_Object__table__V)
                  00002dbe    00000026     mutex_pe430X.oe430X (.data:ti_sysbios_knl_Clock_Module__state__V)
                  00002de4    00000026     mutex_pe430X.oe430X (.data:ti_sysbios_knl_Swi_Object__table__V)
                  00002e0a    00000020     mutex_pe430X.oe430X (.data:ti_sysbios_BIOS_Module__state__V)
                  00002e2a    0000001a     mutex_pe430X.oe430X (.data:xdc_runtime_Error_IgnoreBlock)
                  00002e44    00000018     mutex_pe430X.oe430X (.data:ti_sysbios_family_msp430_Timer_Module_State_0_device__A)
                  00002e5c    00000016     mutex_pe430X.oe430X (.data:ti_sysbios_heaps_HeapMem_Object__table__V)
                  00002e72    00000016     mutex_pe430X.oe430X (.data:ti_sysbios_knl_Swi_Module__state__V)
                  00002e88    00000010     mutex_pe430X.oe430X (.data:ti_sysbios_family_msp430_Timer_Module_State_0_handles__A)
                  00002e98    00000010     mutex_pe430X.oe430X (.data:xdc_runtime_System_Module_State_0_atexitHandlers__A)
                  00002ea8    0000000e     mutex_pe430X.oe430X (.data:ti_sysbios_family_msp430_Hwi_Object__table__V)
                  00002eb6    0000000a     mutex_pe430X.oe430X (.data:ti_sysbios_family_msp430_Timer_Module__state__V)
                  00002ec0    00000008     mutex_pe430X.oe430X (.data:ti_sysbios_family_msp430_Hwi_Module__state__V)
                  00002ec8    00000008     mutex_pe430X.oe430X (.data:ti_sysbios_gates_GateHwi_Module__root__V)
                  00002ed0    00000008     mutex_pe430X.oe430X (.data:ti_sysbios_gates_GateMutex_Module__root__V)
                  00002ed8    00000008     mutex_pe430X.oe430X (.data:ti_sysbios_heaps_HeapMem_Module__root__V)
                  00002ee0    00000008     mutex_pe430X.oe430X (.data:ti_sysbios_knl_Queue_Module__root__V)
                  00002ee8    00000008     mutex_pe430X.oe430X (.data:ti_sysbios_knl_Semaphore_Module__root__V)
                  00002ef0    00000008     mutex_pe430X.oe430X (.data:ti_sysbios_knl_Task_Module__root__V)
                  00002ef8    00000008     mutex_pe430X.oe430X (.data:xdc_runtime_Startup_Module__state__V)
                  00002f00    00000008     mutex_pe430X.oe430X (.data:xdc_runtime_SysMin_Module__state__V)
                  00002f08    00000006     mutex_pe430X.oe430X (.data:xdc_runtime_Registry_Module__state__V)
                  00002f0e    00000006     mutex_pe430X.oe430X (.data:xdc_runtime_System_Module__state__V)
                  00002f14    00000004     rts430x_lc_rd_eabi.lib : _lock.c.obj (.data:_lock)
                  00002f18    00000004                            : _lock.c.obj (.data:_unlock)
                  00002f1c    00000004     mutex.obj (.data)
                  00002f20    00000004     mutex_pe430X.oe430X (.data:ti_sysbios_gates_GateHwi_Object__table__V)
                  00002f24    00000004     mutex_pe430X.oe430X (.data:ti_sysbios_knl_Task_Module_State_0_idleTask__A)
                  00002f28    00000002     mutex_pe430X.oe430X (.data:xdc_runtime_Error_Module__state__V)
                  00002f2a    00000002     mutex_pe430X.oe430X (.data:xdc_runtime_Memory_Module__state__V)

.cio       0    00002f2c    00000120     UNINITIALIZED
                  00002f2c    00000120     rts430x_lc_rd_eabi.lib : trgmsg.c.obj (.cio)

.stack     0    00004200    00000200     UNINITIALIZED
                  00004200    00000004     boot.ae430X : boot.oe430X (.stack)
                  00004204    000001fc     --HOLE--

.text:_isr 
*          0    00004400    00000070     
                  00004400    00000026     boot.ae430X : boot.oe430X (.text:_isr:_c_int00_noargs)
                  00004426    00000020     sysbios.ae430X : BIOS.obj (.text:_isr:ti_sysbios_family_msp430_Hwi53)
                  00004446    00000002                    : BIOS.obj (.text:_isr:ti_sysbios_family_msp430_Hwi41)
                  00004448    00000002                    : BIOS.obj (.text:_isr:ti_sysbios_family_msp430_Hwi42)
                  0000444a    00000002                    : BIOS.obj (.text:_isr:ti_sysbios_family_msp430_Hwi43)
                  0000444c    00000002                    : BIOS.obj (.text:_isr:ti_sysbios_family_msp430_Hwi44)
                  0000444e    00000002                    : BIOS.obj (.text:_isr:ti_sysbios_family_msp430_Hwi45)
                  00004450    00000002                    : BIOS.obj (.text:_isr:ti_sysbios_family_msp430_Hwi46)
                  00004452    00000002                    : BIOS.obj (.text:_isr:ti_sysbios_family_msp430_Hwi47)
                  00004454    00000002                    : BIOS.obj (.text:_isr:ti_sysbios_family_msp430_Hwi48)
                  00004456    00000002                    : BIOS.obj (.text:_isr:ti_sysbios_family_msp430_Hwi49)
                  00004458    00000002                    : BIOS.obj (.text:_isr:ti_sysbios_family_msp430_Hwi50)
                  0000445a    00000002                    : BIOS.obj (.text:_isr:ti_sysbios_family_msp430_Hwi51)
                  0000445c    00000002                    : BIOS.obj (.text:_isr:ti_sysbios_family_msp430_Hwi52)
                  0000445e    00000002                    : BIOS.obj (.text:_isr:ti_sysbios_family_msp430_Hwi54)
                  00004460    00000002                    : BIOS.obj (.text:_isr:ti_sysbios_family_msp430_Hwi55)
                  00004462    00000002                    : BIOS.obj (.text:_isr:ti_sysbios_family_msp430_Hwi56)
                  00004464    00000002                    : BIOS.obj (.text:_isr:ti_sysbios_family_msp430_Hwi57)
                  00004466    00000002                    : BIOS.obj (.text:_isr:ti_sysbios_family_msp430_Hwi58)
                  00004468    00000002                    : BIOS.obj (.text:_isr:ti_sysbios_family_msp430_Hwi59)
                  0000446a    00000002                    : BIOS.obj (.text:_isr:ti_sysbios_family_msp430_Hwi60)
                  0000446c    00000002                    : BIOS.obj (.text:_isr:ti_sysbios_family_msp430_Hwi61)
                  0000446e    00000002                    : BIOS.obj (.text:_isr:ti_sysbios_family_msp430_Hwi62)

.cinit     0    0000619e    00000184     
                  0000619e    00000161     (.cinit..data.load) [load image, compression = lzss]
                  000062ff    00000001     --HOLE-- [fill = 0]
                  00006300    0000000c     (__TI_handler_table)
                  0000630c    00000006     (.cinit..bss.load) [load image, compression = zero_init]
                  00006312    00000010     (__TI_cinit_table)

.binit     0    00004400    00000000     

.init_array 
*          0    00004470    00000004     
                  00004470    00000004     ti.targets.msp430.rts430.ae430X : xdc_init.oe430X (.init_array)

.const     0    00004474    00001d2a     
                  00004474    000016eb     mutex_pe430X.oe430X (.const:xdc_runtime_Text_charTab__A)
                  00005b5f    00000001     --HOLE-- [fill = 0]
                  00005b60    000000a0     mutex_pe430X.oe430X (.const:xdc_runtime_Text_nodeTab__A)
                  00005c00    0000007a     mutex.obj (.const:.string)
                  00005c7a    00000058     ti.targets.msp430.rts430.ae430X : Error.oe430X (.const:.string)
                  00005cd2    00000054     mutex_pe430X.oe430X (.const:.string)
                  00005d26    00000044     ti.targets.msp430.rts430.ae430X : Text.oe430X (.const:.string)
                  00005d6a    00000036     mutex_pe430X.oe430X (.const:ti_sysbios_knl_Task_Object__PARAMS__C)
                  00005da0    0000002a     ti.targets.msp430.rts430.ae430X : Startup.oe430X (.const:.string)
                  00005dca    00000026     mutex_pe430X.oe430X (.const:ti_sysbios_heaps_HeapMem_Module__FXNS__C)
                  00005df0    00000022     mutex_pe430X.oe430X (.const:ti_sysbios_gates_GateHwi_Module__FXNS__C)
                  00005e12    00000022     mutex_pe430X.oe430X (.const:ti_sysbios_gates_GateMutex_Module__FXNS__C)
                  00005e34    00000020     sysbios.ae430X : BIOS.obj (.const:IntrinsicsSupport_maxbitTable)
                  00005e54    00000020     mutex_pe430X.oe430X (.const:xdc_runtime_Startup_sfxnTab__A)
                  00005e74    0000001e     mutex_pe430X.oe430X (.const:ti_sysbios_heaps_HeapMem_Object__PARAMS__C)
                  00005e92    0000001c     mutex_pe430X.oe430X (.const:ti_sysbios_knl_Semaphore_Object__PARAMS__C)
                  00005eae    0000001a     ti.targets.msp430.rts430.ae430X : System.oe430X (.const:.string)
                  00005ec8    00000018     mutex_pe430X.oe430X (.const:ti_sysbios_gates_GateHwi_Object__DESC__C)
                  00005ee0    00000018     mutex_pe430X.oe430X (.const:ti_sysbios_gates_GateMutex_Object__DESC__C)
                  00005ef8    00000018     mutex_pe430X.oe430X (.const:ti_sysbios_heaps_HeapMem_Object__DESC__C)
                  00005f10    00000018     mutex_pe430X.oe430X (.const:ti_sysbios_knl_Queue_Object__DESC__C)
                  00005f28    00000018     mutex_pe430X.oe430X (.const:ti_sysbios_knl_Semaphore_Object__DESC__C)
                  00005f40    00000018     mutex_pe430X.oe430X (.const:ti_sysbios_knl_Task_Object__DESC__C)
                  00005f58    00000014     mutex_pe430X.oe430X (.const:ti_sysbios_gates_GateHwi_Object__PARAMS__C)
                  00005f6c    00000014     mutex_pe430X.oe430X (.const:ti_sysbios_gates_GateMutex_Object__PARAMS__C)
                  00005f80    00000014     mutex_pe430X.oe430X (.const:ti_sysbios_knl_Queue_Object__PARAMS__C)
                  00005f94    00000010     mutex_pe430X.oe430X (.const:xdc_runtime_Startup_sfxnRts__A)
                  00005fa4    00000008     mutex_pe430X.oe430X (.const:xdc_runtime_Startup_firstFxns__A)
                  00005fac    00000006     ti.targets.msp430.rts430.ae430X : Assert.oe430X (.const:.string)
                  00005fb2    00000006     mutex_pe430X.oe430X (.const:ti_sysbios_family_msp430_Hwi_hooks__C)
                  00005fb8    00000006     mutex_pe430X.oe430X (.const:ti_sysbios_knl_Idle_funcList__C)
                  00005fbe    00000006     mutex_pe430X.oe430X (.const:xdc_runtime_Startup_firstFxns__C)
                  00005fc4    00000006     mutex_pe430X.oe430X (.const:xdc_runtime_Startup_lastFxns__C)
                  00005fca    00000004     mutex_pe430X.oe430X (.const:ti_sysbios_gates_GateMutex_A_badContext__C)
                  00005fce    00000004     mutex_pe430X.oe430X (.const:ti_sysbios_gates_GateMutex_Module__diagsEnabled__C)
                  00005fd2    00000004     mutex_pe430X.oe430X (.const:ti_sysbios_gates_GateMutex_Module__diagsIncluded__C)
                  00005fd6    00000004     mutex_pe430X.oe430X (.const:ti_sysbios_gates_GateMutex_Module__diagsMask__C)
                  00005fda    00000004     mutex_pe430X.oe430X (.const:ti_sysbios_hal_Hwi_E_stackOverflow__C)
                  00005fde    00000004     mutex_pe430X.oe430X (.const:ti_sysbios_heaps_HeapMem_A_align__C)
                  00005fe2    00000004     mutex_pe430X.oe430X (.const:ti_sysbios_heaps_HeapMem_A_heapSize__C)
                  00005fe6    00000004     mutex_pe430X.oe430X (.const:ti_sysbios_heaps_HeapMem_A_invalidFree__C)
                  00005fea    00000004     mutex_pe430X.oe430X (.const:ti_sysbios_heaps_HeapMem_A_zeroBlock__C)
                  00005fee    00000004     mutex_pe430X.oe430X (.const:ti_sysbios_heaps_HeapMem_E_memory__C)
                  00005ff2    00000004     mutex_pe430X.oe430X (.const:ti_sysbios_heaps_HeapMem_Module__diagsEnabled__C)
                  00005ff6    00000004     mutex_pe430X.oe430X (.const:ti_sysbios_heaps_HeapMem_Module__diagsIncluded__C)
                  00005ffa    00000004     mutex_pe430X.oe430X (.const:ti_sysbios_heaps_HeapMem_Module__diagsMask__C)
                  00005ffe    00000004     mutex_pe430X.oe430X (.const:ti_sysbios_heaps_HeapMem_Module__gateObj__C)
                  00006002    00000004     mutex_pe430X.oe430X (.const:ti_sysbios_knl_Clock_LM_begin__C)
                  00006006    00000004     mutex_pe430X.oe430X (.const:ti_sysbios_knl_Clock_LM_tick__C)
                  0000600a    00000004     mutex_pe430X.oe430X (.const:ti_sysbios_knl_Clock_LW_delayed__C)
                  0000600e    00000004     mutex_pe430X.oe430X (.const:ti_sysbios_knl_Clock_Module__diagsEnabled__C)
                  00006012    00000004     mutex_pe430X.oe430X (.const:ti_sysbios_knl_Clock_Module__diagsIncluded__C)
                  00006016    00000004     mutex_pe430X.oe430X (.const:ti_sysbios_knl_Clock_Module__diagsMask__C)
                  0000601a    00000004     mutex_pe430X.oe430X (.const:ti_sysbios_knl_Clock_Module__loggerFxn1__C)
                  0000601e    00000004     mutex_pe430X.oe430X (.const:ti_sysbios_knl_Clock_Module__loggerFxn2__C)
                  00006022    00000004     mutex_pe430X.oe430X (.const:ti_sysbios_knl_Clock_Module__loggerObj__C)
                  00006026    00000004     mutex_pe430X.oe430X (.const:ti_sysbios_knl_Idle_funcList__A)
                  0000602a    00000004     mutex_pe430X.oe430X (.const:ti_sysbios_knl_Semaphore_A_badContext__C)
                  0000602e    00000004     mutex_pe430X.oe430X (.const:ti_sysbios_knl_Semaphore_A_noEvents__C)
                  00006032    00000004     mutex_pe430X.oe430X (.const:ti_sysbios_knl_Semaphore_A_overflow__C)
                  00006036    00000004     mutex_pe430X.oe430X (.const:ti_sysbios_knl_Semaphore_A_pendTaskDisabled__C)
                  0000603a    00000004     mutex_pe430X.oe430X (.const:ti_sysbios_knl_Semaphore_LM_pend__C)
                  0000603e    00000004     mutex_pe430X.oe430X (.const:ti_sysbios_knl_Semaphore_LM_post__C)
                  00006042    00000004     mutex_pe430X.oe430X (.const:ti_sysbios_knl_Semaphore_Module__diagsEnabled__C)
                  00006046    00000004     mutex_pe430X.oe430X (.const:ti_sysbios_knl_Semaphore_Module__diagsIncluded__C)
                  0000604a    00000004     mutex_pe430X.oe430X (.const:ti_sysbios_knl_Semaphore_Module__diagsMask__C)
                  0000604e    00000004     mutex_pe430X.oe430X (.const:ti_sysbios_knl_Semaphore_Module__loggerFxn2__C)
                  00006052    00000004     mutex_pe430X.oe430X (.const:ti_sysbios_knl_Semaphore_Module__loggerFxn4__C)
                  00006056    00000004     mutex_pe430X.oe430X (.const:ti_sysbios_knl_Semaphore_Module__loggerObj__C)
                  0000605a    00000004     mutex_pe430X.oe430X (.const:ti_sysbios_knl_Swi_LD_end__C)
                  0000605e    00000004     mutex_pe430X.oe430X (.const:ti_sysbios_knl_Swi_LM_begin__C)
                  00006062    00000004     mutex_pe430X.oe430X (.const:ti_sysbios_knl_Swi_LM_post__C)
                  00006066    00000004     mutex_pe430X.oe430X (.const:ti_sysbios_knl_Swi_Module__diagsEnabled__C)
                  0000606a    00000004     mutex_pe430X.oe430X (.const:ti_sysbios_knl_Swi_Module__diagsIncluded__C)
                  0000606e    00000004     mutex_pe430X.oe430X (.const:ti_sysbios_knl_Swi_Module__diagsMask__C)
                  00006072    00000004     mutex_pe430X.oe430X (.const:ti_sysbios_knl_Swi_Module__loggerFxn1__C)
                  00006076    00000004     mutex_pe430X.oe430X (.const:ti_sysbios_knl_Swi_Module__loggerFxn4__C)
                  0000607a    00000004     mutex_pe430X.oe430X (.const:ti_sysbios_knl_Swi_Module__loggerObj__C)
                  0000607e    00000004     mutex_pe430X.oe430X (.const:ti_sysbios_knl_Task_A_badPriority__C)
                  00006082    00000004     mutex_pe430X.oe430X (.const:ti_sysbios_knl_Task_A_badTaskState__C)
                  00006086    00000004     mutex_pe430X.oe430X (.const:ti_sysbios_knl_Task_A_badThreadType__C)
                  0000608a    00000004     mutex_pe430X.oe430X (.const:ti_sysbios_knl_Task_A_badTimeout__C)
                  0000608e    00000004     mutex_pe430X.oe430X (.const:ti_sysbios_knl_Task_A_noPendElem__C)
                  00006092    00000004     mutex_pe430X.oe430X (.const:ti_sysbios_knl_Task_A_sleepTaskDisabled__C)
                  00006096    00000004     mutex_pe430X.oe430X (.const:ti_sysbios_knl_Task_E_spOutOfBounds__C)
                  0000609a    00000004     mutex_pe430X.oe430X (.const:ti_sysbios_knl_Task_E_stackOverflow__C)
                  0000609e    00000004     mutex_pe430X.oe430X (.const:ti_sysbios_knl_Task_LD_block__C)
                  000060a2    00000004     mutex_pe430X.oe430X (.const:ti_sysbios_knl_Task_LD_exit__C)
                  000060a6    00000004     mutex_pe430X.oe430X (.const:ti_sysbios_knl_Task_LD_ready__C)
                  000060aa    00000004     mutex_pe430X.oe430X (.const:ti_sysbios_knl_Task_LM_sleep__C)
                  000060ae    00000004     mutex_pe430X.oe430X (.const:ti_sysbios_knl_Task_LM_switch__C)
                  000060b2    00000004     mutex_pe430X.oe430X (.const:ti_sysbios_knl_Task_Module__diagsEnabled__C)
                  000060b6    00000004     mutex_pe430X.oe430X (.const:ti_sysbios_knl_Task_Module__diagsIncluded__C)
                  000060ba    00000004     mutex_pe430X.oe430X (.const:ti_sysbios_knl_Task_Module__diagsMask__C)
                  000060be    00000004     mutex_pe430X.oe430X (.const:ti_sysbios_knl_Task_Module__loggerFxn2__C)
                  000060c2    00000004     mutex_pe430X.oe430X (.const:ti_sysbios_knl_Task_Module__loggerFxn4__C)
                  000060c6    00000004     mutex_pe430X.oe430X (.const:ti_sysbios_knl_Task_Module__loggerObj__C)
                  000060ca    00000004     mutex_pe430X.oe430X (.const:ti_sysbios_knl_Task_allBlockedFunc__C)
                  000060ce    00000004     mutex_pe430X.oe430X (.const:ti_sysbios_knl_Task_defaultStackHeap__C)
                  000060d2    00000004     mutex_pe430X.oe430X (.const:xdc_runtime_Assert_E_assertFailed__C)
                  000060d6    00000004     mutex_pe430X.oe430X (.const:xdc_runtime_Core_A_initializedParams__C)
                  000060da    00000004     mutex_pe430X.oe430X (.const:xdc_runtime_Core_Module__diagsEnabled__C)
                  000060de    00000004     mutex_pe430X.oe430X (.const:xdc_runtime_Core_Module__diagsIncluded__C)
                  000060e2    00000004     mutex_pe430X.oe430X (.const:xdc_runtime_Core_Module__diagsMask__C)
                  000060e6    00000004     mutex_pe430X.oe430X (.const:xdc_runtime_Error_E_memory__C)
                  000060ea    00000004     mutex_pe430X.oe430X (.const:xdc_runtime_Error_Module__diagsEnabled__C)
                  000060ee    00000004     mutex_pe430X.oe430X (.const:xdc_runtime_Error_Module__diagsIncluded__C)
                  000060f2    00000004     mutex_pe430X.oe430X (.const:xdc_runtime_Error_Module__diagsMask__C)
                  000060f6    00000004     mutex_pe430X.oe430X (.const:xdc_runtime_Error_Module__loggerFxn8__C)
                  000060fa    00000004     mutex_pe430X.oe430X (.const:xdc_runtime_Error_Module__loggerObj__C)
                  000060fe    00000004     mutex_pe430X.oe430X (.const:xdc_runtime_Error_policyFxn__C)
                  00006102    00000004     mutex_pe430X.oe430X (.const:xdc_runtime_Error_raiseHook__C)
                  00006106    00000004     mutex_pe430X.oe430X (.const:xdc_runtime_IGateProvider_Interface__BASE__C)
                  0000610a    00000004     mutex_pe430X.oe430X (.const:xdc_runtime_IHeap_Interface__BASE__C)
                  0000610e    00000004     mutex_pe430X.oe430X (.const:xdc_runtime_IModule_Interface__BASE__C)
                  00006112    00000004     mutex_pe430X.oe430X (.const:xdc_runtime_Log_L_error__C)
                  00006116    00000004     mutex_pe430X.oe430X (.const:xdc_runtime_Memory_defaultHeapInstance__C)
                  0000611a    00000004     mutex_pe430X.oe430X (.const:xdc_runtime_Startup_execImpl__C)
                  0000611e    00000004     mutex_pe430X.oe430X (.const:xdc_runtime_Startup_sfxnRts__C)
                  00006122    00000004     mutex_pe430X.oe430X (.const:xdc_runtime_Startup_sfxnTab__C)
                  00006126    00000004     mutex_pe430X.oe430X (.const:xdc_runtime_SysMin_outputFunc__C)
                  0000612a    00000004     mutex_pe430X.oe430X (.const:xdc_runtime_System_Module__gateObj__C)
                  0000612e    00000004     mutex_pe430X.oe430X (.const:xdc_runtime_System_abortFxn__C)
                  00006132    00000004     mutex_pe430X.oe430X (.const:xdc_runtime_System_exitFxn__C)
                  00006136    00000004     mutex_pe430X.oe430X (.const:xdc_runtime_System_extendFxn__C)
                  0000613a    00000004     mutex_pe430X.oe430X (.const:xdc_runtime_Text_charTab__C)
                  0000613e    00000004     mutex_pe430X.oe430X (.const:xdc_runtime_Text_nameEmpty__C)
                  00006142    00000004     mutex_pe430X.oe430X (.const:xdc_runtime_Text_nameStatic__C)
                  00006146    00000004     mutex_pe430X.oe430X (.const:xdc_runtime_Text_nameUnknown__C)
                  0000614a    00000004     mutex_pe430X.oe430X (.const:xdc_runtime_Text_nodeTab__C)
                  0000614e    00000004     mutex_pe430X.oe430X (.const:xdc_runtime_Text_visitRopeFxn__C)
                  00006152    00000002     mutex_pe430X.oe430X (.const:ti_sysbios_family_msp430_Hwi_Object__count__C)
                  00006154    00000002     mutex_pe430X.oe430X (.const:ti_sysbios_family_msp430_TaskSupport_stackAlignment__C)
                  00006156    00000002     mutex_pe430X.oe430X (.const:ti_sysbios_family_msp430_Timer_numTimerDevices__C)
                  00006158    00000002     mutex_pe430X.oe430X (.const:ti_sysbios_family_msp430_Timer_startupNeeded__C)
                  0000615a    00000002     mutex_pe430X.oe430X (.const:ti_sysbios_gates_GateMutex_Instance_State_sem__O)
                  0000615c    00000002     mutex_pe430X.oe430X (.const:ti_sysbios_gates_GateMutex_Module__id__C)
                  0000615e    00000002     mutex_pe430X.oe430X (.const:ti_sysbios_hal_Hwi_Module__id__C)
                  00006160    00000002     mutex_pe430X.oe430X (.const:ti_sysbios_heaps_HeapMem_Module__id__C)
                  00006162    00000002     mutex_pe430X.oe430X (.const:ti_sysbios_heaps_HeapMem_Object__count__C)
                  00006164    00000002     mutex_pe430X.oe430X (.const:ti_sysbios_heaps_HeapMem_reqAlign__C)
                  00006166    00000002     mutex_pe430X.oe430X (.const:ti_sysbios_knl_Clock_Module_State_clockQ__O)
                  00006168    00000002     mutex_pe430X.oe430X (.const:ti_sysbios_knl_Clock_Module__id__C)
                  0000616a    00000002     mutex_pe430X.oe430X (.const:ti_sysbios_knl_Clock_Module__loggerDefined__C)
                  0000616c    00000002     mutex_pe430X.oe430X (.const:ti_sysbios_knl_Semaphore_Instance_State_pendQ__O)
                  0000616e    00000002     mutex_pe430X.oe430X (.const:ti_sysbios_knl_Semaphore_Module__id__C)
                  00006170    00000002     mutex_pe430X.oe430X (.const:ti_sysbios_knl_Semaphore_Module__loggerDefined__C)
                  00006172    00000002     mutex_pe430X.oe430X (.const:ti_sysbios_knl_Swi_Module__id__C)
                  00006174    00000002     mutex_pe430X.oe430X (.const:ti_sysbios_knl_Swi_Module__loggerDefined__C)
                  00006176    00000002     mutex_pe430X.oe430X (.const:ti_sysbios_knl_Swi_Object__count__C)
                  00006178    00000002     mutex_pe430X.oe430X (.const:ti_sysbios_knl_Task_Module_State_inactiveQ__O)
                  0000617a    00000002     mutex_pe430X.oe430X (.const:ti_sysbios_knl_Task_Module__id__C)
                  0000617c    00000002     mutex_pe430X.oe430X (.const:ti_sysbios_knl_Task_Module__loggerDefined__C)
                  0000617e    00000002     mutex_pe430X.oe430X (.const:ti_sysbios_knl_Task_Object__count__C)
                  00006180    00000002     mutex_pe430X.oe430X (.const:ti_sysbios_knl_Task_defaultStackSize__C)
                  00006182    00000002     mutex_pe430X.oe430X (.const:ti_sysbios_knl_Task_numConstructedTasks__C)
                  00006184    00000002     mutex_pe430X.oe430X (.const:xdc_runtime_Core_Module__id__C)
                  00006186    00000002     mutex_pe430X.oe430X (.const:xdc_runtime_Error_Module__loggerDefined__C)
                  00006188    00000002     mutex_pe430X.oe430X (.const:xdc_runtime_Error_maxDepth__C)
                  0000618a    00000002     mutex_pe430X.oe430X (.const:xdc_runtime_Error_policy__C)
                  0000618c    00000002     mutex_pe430X.oe430X (.const:xdc_runtime_Memory_Module__id__C)
                  0000618e    00000002     mutex_pe430X.oe430X (.const:xdc_runtime_Startup_maxPasses__C)
                  00006190    00000002     mutex_pe430X.oe430X (.const:xdc_runtime_SysMin_bufSize__C)
                  00006192    00000002     mutex_pe430X.oe430X (.const:xdc_runtime_SysMin_flushAtExit__C)
                  00006194    00000002     mutex_pe430X.oe430X (.const:xdc_runtime_System_maxAtexitHandlers__C)
                  00006196    00000002     mutex_pe430X.oe430X (.const:xdc_runtime_Text_charCnt__C)
                  00006198    00000002     mutex_pe430X.oe430X (.const:xdc_runtime_Text_isLoaded__C)
                  0000619a    00000002     mutex_pe430X.oe430X (.const:xdc_runtime_Text_registryModsLastId__C)
                  0000619c    00000002     mutex_pe430X.oe430X (.const:xdc_runtime_Text_unnamedModsLastId__C)

RTC        0    0000ffd2    00000002     
                  0000ffd2    00000002     sysbios.ae430X : BIOS.obj (.int41)

PORT2      0    0000ffd4    00000002     
                  0000ffd4    00000002     sysbios.ae430X : BIOS.obj (.int42)

TIMER2_A1 
*          0    0000ffd6    00000002     
                  0000ffd6    00000002     sysbios.ae430X : BIOS.obj (.int43)

TIMER2_A0 
*          0    0000ffd8    00000002     
                  0000ffd8    00000002     sysbios.ae430X : BIOS.obj (.int44)

USCI_B1    0    0000ffda    00000002     
                  0000ffda    00000002     sysbios.ae430X : BIOS.obj (.int45)

USCI_A1    0    0000ffdc    00000002     
                  0000ffdc    00000002     sysbios.ae430X : BIOS.obj (.int46)

PORT1      0    0000ffde    00000002     
                  0000ffde    00000002     sysbios.ae430X : BIOS.obj (.int47)

TIMER1_A1 
*          0    0000ffe0    00000002     
                  0000ffe0    00000002     sysbios.ae430X : BIOS.obj (.int48)

TIMER1_A0 
*          0    0000ffe2    00000002     
                  0000ffe2    00000002     sysbios.ae430X : BIOS.obj (.int49)

DMA        0    0000ffe4    00000002     
                  0000ffe4    00000002     sysbios.ae430X : BIOS.obj (.int50)

USB_UBM    0    0000ffe6    00000002     
                  0000ffe6    00000002     sysbios.ae430X : BIOS.obj (.int51)

TIMER0_A1 
*          0    0000ffe8    00000002     
                  0000ffe8    00000002     sysbios.ae430X : BIOS.obj (.int52)

TIMER0_A0 
*          0    0000ffea    00000002     
                  0000ffea    00000002     sysbios.ae430X : BIOS.obj (.int53)

ADC12      0    0000ffec    00000002     
                  0000ffec    00000002     sysbios.ae430X : BIOS.obj (.int54)

USCI_B0    0    0000ffee    00000002     
                  0000ffee    00000002     sysbios.ae430X : BIOS.obj (.int55)

USCI_A0    0    0000fff0    00000002     
                  0000fff0    00000002     sysbios.ae430X : BIOS.obj (.int56)

WDT        0    0000fff2    00000002     
                  0000fff2    00000002     sysbios.ae430X : BIOS.obj (.int57)

TIMER0_B1 
*          0    0000fff4    00000002     
                  0000fff4    00000002     sysbios.ae430X : BIOS.obj (.int58)

TIMER0_B0 
*          0    0000fff6    00000002     
                  0000fff6    00000002     sysbios.ae430X : BIOS.obj (.int59)

COMP_B     0    0000fff8    00000002     
                  0000fff8    00000002     sysbios.ae430X : BIOS.obj (.int60)

UNMI       0    0000fffa    00000002     
                  0000fffa    00000002     sysbios.ae430X : BIOS.obj (.int61)

SYSNMI     0    0000fffc    00000002     
                  0000fffc    00000002     sysbios.ae430X : BIOS.obj (.int62)

.reset     0    0000fffe    00000002     
                  0000fffe    00000002     boot.ae430X : boot.oe430X (.reset)

xdc.meta   0    00000000    000000f2     COPY SECTION
                  00000000    000000f2     mutex_pe430X.oe430X (xdc.meta)

.text      0    00010000    00005922     
                  00010000    000004dc     ti.targets.msp430.rts430.ae430X : System.oe430X (.text:xdc_runtime_System_doPrint__I)
                  000104dc    000004d8     sysbios.ae430X : BIOS.obj (.text:ti_sysbios_knl_Semaphore_pend__E)
                  000109b4    0000042c                    : BIOS.obj (.text:ti_sysbios_heaps_HeapMem_freeUnprotected__E)
                  00010de0    000003c2                    : BIOS.obj (.text:ti_sysbios_knl_Task_Instance_finalize__E)
                  000111a2    00000394                    : BIOS.obj (.text:ti_sysbios_heaps_HeapMem_allocUnprotected__E)
                  00011536    0000034c                    : BIOS.obj (.text:ti_sysbios_knl_Task_sleep__E)
                  00011882    0000031a                    : BIOS.obj (.text:ti_sysbios_knl_Task_Instance_init__E)
                  00011b9c    000002be                    : BIOS.obj (.text:ti_sysbios_heaps_HeapMem_Instance_init__E)
                  00011e5a    000001f4                    : BIOS.obj (.text:ti_sysbios_knl_Semaphore_post__E)
                  0001204e    000001b2                    : BIOS.obj (.text:ti_sysbios_knl_Swi_run__I)
                  00012200    000001b0     ti.targets.msp430.rts430.ae430X : Core-mem.oe430X (.text:xdc_runtime_Core_createObject__I)
                  000123b0    00000198     sysbios.ae430X : BIOS.obj (.text:ti_sysbios_knl_Clock_workFunc__E)
                  00012548    00000176     mutex_pe430X.oe430X (.text:xdc_runtime_System_printfExtend__I)
                  000126be    0000016c     ti.targets.msp430.rts430.ae430X : Error.oe430X (.text:xdc_runtime_Error_policyDefault__E)
                  0001282a    0000016a                                     : Core-smem.oe430X (.text:xdc_runtime_Core_constructObject__I)
                  00012994    0000015a     sysbios.ae430X : BIOS.obj (.text:ti_sysbios_knl_Task_startCore__E)
                  00012aee    00000154                    : BIOS.obj (.text:ti_sysbios_knl_Task_schedule__I)
                  00012c42    00000144                    : BIOS.obj (.text:ti_sysbios_gates_GateMutex_enter__E)
                  00012d86    0000012e                    : BIOS.obj (.text:ti_sysbios_knl_Semaphore_Instance_init__E)
                  00012eb4    0000012e                    : BIOS.obj (.text:ti_sysbios_knl_Task_checkStacks__E)
                  00012fe2    00000100                    : BIOS.obj (.text:ti_sysbios_knl_Swi_post__E)
                  000130e2    00000100                    : BIOS.obj (.text:ti_sysbios_knl_Swi_restoreHwi__E)
                  000131e2    000000f0                    : BIOS.obj (.text:ti_sysbios_knl_Task_unblockI__E)
                  000132d2    000000de                    : BIOS.obj (.text:ti_sysbios_knl_Task_blockI__E)
                  000133b0    000000dc                    : BIOS.obj (.text:ti_sysbios_knl_Swi_runLoop__I)
                  0001348c    000000d2                    : BIOS.obj (.text:ti_sysbios_knl_Task_exit__E)
                  0001355e    000000c0     ti.targets.msp430.rts430.ae430X : Startup.oe430X (.text:xdc_runtime_Startup_startMods__I)
                  0001361e    000000b8                                     : Text.oe430X (.text:xdc_runtime_Text_putSite__E)
                  000136d6    000000b4     sysbios.ae430X : BIOS.obj (.text:ti_sysbios_knl_Swi_schedule__I)
                  0001378a    000000a4                    : BIOS.obj (.text:ti_sysbios_knl_Task_postInit__I)
                  0001382e    0000009e     ti.targets.msp430.rts430.ae430X : System.oe430X (.text:xdc_runtime_System_formatNum__I)
                  000138cc    00000098                                     : Error.oe430X (.text:xdc_runtime_Error_print__E)
                  00013964    0000008e     mutex.obj (.text:task2)
                  000139f2    0000008c     mutex.obj (.text:task1)
                  00013a7e    0000008a     ti.targets.msp430.rts430.ae430X : Text.oe430X (.text:xdc_runtime_Text_putMod__E)
                  00013b08    00000088     sysbios.ae430X : BIOS.obj (.text:ti_sysbios_family_msp430_Hwi_Module_startup__E)
                  00013b90    00000088                    : BIOS.obj (.text:ti_sysbios_knl_Clock_logTick__E)
                  00013c18    00000082                    : BIOS.obj (.text:ti_sysbios_heaps_HeapMem_getStats__E)
                  00013c9a    00000082     ti.targets.msp430.rts430.ae430X : Text.oe430X (.text:xdc_runtime_Text_putLab__E)
                  00013d1c    00000080                                     : Memory.oe430X (.text:xdc_runtime_Memory_alloc__E)
                  00013d9c    0000007c     boot.ae430X : autoinit.oe430X (.text:__TI_auto_init_nobinit_hold_wdt:__TI_auto_init_nobinit_hold_wdt)
                  00013e18    0000007a     ti.targets.msp430.rts430.ae430X : Error.oe430X (.text:xdc_runtime_Error_setX__E)
                  00013e92    00000078     sysbios.ae430X : msp430_TaskSupport_asm.obj (.text:_ti_sysbios_family_msp430_TaskSupport_buildTaskStack)
                  00013f0a    00000076     rts430x_lc_rd_eabi.lib : copy_decompress_lzss.c.obj (.text:decompress:lzss:__TI_decompress_lzss)
                  00013f80    00000076     ti.targets.msp430.rts430.ae430X : Core-mem.oe430X (.text:xdc_runtime_Core_deleteObject__I)
                  00013ff6    00000074     mutex.obj (.text:main)
                  0001406a    00000072     sysbios.ae430X : BIOS.obj (.text:ti_sysbios_family_msp430_Timer_periodicStub__E)
                  000140dc    00000072                    : BIOS.obj (.text:ti_sysbios_heaps_HeapMem_init__I)
                  0001414e    0000006c     rts430x_lc_rd_eabi.lib : hostwrite.c.obj (.text:HOSTwrite)
                  000141ba    0000006c     sysbios.ae430X : BIOS.obj (.text:ti_sysbios_heaps_HeapMem_alloc__E)
                  00014226    00000068     ti.targets.msp430.rts430.ae430X : Assert.oe430X (.text:xdc_runtime_Assert_raise__I)
                  0001428e    00000062     sysbios.ae430X : BIOS.obj (.text:ti_sysbios_knl_Task_Module_startup__E)
                  000142f0    00000060     ti.targets.msp430.rts430.ae430X : SysMin.oe430X (.text:xdc_runtime_SysMin_flush__E)
                  00014350    0000005e     sysbios.ae430X : BIOS.obj (.text:ti_sysbios_family_msp430_Timer_setNextTick__E)
                  000143ae    0000005e     mutex_pe430X.oe430X (.text:ti_sysbios_knl_Task_create)
                  0001440c    0000005c     sysbios.ae430X : BIOS.obj (.text:ti_sysbios_family_msp430_TaskSupport_start__E)
                  00014468    0000005a     ti.targets.msp430.rts430.ae430X : Text.oe430X (.text:xdc_runtime_Text_visitRope2__I)
                  000144c2    00000058     rts430x_lc_rd_eabi.lib : div32u.asm.obj (.text)
                  0001451a    00000054     sysbios.ae430X : BIOS.obj (.text:ti_sysbios_family_msp430_Hwi_getStackInfo__E)
                  0001456e    00000054                    : BIOS.obj (.text:ti_sysbios_family_msp430_Timer_start__E)
                  000145c2    00000054                    : BIOS.obj (.text:ti_sysbios_knl_Task_processVitalTaskFlag__I)
                  00014616    00000054     ti.targets.msp430.rts430.ae430X : SysMin.oe430X (.text:xdc_runtime_SysMin_putch__E)
                  0001466a    00000052     sysbios.ae430X : BIOS.obj (.text:ti_sysbios_knl_Swi_restore__E)
                  000146bc    00000052     ti.targets.msp430.rts430.ae430X : Startup.oe430X (.text:xdc_runtime_Startup_exec__E)
                  0001470e    00000050     sysbios.ae430X : BIOS.obj (.text:ti_sysbios_family_msp430_Timer_initDevice__I)
                  0001475e    0000004e     ti.catalog.msp430.init.ae430X : Boot.oe430X (.text:.bootCodeSection:ti_catalog_msp430_init_Boot_configureDCO)
                  000147ac    0000004e     ti.targets.msp430.rts430.ae430X : Core-params.oe430X (.text:xdc_runtime_Core_assignParams__I)
                  000147fa    0000004c     sysbios.ae430X : BIOS.obj (.text:ti_sysbios_knl_Semaphore_pendTimeout__I)
                  00014846    0000004a                    : BIOS.obj (.text:ti_sysbios_family_msp430_Timer_startup__E)
                  00014890    0000004a                    : BIOS.obj (.text:ti_sysbios_knl_Task_allBlockedFunction__I)
                  000148da    00000048                    : BIOS.obj (.text:ti_sysbios_hal_Hwi_checkStack)
                  00014922    00000046                    : BIOS.obj (.text:ti_sysbios_family_msp430_Timer_Module_startup__E)
                  00014968    00000042                    : BIOS.obj (.text:ti_sysbios_family_msp430_Timer_getCount__E)
                  000149aa    00000042     mutex_pe430X.oe430X (.text:ti_sysbios_knl_Semaphore_create)
                  000149ec    00000042     ti.targets.msp430.rts430.ae430X : Text.oe430X (.text:xdc_runtime_Text_xprintf__I)
                  00014a2e    00000040     mutex_pe430X.oe430X (.text:ti_sysbios_gates_GateHwi_Object__create__S)
                  00014a6e    00000040     mutex_pe430X.oe430X (.text:ti_sysbios_gates_GateMutex_Object__create__S)
                  00014aae    00000040     mutex_pe430X.oe430X (.text:ti_sysbios_heaps_HeapMem_Object__create__S)
                  00014aee    00000040     ti.targets.msp430.rts430.ae430X : System.oe430X (.text:xdc_runtime_System_atexit__E)
                  00014b2e    00000040                                     : Text.oe430X (.text:xdc_runtime_Text_printVisFxn__I)
                  00014b6e    0000003e     sysbios.ae430X : BIOS.obj (.text:ti_sysbios_knl_Clock_addI__E)
                  00014bac    0000003c     mutex_pe430X.oe430X (.text:ti_sysbios_family_msp430_Hwi_Object__get__S)
                  00014be8    0000003c     sysbios.ae430X : BIOS.obj (.text:ti_sysbios_hal_Hwi_initStack)
                  00014c24    0000003c     mutex_pe430X.oe430X (.text:ti_sysbios_heaps_HeapMem_Object__get__S)
                  00014c60    0000003c     mutex_pe430X.oe430X (.text:ti_sysbios_knl_Semaphore_construct)
                  00014c9c    0000003c     mutex_pe430X.oe430X (.text:ti_sysbios_knl_Swi_Object__get__S)
                  00014cd8    0000003c     ti.targets.msp430.rts430.ae430X : System.oe430X (.text:xdc_runtime_System_processAtExit__E)
                  00014d14    0000003a                                     : System.oe430X (.text:xdc_runtime_System_putchar__I)
                  00014d4e    00000038     sysbios.ae430X : BIOS.obj (.text:ti_sysbios_family_msp430_Hwi53_p2)
                  00014d86    00000038     mutex_pe430X.oe430X (.text:ti_sysbios_knl_Queue_construct)
                  00014dbe    00000038     sysbios.ae430X : BIOS.obj (.text:ti_sysbios_knl_Task_restore__E)
                  00014df6    00000036     rts430x_lc_rd_eabi.lib : trgmsg.c.obj (.text:__TI_writemsg)
                  00014e2c    00000036     ti.targets.msp430.rts430.ae430X : Error.oe430X (.text:xdc_runtime_Error_raiseX__E)
                  00014e62    00000032     rts430x_lc_rd_eabi.lib : trgmsg.c.obj (.text:__TI_readmsg)
                  00014e94    00000032     sysbios.ae430X : BIOS.obj (.text:ti_sysbios_family_msp430_Timer_postInit__I)
                  00014ec6    00000032                    : BIOS.obj (.text:ti_sysbios_family_msp430_Timer_stop__E)
                  00014ef8    00000032                    : msp430_Hwi_switch_asm.obj (.text:ti_sysbios_family_xxx_Hwi_switchAndRunFunc)
                  00014f2a    00000032     ti.targets.msp430.rts430.ae430X : Core-label.oe430X (.text:xdc_runtime_Core_assignLabel__I)
                  00014f5c    00000032                                     : SysMin.oe430X (.text:xdc_runtime_SysMin_abort__E)
                  00014f8e    00000032                                     : System.oe430X (.text:xdc_runtime_System_avprintf__E)
                  00014fc0    00000032                                     : System.oe430X (.text:xdc_runtime_System_vprintf__E)
                  00014ff2    00000030     sysbios.ae430X : BIOS.obj (.text:ti_sysbios_knl_Queue_put__E)
                  00015022    00000030     mutex_pe430X.oe430X (.text:ti_sysbios_knl_Task_Object__get__S)
                  00015052    0000002e     sysbios.ae430X : BIOS.obj (.text:ti_sysbios_heaps_HeapMem_free__E)
                  00015080    0000002e                    : BIOS.obj (.text:ti_sysbios_knl_Task_sleepTimeout__I)
                  000150ae    0000002c     mutex_pe430X.oe430X (.text:ti_sysbios_knl_Clock_doTick__I)
                  000150da    0000002a     mutex_pe430X.oe430X (.text:ti_sysbios_BIOS_atExitFunc__I)
                  00015104    0000002a     sysbios.ae430X : BIOS.obj (.text:ti_sysbios_knl_Clock_Module_startup__E)
                  0001512e    0000002a                    : BIOS.obj (.text:ti_sysbios_knl_Task_restoreHwi__E)
                  00015158    0000002a     mutex_pe430X.oe430X (.text:xdc_runtime_SysMin_output__I)
                  00015182    00000028     mutex_pe430X.oe430X (.text:ti_sysbios_BIOS_errorRaiseHook__I)
                  000151aa    00000028     mutex_pe430X.oe430X (.text:ti_sysbios_BIOS_startFunc__I)
                  000151d2    00000028     ti.targets.msp430.rts430.ae430X : Text.oe430X (.text:xdc_runtime_Text_cordText__E)
                  000151fa    00000026     mutex_pe430X.oe430X (.text:ti_sysbios_gates_GateMutex_Object__delete__S)
                  00015220    00000026     sysbios.ae430X : BIOS.obj (.text:ti_sysbios_knl_Swi_Module_startup__E)
                  00015246    00000024     rts430x_lc_rd_eabi.lib : copy_zero_init.c.obj (.text:decompress:ZI:__TI_zero_init)
                  0001526a    00000024                            : mult32_f5hw.asm.obj (.text)
                  0001528e    00000024     mutex_pe430X.oe430X (.text:ti_sysbios_BIOS_rtsLock__I)
                  000152b2    00000024     mutex_pe430X.oe430X (.text:ti_sysbios_gates_GateHwi_Object__delete__S)
                  000152d6    00000024     mutex_pe430X.oe430X (.text:ti_sysbios_heaps_HeapMem_Object__delete__S)
                  000152fa    00000024     sysbios.ae430X : BIOS.obj (.text:ti_sysbios_knl_Task_getMode__E)
                  0001531e    00000022                    : BIOS.obj (.text:ti_sysbios_knl_Clock_startI__E)
                  00015340    00000022                    : BIOS.obj (.text:ti_sysbios_knl_Idle_run__E)
                  00015362    00000022                    : BIOS.obj (.text:ti_sysbios_knl_Task_unblock__E)
                  00015384    00000022     ti.targets.msp430.rts430.ae430X : Memory.oe430X (.text:xdc_runtime_Memory_valloc__E)
                  000153a6    00000020                                     : Error.oe430X (.text:xdc_runtime_Error_check__E)
                  000153c6    0000001e     mutex_pe430X.oe430X (.text:ti_sysbios_BIOS_rtsUnlock__I)
                  000153e4    0000001e     mutex_pe430X.oe430X (.text:ti_sysbios_family_msp430_Timer_Module__startupDone__F)
                  00015402    0000001e     mutex_pe430X.oe430X (.text:ti_sysbios_gates_GateHwi_Handle__label__S)
                  00015420    0000001e     mutex_pe430X.oe430X (.text:ti_sysbios_gates_GateMutex_Handle__label__S)
                  0001543e    0000001e     sysbios.ae430X : BIOS.obj (.text:ti_sysbios_gates_GateMutex_Instance_init__E)
                  0001545c    0000001e                    : BIOS.obj (.text:ti_sysbios_gates_GateMutex_leave__E)
                  0001547a    0000001e     mutex_pe430X.oe430X (.text:ti_sysbios_heaps_HeapMem_Handle__label__S)
                  00015498    0000001e     sysbios.ae430X : BIOS.obj (.text:ti_sysbios_knl_Task_enabled__E)
                  000154b6    0000001e                    : BIOS.obj (.text:ti_sysbios_knl_Task_enter__I)
                  000154d4    0000001c                    : msp430_TaskSupport_asm.obj (.text:_ti_sysbios_family_msp430_TaskSupport_swap__E)
                  000154f0    0000001c     mutex_pe430X.oe430X (.text:ti_sysbios_family_msp430_Hwi_Module__startupDone__F)
                  0001550c    0000001c     ti.targets.msp430.rts430.ae430X : Registry.oe430X (.text:xdc_runtime_Registry_findById__E)
                  00015528    0000001c                                     : SysMin.oe430X (.text:xdc_runtime_SysMin_Module_startup__E)
                  00015544    0000001a     mutex_pe430X.oe430X (.text:ti_sysbios_BIOS_exitFunc__I)
                  0001555e    0000001a     mutex_pe430X.oe430X (.text:ti_sysbios_BIOS_registerRTSLock__I)
                  00015578    0000001a     mutex_pe430X.oe430X (.text:ti_sysbios_BIOS_removeRTSLock__I)
                  00015592    0000001a     mutex_pe430X.oe430X (.text:ti_sysbios_knl_Semaphore_destruct)
                  000155ac    0000001a     ti.targets.msp430.rts430.ae430X : System.oe430X (.text:xdc_runtime_System_vsnprintf__E)
                  000155c6    00000018     rts430x_lc_rd_eabi.lib : mult16_f5hw.asm.obj (.text)
                  000155de    00000018     sysbios.ae430X : BIOS.obj (.text:ti_sysbios_BIOS_setThreadType__E)
                  000155f6    00000018     mutex_pe430X.oe430X (.text:ti_sysbios_knl_Queue_destruct)
                  0001560e    00000016     rts430x_lc_rd_eabi.lib : memset.c.obj (.text:memset)
                  00015624    00000016                            : div16u.asm.obj (.text)
                  0001563a    00000016     ti.targets.msp430.rts430.ae430X : Error.oe430X (.text:xdc_runtime_Error_init__E)
                  00015650    00000016                                     : SysMin.oe430X (.text:xdc_runtime_SysMin_exit__E)
                  00015666    00000016                                     : System.oe430X (.text:xdc_runtime_System_abort__E)
                  0001567c    00000014     rts430x_lc_rd_eabi.lib : memcpy.c.obj (.text:memcpy)
                  00015690    00000014     mutex_pe430X.oe430X (.text:ti_sysbios_knl_Queue_Object__get__S)
                  000156a4    00000014     ti.targets.msp430.rts430.ae430X : Memory.oe430X (.text:xdc_runtime_Memory_calloc__E)
                  000156b8    00000012     rts430x_lc_rd_eabi.lib : copy_decompress_none.c.obj (.text:decompress:none:__TI_decompress_none)
                  000156ca    00000012     sysbios.ae430X : BIOS.obj (.text:ti_sysbios_gates_GateHwi_leave__E)
                  000156dc    00000012     mutex_pe430X.oe430X (.text:xdc_runtime_Startup_exec__I)
                  000156ee    00000012     mutex_pe430X.oe430X (.text:xdc_runtime_System_aprintf__E)
                  00015700    00000012     ti.targets.msp430.rts430.ae430X : System.oe430X (.text:xdc_runtime_System_exit__E)
                  00015712    00000012     mutex_pe430X.oe430X (.text:xdc_runtime_System_printf__E)
                  00015724    00000012     ti.targets.msp430.rts430.ae430X : Text.oe430X (.text:xdc_runtime_Text_ropeText__E)
                  00015736    00000010     sysbios.ae430X : msp430_TaskSupport_asm.obj (.text:_ti_sysbios_family_msp430_TaskSupport_glue)
                  00015746    00000010                    : BIOS.obj (.text:ti_sysbios_family_msp430_TaskSupport_checkStack__E)
                  00015756    00000010                    : BIOS.obj (.text:ti_sysbios_hal_Hwi_Module_startup__E)
                  00015766    00000010     mutex_pe430X.oe430X (.text:xdc_runtime_Text_visitRope__I)
                  00015776    0000000e     rts430x_lc_rd_eabi.lib : strlen.c.obj (.text:strlen)
                  00015784    0000000e     sysbios.ae430X : BIOS.obj (.text:ti_sysbios_family_msp430_Timer_getMaxTicks__E)
                  00015792    0000000e                    : BIOS.obj (.text:ti_sysbios_gates_GateMutex_Instance_finalize__E)
                  000157a0    0000000e                    : BIOS.obj (.text:ti_sysbios_knl_Clock_getTicks__E)
                  000157ae    0000000e                    : BIOS.obj (.text:ti_sysbios_knl_Queue_empty__E)
                  000157bc    0000000e                    : BIOS.obj (.text:ti_sysbios_knl_Semaphore_Instance_finalize__E)
                  000157ca    0000000e                    : BIOS.obj (.text:ti_sysbios_knl_Swi_disable__E)
                  000157d8    0000000e                    : BIOS.obj (.text:ti_sysbios_knl_Task_disable__E)
                  000157e6    0000000e     ti.targets.msp430.rts430.ae430X : SysMin.oe430X (.text:xdc_runtime_SysMin_ready__E)
                  000157f4    0000000c     mutex_pe430X.oe430X (.text:.bootCodeSection:ti_catalog_msp430_init_Boot_init)
                  00015800    0000000c     ti.targets.msp430.rts430.ae430X : xdc_init.oe430X (.text:__sti___12_xdc_init_cpp_cdf1056f)
                  0001580c    0000000c     sysbios.ae430X : BIOS.obj (.text:ti_sysbios_BIOS_exit__E)
                  00015818    0000000c     mutex_pe430X.oe430X (.text:ti_sysbios_knl_Task_Params__init__S)
                  00015824    0000000c     ti.targets.msp430.rts430.ae430X : Gate.oe430X (.text:xdc_runtime_Gate_leaveSystem__E)
                  00015830    0000000c                                     : Memory.oe430X (.text:xdc_runtime_Memory_free__E)
                  0001583c    0000000c                                     : Startup.oe430X (.text:xdc_runtime_Startup_rtsDone__E)
                  00015848    0000000a     rts430x_lc_rd_eabi.lib : lsl16.asm.obj (.text)
                  00015852    0000000a     sysbios.ae430X : BIOS.obj (.text:ti_sysbios_BIOS_start__E)
                  0001585c    0000000a                    : BIOS.obj (.text:ti_sysbios_family_msp430_Hwi_startup__E)
                  00015866    0000000a                    : BIOS.obj (.text:ti_sysbios_gates_GateHwi_enter__E)
                  00015870    0000000a                    : BIOS.obj (.text:ti_sysbios_knl_Queue_Instance_init__E)
                  0001587a    00000008     ti.catalog.msp430.init.ae430X : Boot.oe430X (.text:.bootCodeSection:ti_catalog_msp430_init_Boot_disableWatchdog)
                  00015882    00000008     ti.targets.msp430.rts430.ae430X : xdc_init.oe430X (.text:__xdc__init)
                  0001588a    00000008     sysbios.ae430X : BIOS.obj (.text:ti_sysbios_family_msp430_Hwi_switchFromBootStack__E)
                  00015892    00000008                    : BIOS.obj (.text:ti_sysbios_family_msp430_TaskSupport_getStackAlignment__E)
                  0001589a    00000008     ti.targets.msp430.rts430.ae430X : Gate.oe430X (.text:xdc_runtime_Gate_enterSystem__E)
                  000158a2    00000008     mutex_pe430X.oe430X (.text:xdc_runtime_IHeap_alloc)
                  000158aa    00000008     mutex_pe430X.oe430X (.text:xdc_runtime_IHeap_free)
                  000158b2    00000008     ti.targets.msp430.rts430.ae430X : Memory.oe430X (.text:xdc_runtime_Memory_getMaxDefaultTypeAlign__E)
                  000158ba    00000006     rts430x_lc_rd_eabi.lib : _lock.c.obj (.text:_register_lock)
                  000158c0    00000006                            : _lock.c.obj (.text:_register_unlock)
                  000158c6    00000006                            : exit.c.obj (.text:abort)
                  000158cc    00000006     sysbios.ae430X : BIOS.obj (.text:ti_sysbios_heaps_HeapMem_isBlocking__E)
                  000158d2    00000006                    : BIOS.obj (.text:ti_sysbios_knl_Semaphore_getCount__E)
                  000158d8    00000006                    : BIOS.obj (.text:ti_sysbios_knl_Swi_startup__E)
                  000158de    00000006     ti.targets.msp430.rts430.ae430X : Error.oe430X (.text:xdc_runtime_Error_getSite__E)
                  000158e4    00000004     boot.ae430X : pre_init.oe430X (.text:_system_pre_init)
                  000158e8    00000004     mutex_pe430X.oe430X (.text:ti_sysbios_BIOS_RtsGateProxy_enter__E)
                  000158ec    00000004     mutex_pe430X.oe430X (.text:ti_sysbios_BIOS_RtsGateProxy_leave__E)
                  000158f0    00000004     mutex_pe430X.oe430X (.text:ti_sysbios_family_msp430_TaskSupport_Module__startupDone__S)
                  000158f4    00000004     sysbios.ae430X : BIOS.obj (.text:ti_sysbios_gates_GateHwi_query__E)
                  000158f8    00000004                    : BIOS.obj (.text:ti_sysbios_gates_GateMutex_query__E)
                  000158fc    00000004     mutex_pe430X.oe430X (.text:ti_sysbios_heaps_HeapMem_Module_GateProxy_enter__E)
                  00015900    00000004     mutex_pe430X.oe430X (.text:ti_sysbios_heaps_HeapMem_Module_GateProxy_leave__E)
                  00015904    00000004     mutex_pe430X.oe430X (.text:ti_sysbios_knl_Clock_TimerProxy_getMaxTicks__E)
                  00015908    00000004     sysbios.ae430X : BIOS.obj (.text:ti_sysbios_knl_Task_startup__E)
                  0001590c    00000004     mutex_pe430X.oe430X (.text:xdc_runtime_System_Module_GateProxy_enter__E)
                  00015910    00000004     mutex_pe430X.oe430X (.text:xdc_runtime_System_Module_GateProxy_leave__E)
                  00015914    00000004     ti.targets.msp430.rts430.ae430X : System.oe430X (.text:xdc_runtime_System_Module_startup__E)
                  00015918    00000002     rts430x_lc_rd_eabi.lib : _lock.c.obj (.text:_nop)
                  0001591a    00000002                            : startup.c.obj (.text:_system_post_cinit)
                  0001591c    00000002     sysbios.ae430X : BIOS.obj (.text:ti_sysbios_BIOS_linkedWithIncorrectBootLibrary__E)
                  0001591e    00000002     mutex_pe430X.oe430X (.text:ti_sysbios_BIOS_nullFunc__I)
                  00015920    00000002     sysbios.ae430X : BIOS.obj (.text:ti_sysbios_gates_GateHwi_Instance_init__E)

MODULE SUMMARY

       Module                       code    ro data   rw data
       ------                       ----    -------   -------
    .\
       mutex.obj                    398     122       16     
    +--+----------------------------+-------+---------+---------+
       Total:                       398     122       16     
                                                             
    C:\Users\Admin\workspace_v8\task_MSP430F5529\Debug\configPkg\package\cfg\
       mutex_pe430X.oe430X          1894    7081      2826   
    +--+----------------------------+-------+---------+---------+
       Total:                       1894    7081      2826   
                                                             
    C:\Users\Admin\workspace_v8\task_MSP430F5529\src\sysbios\sysbios.ae430X
       BIOS.obj                     14300   76        0      
       msp430_TaskSupport_asm.obj   164     0         0      
       msp430_Hwi_switch_asm.obj    50      0         0      
    +--+----------------------------+-------+---------+---------+
       Total:                       14514   76        0      
                                                             
    C:\ti\bios_6_73_00_12\packages\ti\catalog\msp430\init\lib\ti.catalog.msp430.init.ae430X
       Boot.oe430X                  86      0         0      
    +--+----------------------------+-------+---------+---------+
       Total:                       86      0         0      
                                                             
    C:\ti\bios_6_73_00_12\packages\ti\targets\msp430\rts430\lib\boot.ae430X
       autoinit.oe430X              124     0         0      
       boot.oe430X                  38      2         0      
       pre_init.oe430X              4       0         0      
    +--+----------------------------+-------+---------+---------+
       Total:                       166     2         0      
                                                             
    C:\ti\bios_6_73_00_12\packages\ti\targets\msp430\rts430\lib\ti.targets.msp430.rts430.ae430X
       System.oe430X                1754    26        0      
       Error.oe430X                 752     88        0      
       Text.oe430X                  730     68        0      
       Core-mem.oe430X              550     0         0      
       Core-smem.oe430X             362     0         0      
       Startup.oe430X               286     42        0      
       SysMin.oe430X                294     0         0      
       Memory.oe430X                202     0         0      
       Assert.oe430X                104     6         0      
       Core-params.oe430X           78      0         0      
       Core-label.oe430X            50      0         0      
       Registry.oe430X              28      0         0      
       xdc_init.oe430X              20      4         2      
       Gate.oe430X                  20      0         0      
    +--+----------------------------+-------+---------+---------+
       Total:                       5230    234       2      
                                                             
    D:\user doc\TexasInstrument\ccsv8\tools\compiler\ti-cgt-msp430_18.1.1.LTS\lib\rts430x_lc_rd_eabi.lib
       trgmsg.c.obj                 104     0         288    
       copy_decompress_lzss.c.obj   118     0         0      
       hostwrite.c.obj              108     0         0      
       div32u.asm.obj               88      0         0      
       copy_zero_init.c.obj         36      0         0      
       mult32_f5hw.asm.obj          36      0         0      
       mult16_f5hw.asm.obj          24      0         0      
       _lock.c.obj                  14      0         8      
       div16u.asm.obj               22      0         0      
       memset.c.obj                 22      0         0      
       memcpy.c.obj                 20      0         0      
       copy_decompress_none.c.obj   18      0         0      
       strlen.c.obj                 14      0         0      
       lsl16.asm.obj                10      0         0      
       hostopen.c.obj               0       0         8      
       exit.c.obj                   6       0         0      
       startup.c.obj                2       0         0      
    +--+----------------------------+-------+---------+---------+
       Total:                       642     0         304    
                                                             
       Stack:                       0       0         512    
       Linker Generated:            0       387       0      
    +--+----------------------------+-------+---------+---------+
       Grand Total:                 22930   7902      3660   


LINKER GENERATED COPY TABLES

__TI_cinit_table @ 00006312 records: 2, size/record: 8, table size: 16
	.data: load addr=0000619e, load size=00000161 bytes, run addr=00002c16, run size=00000316 bytes, compression=lzss
	.bss: load addr=0000630c, load size=00000006 bytes, run addr=00002400, run size=00000816 bytes, compression=zero_init


LINKER GENERATED HANDLER TABLE

__TI_handler_table @ 00006300 records: 3, size/record: 4, table size: 12
	index: 0, handler: __TI_zero_init
	index: 1, handler: __TI_decompress_lzss
	index: 2, handler: __TI_decompress_none


GLOBAL SYMBOLS: SORTED ALPHABETICALLY BY Name 

address   name                                                       
-------   ----                                                       
00000700  ADC12CTL0                                                  
00000701  ADC12CTL0_H                                                
00000700  ADC12CTL0_L                                                
00000702  ADC12CTL1                                                  
00000703  ADC12CTL1_H                                                
00000702  ADC12CTL1_L                                                
00000704  ADC12CTL2                                                  
00000705  ADC12CTL2_H                                                
00000704  ADC12CTL2_L                                                
0000070c  ADC12IE                                                    
0000070d  ADC12IE_H                                                  
0000070c  ADC12IE_L                                                  
0000070a  ADC12IFG                                                   
0000070b  ADC12IFG_H                                                 
0000070a  ADC12IFG_L                                                 
0000070e  ADC12IV                                                    
0000070f  ADC12IV_H                                                  
0000070e  ADC12IV_L                                                  
00000710  ADC12MCTL0                                                 
00000711  ADC12MCTL1                                                 
0000071a  ADC12MCTL10                                                
0000071b  ADC12MCTL11                                                
0000071c  ADC12MCTL12                                                
0000071d  ADC12MCTL13                                                
0000071e  ADC12MCTL14                                                
0000071f  ADC12MCTL15                                                
00000712  ADC12MCTL2                                                 
00000713  ADC12MCTL3                                                 
00000714  ADC12MCTL4                                                 
00000715  ADC12MCTL5                                                 
00000716  ADC12MCTL6                                                 
00000717  ADC12MCTL7                                                 
00000718  ADC12MCTL8                                                 
00000719  ADC12MCTL9                                                 
00000720  ADC12MEM0                                                  
00000721  ADC12MEM0_H                                                
00000720  ADC12MEM0_L                                                
00000722  ADC12MEM1                                                  
00000734  ADC12MEM10                                                 
00000735  ADC12MEM10_H                                               
00000734  ADC12MEM10_L                                               
00000736  ADC12MEM11                                                 
00000737  ADC12MEM11_H                                               
00000736  ADC12MEM11_L                                               
00000738  ADC12MEM12                                                 
00000739  ADC12MEM12_H                                               
00000738  ADC12MEM12_L                                               
0000073a  ADC12MEM13                                                 
0000073b  ADC12MEM13_H                                               
0000073a  ADC12MEM13_L                                               
0000073c  ADC12MEM14                                                 
0000073d  ADC12MEM14_H                                               
0000073c  ADC12MEM14_L                                               
0000073e  ADC12MEM15                                                 
0000073f  ADC12MEM15_H                                               
0000073e  ADC12MEM15_L                                               
00000723  ADC12MEM1_H                                                
00000722  ADC12MEM1_L                                                
00000724  ADC12MEM2                                                  
00000725  ADC12MEM2_H                                                
00000724  ADC12MEM2_L                                                
00000726  ADC12MEM3                                                  
00000727  ADC12MEM3_H                                                
00000726  ADC12MEM3_L                                                
00000728  ADC12MEM4                                                  
00000729  ADC12MEM4_H                                                
00000728  ADC12MEM4_L                                                
0000072a  ADC12MEM5                                                  
0000072b  ADC12MEM5_H                                                
0000072a  ADC12MEM5_L                                                
0000072c  ADC12MEM6                                                  
0000072d  ADC12MEM6_H                                                
0000072c  ADC12MEM6_L                                                
0000072e  ADC12MEM7                                                  
0000072f  ADC12MEM7_H                                                
0000072e  ADC12MEM7_L                                                
00000730  ADC12MEM8                                                  
00000731  ADC12MEM8_H                                                
00000730  ADC12MEM8_L                                                
00000732  ADC12MEM9                                                  
00000733  ADC12MEM9_H                                                
00000732  ADC12MEM9_L                                                
000158c6  C$$EXIT                                                    
00014e28  C$$IO$$                                                    
000008c0  CBCTL0                                                     
000008c1  CBCTL0_H                                                   
000008c0  CBCTL0_L                                                   
000008c2  CBCTL1                                                     
000008c3  CBCTL1_H                                                   
000008c2  CBCTL1_L                                                   
000008c4  CBCTL2                                                     
000008c5  CBCTL2_H                                                   
000008c4  CBCTL2_L                                                   
000008c6  CBCTL3                                                     
000008c7  CBCTL3_H                                                   
000008c6  CBCTL3_L                                                   
000008cc  CBINT                                                      
000008cd  CBINT_H                                                    
000008cc  CBINT_L                                                    
000008ce  CBIV                                                       
00000150  CRCDI                                                      
00000152  CRCDIRB                                                    
00000153  CRCDIRB_H                                                  
00000152  CRCDIRB_L                                                  
00000151  CRCDI_H                                                    
00000150  CRCDI_L                                                    
00000154  CRCINIRES                                                  
00000155  CRCINIRES_H                                                
00000154  CRCINIRES_L                                                
00000156  CRCRESR                                                    
00000157  CRCRESR_H                                                  
00000156  CRCRESR_L                                                  
00000510  DMA0CTL                                                    
00000511  DMA0CTL_H                                                  
00000510  DMA0CTL_L                                                  
00000516  DMA0DA                                                     
00000518  DMA0DAH                                                    
00000516  DMA0DAL                                                    
00000512  DMA0SA                                                     
00000514  DMA0SAH                                                    
00000512  DMA0SAL                                                    
0000051a  DMA0SZ                                                     
00000520  DMA1CTL                                                    
00000521  DMA1CTL_H                                                  
00000520  DMA1CTL_L                                                  
00000526  DMA1DA                                                     
00000528  DMA1DAH                                                    
00000526  DMA1DAL                                                    
00000522  DMA1SA                                                     
00000524  DMA1SAH                                                    
00000522  DMA1SAL                                                    
0000052a  DMA1SZ                                                     
00000530  DMA2CTL                                                    
00000531  DMA2CTL_H                                                  
00000530  DMA2CTL_L                                                  
00000536  DMA2DA                                                     
00000538  DMA2DAH                                                    
00000536  DMA2DAL                                                    
00000532  DMA2SA                                                     
00000534  DMA2SAH                                                    
00000532  DMA2SAL                                                    
0000053a  DMA2SZ                                                     
00000500  DMACTL0                                                    
00000501  DMACTL0_H                                                  
00000500  DMACTL0_L                                                  
00000502  DMACTL1                                                    
00000503  DMACTL1_H                                                  
00000502  DMACTL1_L                                                  
00000504  DMACTL2                                                    
00000505  DMACTL2_H                                                  
00000504  DMACTL2_L                                                  
00000506  DMACTL3                                                    
00000507  DMACTL3_H                                                  
00000506  DMACTL3_L                                                  
00000508  DMACTL4                                                    
00000509  DMACTL4_H                                                  
00000508  DMACTL4_L                                                  
0000050e  DMAIV                                                      
0000050f  DMAIV_H                                                    
0000050e  DMAIV_L                                                    
00000140  FCTL1                                                      
00000141  FCTL1_H                                                    
00000140  FCTL1_L                                                    
00000144  FCTL3                                                      
00000145  FCTL3_H                                                    
00000144  FCTL3_L                                                    
00000146  FCTL4                                                      
00000147  FCTL4_H                                                    
00000146  FCTL4_L                                                    
0001414e  HOSTwrite                                                  
00005e34  IntrinsicsSupport_maxbitTable                              
000004c4  MAC                                                        
000004da  MAC32H                                                     
000004db  MAC32H_H                                                   
000004da  MAC32H_L                                                   
000004d8  MAC32L                                                     
000004d9  MAC32L_H                                                   
000004d8  MAC32L_L                                                   
000004c6  MACS                                                       
000004de  MACS32H                                                    
000004df  MACS32H_H                                                  
000004de  MACS32H_L                                                  
000004dc  MACS32L                                                    
000004dd  MACS32L_H                                                  
000004dc  MACS32L_L                                                  
000004c7  MACS_H                                                     
000004c6  MACS_L                                                     
000004c5  MAC_H                                                      
000004c4  MAC_L                                                      
000004c0  MPY                                                        
000004ec  MPY32CTL0                                                  
000004ed  MPY32CTL0_H                                                
[...]
0000ffe2  __TI_int49                                                 
0000ffe4  __TI_int50                                                 
0000ffe6  __TI_int51                                                 
0000ffe8  __TI_int52                                                 
0000ffea  __TI_int53                                                 
0000ffec  __TI_int54                                                 
0000ffee  __TI_int55                                                 
0000fff0  __TI_int56                                                 
0000fff2  __TI_int57                                                 
0000fff4  __TI_int58                                                 
0000fff6  __TI_int59                                                 
0000fff8  __TI_int60                                                 
0000fffa  __TI_int61                                                 
0000fffc  __TI_int62                                                 
0000fffe  _reset_vector                                              
00010000  xdc_runtime_System_doPrint__I                              
000104dc  ti_sysbios_knl_Semaphore_pend__E                           
000109b4  ti_sysbios_heaps_HeapMem_freeUnprotected__E                
00010de0  ti_sysbios_knl_Task_Instance_finalize__E                   
000111a2  ti_sysbios_heaps_HeapMem_allocUnprotected__E               
00011536  ti_sysbios_knl_Task_sleep__E                               
00011882  ti_sysbios_knl_Task_Instance_init__E                       
00011b9c  ti_sysbios_heaps_HeapMem_Instance_init__E                  
00011e5a  ti_sysbios_knl_Semaphore_post__E                           
0001204e  ti_sysbios_knl_Swi_run__I                                  
00012200  xdc_runtime_Core_createObject__I                           
000123b0  ti_sysbios_knl_Clock_workFunc__E                           
00012548  xdc_runtime_System_printfExtend__I                         
000126be  xdc_runtime_Error_policyDefault__E                         
0001282a  xdc_runtime_Core_constructObject__I                        
00012994  ti_sysbios_knl_Task_startCore__E                           
00012aee  ti_sysbios_knl_Task_schedule__I                            
00012c42  ti_sysbios_gates_GateMutex_enter__E                        
00012d86  ti_sysbios_knl_Semaphore_Instance_init__E                  
00012eb4  ti_sysbios_knl_Task_checkStacks__E                         
00012fe2  ti_sysbios_knl_Swi_post__E                                 
000130e2  ti_sysbios_knl_Swi_restoreHwi__E                           
000131e2  ti_sysbios_knl_Task_unblockI__E                            
000132d2  ti_sysbios_knl_Task_blockI__E                              
000133b0  ti_sysbios_knl_Swi_runLoop__I                              
0001348c  ti_sysbios_knl_Task_exit__E                                
0001355e  xdc_runtime_Startup_startMods__I                           
0001361e  xdc_runtime_Text_putSite__E                                
000136d6  ti_sysbios_knl_Swi_schedule__I                             
0001378a  ti_sysbios_knl_Task_postInit__I                            
0001382e  xdc_runtime_System_formatNum__I                            
000138cc  xdc_runtime_Error_print__E                                 
00013964  task2                                                      
000139f2  task1                                                      
00013a7e  xdc_runtime_Text_putMod__E                                 
00013b08  ti_sysbios_family_msp430_Hwi_Module_startup__E             
00013b90  ti_sysbios_knl_Clock_logTick__E                            
00013c18  ti_sysbios_heaps_HeapMem_getStats__E                       
00013c9a  xdc_runtime_Text_putLab__E                                 
00013d1c  xdc_runtime_Memory_alloc__E                                
00013d9c  __TI_auto_init_nobinit_hold_wdt                            
00013e18  xdc_runtime_Error_setX__E                                  
00013e92  ti_sysbios_family_msp430_TaskSupport_buildTaskStack        
00013f0a  __TI_decompress_lzss                                       
00013f80  xdc_runtime_Core_deleteObject__I                           
00013ff6  main                                                       
0001406a  ti_sysbios_family_msp430_Timer_periodicStub__E             
000140dc  ti_sysbios_heaps_HeapMem_init__I                           
0001414e  HOSTwrite                                                  
000141ba  ti_sysbios_heaps_HeapMem_alloc__E                          
00014226  xdc_runtime_Assert_raise__I                                
0001428e  ti_sysbios_knl_Task_Module_startup__E                      
000142f0  xdc_runtime_SysMin_flush__E                                
000142f0  xdc_runtime_System_SupportProxy_flush__E                   
000142f0  xdc_runtime_System_flush__E                                
00014350  ti_sysbios_family_msp430_Timer_setNextTick__E              
000143ae  ti_sysbios_knl_Task_create                                 
0001440c  ti_sysbios_family_msp430_TaskSupport_start__E              
0001440c  ti_sysbios_knl_Task_SupportProxy_start__E                  
00014468  xdc_runtime_Text_visitRope2__I                             
000144c2  __mspabi_divul                                             
000144c2  __mspabi_remul                                             
0001451a  ti_sysbios_family_msp430_Hwi_getStackInfo__E               
0001451a  ti_sysbios_hal_Hwi_HwiProxy_getStackInfo__E                
0001451a  ti_sysbios_hal_Hwi_getStackInfo__E                         
0001456e  ti_sysbios_family_msp430_Timer_start__E                    
000145c2  ti_sysbios_knl_Task_processVitalTaskFlag__I                
00014616  xdc_runtime_SysMin_putch__E                                
00014616  xdc_runtime_System_SupportProxy_putch__E                   
0001466a  ti_sysbios_knl_Swi_restore__E                              
000146bc  xdc_runtime_Startup_exec__E                                
0001470e  ti_sysbios_family_msp430_Timer_initDevice__I               
0001475e  ti_catalog_msp430_init_Boot_configureDCO                   
000147ac  xdc_runtime_Core_assignParams__I                           
000147fa  ti_sysbios_knl_Semaphore_pendTimeout__I                    
00014846  ti_sysbios_family_msp430_Timer_startup__E                  
00014846  ti_sysbios_knl_Clock_TimerProxy_startup__E                 
00014890  ti_sysbios_knl_Task_allBlockedFunction__I                  
000148da  ti_sysbios_hal_Hwi_checkStack                              
00014922  ti_sysbios_family_msp430_Timer_Module_startup__E           
00014968  ti_sysbios_family_msp430_Timer_getCount__E                 
000149aa  ti_sysbios_knl_Semaphore_create                            
000149ec  xdc_runtime_Text_xprintf__I                                
00014a2e  ti_sysbios_gates_GateHwi_Object__create__S                 
00014a6e  ti_sysbios_gates_GateMutex_Object__create__S               
00014aae  ti_sysbios_heaps_HeapMem_Object__create__S                 
00014aee  xdc_runtime_System_atexit__E                               
00014b2e  xdc_runtime_Text_printVisFxn__I                            
00014b6e  ti_sysbios_knl_Clock_addI__E                               
00014bac  ti_sysbios_family_msp430_Hwi_Object__get__S                
00014be8  ti_sysbios_hal_Hwi_initStack                               
00014c24  ti_sysbios_heaps_HeapMem_Object__get__S                    
00014c60  ti_sysbios_knl_Semaphore_construct                         
00014c9c  ti_sysbios_knl_Swi_Object__get__S                          
00014cd8  xdc_runtime_System_processAtExit__E                        
00014d14  xdc_runtime_System_putchar__I                              
00014d4e  ti_sysbios_family_msp430_Hwi53_p2                          
00014d86  ti_sysbios_knl_Queue_construct                             
00014dbe  ti_sysbios_knl_Task_restore__E                             
00014df6  __TI_writemsg                                              
00014e28  C$$IO$$                                                    
00014e2c  xdc_runtime_Error_raiseX__E                                
00014e62  __TI_readmsg                                               
00014e94  ti_sysbios_family_msp430_Timer_postInit__I                 
00014ec6  ti_sysbios_family_msp430_Timer_stop__E                     
00014ef8  ti_sysbios_family_xxx_Hwi_switchAndRunFunc                 
00014f2a  xdc_runtime_Core_assignLabel__I                            
00014f5c  xdc_runtime_SysMin_abort__E                                
00014f5c  xdc_runtime_System_SupportProxy_abort__E                   
00014f8e  xdc_runtime_System_aprintf_va__E                           
00014f8e  xdc_runtime_System_aprintf_va__F                           
00014f8e  xdc_runtime_System_avprintf__E                             
00014fc0  xdc_runtime_System_printf_va__E                            
00014fc0  xdc_runtime_System_printf_va__F                            
00014fc0  xdc_runtime_System_vprintf__E                              
00014ff2  ti_sysbios_knl_Queue_put__E                                
00015022  ti_sysbios_knl_Task_Object__get__S                         
00015052  ti_sysbios_heaps_HeapMem_free__E                           
00015080  ti_sysbios_knl_Task_sleepTimeout__I                        
000150ae  ti_sysbios_knl_Clock_doTick__I                             
000150da  ti_sysbios_BIOS_atExitFunc__I                              
00015104  ti_sysbios_knl_Clock_Module_startup__E                     
0001512e  ti_sysbios_knl_Task_restoreHwi__E                          
00015158  xdc_runtime_SysMin_output__I                               
00015182  ti_sysbios_BIOS_errorRaiseHook__I                          
000151aa  ti_sysbios_BIOS_startFunc__I                               
000151d2  xdc_runtime_Text_cordText__E                               
000151fa  ti_sysbios_gates_GateMutex_Object__delete__S               
00015220  ti_sysbios_knl_Swi_Module_startup__E                       
00015246  __TI_zero_init                                             
0001526a  __mspabi_mpyl_f5hw                                         
0001528e  ti_sysbios_BIOS_rtsLock__I                                 
000152b2  ti_sysbios_gates_GateHwi_Object__delete__S                 
000152d6  ti_sysbios_heaps_HeapMem_Object__delete__S                 
000152fa  ti_sysbios_knl_Task_getMode__E                             
0001531e  ti_sysbios_knl_Clock_startI__E                             
00015340  ti_sysbios_knl_Idle_run__E                                 
00015362  ti_sysbios_knl_Task_unblock__E                             
00015384  xdc_runtime_Memory_valloc__E                               
000153a6  xdc_runtime_Error_check__E                                 
000153c6  ti_sysbios_BIOS_rtsUnlock__I                               
000153e4  ti_sysbios_family_msp430_Timer_Module__startupDone__F      
000153e4  ti_sysbios_family_msp430_Timer_Module__startupDone__S      
000153e4  ti_sysbios_knl_Clock_TimerProxy_Module__startupDone__S     
00015402  ti_sysbios_gates_GateHwi_Handle__label__S                  
00015402  xdc_runtime_Main_Module_GateProxy_Handle__label__S         
00015402  xdc_runtime_System_Module_GateProxy_Handle__label__S       
00015420  ti_sysbios_BIOS_RtsGateProxy_Handle__label__S              
00015420  ti_sysbios_gates_GateMutex_Handle__label__S                
00015420  ti_sysbios_heaps_HeapMem_Module_GateProxy_Handle__label__S 
0001543e  ti_sysbios_gates_GateMutex_Instance_init__E                
0001545c  ti_sysbios_gates_GateMutex_leave__E                        
0001547a  ti_sysbios_heaps_HeapMem_Handle__label__S                  
0001547a  xdc_runtime_Memory_HeapProxy_Handle__label__S              
00015498  ti_sysbios_knl_Task_enabled__E                             
000154b6  ti_sysbios_knl_Task_enter__I                               
000154d4  _ti_sysbios_family_msp430_TaskSupport_swap__E              
000154d4  ti_sysbios_family_msp430_TaskSupport_swap__E               
000154d4  ti_sysbios_knl_Task_SupportProxy_swap__E                   
000154f0  ti_sysbios_family_msp430_Hwi_Module__startupDone__F        
000154f0  ti_sysbios_family_msp430_Hwi_Module__startupDone__S        
000154f0  ti_sysbios_hal_Hwi_HwiProxy_Module__startupDone__S         
0001550c  xdc_runtime_Registry_findById__E                           
00015528  xdc_runtime_SysMin_Module_startup__E                       
00015544  ti_sysbios_BIOS_exitFunc__I                                
0001555e  ti_sysbios_BIOS_registerRTSLock__I                         
00015578  ti_sysbios_BIOS_removeRTSLock__I                           
00015592  ti_sysbios_knl_Semaphore_destruct                          
000155ac  xdc_runtime_System_snprintf_va__E                          
000155ac  xdc_runtime_System_snprintf_va__F                          
000155ac  xdc_runtime_System_vsnprintf__E                            
000155c6  __mspabi_mpyi_f5hw                                         
000155de  ti_sysbios_BIOS_setThreadType__E                           
000155f6  ti_sysbios_knl_Queue_destruct                              
0001560e  memset                                                     
00015624  __mspabi_divu                                              
00015624  __mspabi_remu                                              
0001563a  xdc_runtime_Error_init__E                                  
00015650  xdc_runtime_SysMin_exit__E                                 
00015650  xdc_runtime_System_SupportProxy_exit__E                    
00015666  xdc_runtime_System_abort__E                                
0001567c  memcpy                                                     
00015690  ti_sysbios_knl_Queue_Object__get__S                        
000156a4  xdc_runtime_Memory_calloc__E                               
000156b8  __TI_decompress_none                                       
000156ca  ti_sysbios_gates_GateHwi_leave__E                          
000156dc  xdc_runtime_Startup_exec__I                                
000156ee  xdc_runtime_System_aprintf__E                              
00015700  xdc_runtime_System_exit__E                                 
00015712  xdc_runtime_System_printf__E                               
00015724  xdc_runtime_Text_ropeText__E                               
00015736  _ti_sysbios_family_msp430_TaskSupport_glue                 
00015736  ti_sysbios_family_msp430_TaskSupport_glue                  
00015746  ti_sysbios_family_msp430_TaskSupport_checkStack__E         
00015746  ti_sysbios_knl_Task_SupportProxy_checkStack__E             
00015756  ti_sysbios_hal_Hwi_Module_startup__E                       
00015766  xdc_runtime_Text_visitRope__I                              
00015776  strlen                                                     
00015784  ti_sysbios_family_msp430_Timer_getMaxTicks__E              
00015792  ti_sysbios_gates_GateMutex_Instance_finalize__E            
000157a0  ti_sysbios_knl_Clock_getTicks__E                           
000157ae  ti_sysbios_knl_Queue_empty__E                              
000157bc  ti_sysbios_knl_Semaphore_Instance_finalize__E              
000157ca  ti_sysbios_knl_Swi_disable__E                              
000157d8  ti_sysbios_knl_Task_disable__E                             
000157e6  xdc_runtime_SysMin_ready__E                                
000157e6  xdc_runtime_System_SupportProxy_ready__E                   
000157f4  ti_catalog_msp430_init_Boot_init                           
000157f4  xdc_runtime_Startup_reset__I                               
00015800  __sti___12_xdc_init_cpp_cdf1056f                           
0001580c  ti_sysbios_BIOS_exit__E                                    
00015818  ti_sysbios_knl_Task_Params__init__S                        
00015824  xdc_runtime_Gate_leaveSystem__E                            
00015830  xdc_runtime_Memory_free__E                                 
0001583c  xdc_runtime_Startup_rtsDone__E                             
00015848  __mspabi_slli                                              
00015852  ti_sysbios_BIOS_start__E                                   
0001585c  ti_sysbios_family_msp430_Hwi_startup__E                    
0001585c  ti_sysbios_hal_Hwi_HwiProxy_startup__E                     
0001585c  ti_sysbios_hal_Hwi_startup__E                              
00015866  ti_sysbios_gates_GateHwi_enter__E                          
00015870  ti_sysbios_knl_Queue_Instance_init__E                      
0001587a  ti_catalog_msp430_init_Boot_disableWatchdog                
00015882  __xdc__init                                                
0001588a  ti_sysbios_family_msp430_Hwi_switchFromBootStack__E        
0001588a  ti_sysbios_hal_Hwi_HwiProxy_switchFromBootStack__E         
0001588a  ti_sysbios_hal_Hwi_switchFromBootStack__E                  
00015892  ti_sysbios_family_msp430_TaskSupport_getStackAlignment__E  
00015892  ti_sysbios_knl_Task_SupportProxy_getStackAlignment__E      
0001589a  xdc_runtime_Gate_enterSystem__E                            
000158a2  xdc_runtime_Memory_HeapProxy_alloc__E                      
000158aa  xdc_runtime_Memory_HeapProxy_free__E                       
000158b2  xdc_runtime_Memory_getMaxDefaultTypeAlign__E               
000158ba  _register_lock                                             
000158c0  _register_unlock                                           
000158c6  C$$EXIT                                                    
000158c6  abort                                                      
000158c6  xdc_runtime_System_abortStd__E                             
000158c6  xdc_runtime_System_exitStd__E                              
000158cc  ti_sysbios_heaps_HeapMem_isBlocking__E                     
000158d2  ti_sysbios_knl_Semaphore_getCount__E                       
000158d8  ti_sysbios_knl_Swi_startup__E                              
000158de  xdc_runtime_Error_getSite__E                               
000158e4  _system_pre_init                                           
000158e8  ti_sysbios_BIOS_RtsGateProxy_enter__E                      
000158ec  ti_sysbios_BIOS_RtsGateProxy_leave__E                      
000158f0  ti_sysbios_family_msp430_TaskSupport_Module__startupDone__S
000158f0  ti_sysbios_knl_Task_SupportProxy_Module__startupDone__S    
000158f4  ti_sysbios_gates_GateHwi_query__E                          
000158f4  xdc_runtime_Main_Module_GateProxy_query__E                 
000158f4  xdc_runtime_System_Module_GateProxy_query__E               
000158f8  ti_sysbios_BIOS_RtsGateProxy_query__E                      
000158f8  ti_sysbios_gates_GateMutex_query__E                        
000158f8  ti_sysbios_heaps_HeapMem_Module_GateProxy_query__E         
000158fc  ti_sysbios_heaps_HeapMem_Module_GateProxy_enter__E         
00015900  ti_sysbios_heaps_HeapMem_Module_GateProxy_leave__E         
00015904  ti_sysbios_knl_Clock_TimerProxy_getMaxTicks__E             
00015908  ti_sysbios_knl_Task_startup__E                             
0001590c  xdc_runtime_System_Module_GateProxy_enter__E               
00015910  xdc_runtime_System_Module_GateProxy_leave__E               
00015914  xdc_runtime_System_Module_startup__E                       
00015918  _nop                                                       
0001591a  _system_post_cinit                                         
0001591c  ti_sysbios_BIOS_linkedWithIncorrectBootLibrary__E          
0001591e  ti_sysbios_BIOS_nullFunc__I                                
00015920  ti_sysbios_gates_GateHwi_Instance_init__E                  
ffffffff  __TI_pprof_out_hndl                                        
ffffffff  __TI_prof_data_size                                        
ffffffff  __TI_prof_data_start                                       
ffffffff  __c_args__                                                 

[1283 symbols]
